<!doctype html public "-//w3c//dtd html 4.0 transitional//en">
<html><head>
<title>Static Call Graph - [.\output\TQ2440_Test.axf]</title></head>
<body><HR>
<H1>Static Call Graph for image .\output\TQ2440_Test.axf</H1><HR>
<BR><P>#&#060CALLGRAPH&#062# ARM Linker, 4.1 [Build 713]: Last Updated: Fri Apr 11 07:55:40 2014
<BR><P>
<H3>Maximum Stack Usage =       1416 bytes + Unknown(Functions without stacksize, Cycles, Untraceable Function Pointers)</H3><H3>
Call chain for Maximum Stack Depth:</H3>
[Anonymous Symbol] &rArr; Main &rArr; process_key &rArr; App_Main &rArr; InfoNES_Load &rArr; LoadRomImage &rArr; f_open &rArr; dir_register &rArr; dir_find &rArr; dir_next &rArr; create_chain &rArr; put_fat &rArr; move_window &rArr; disk_write &rArr; Write_Mult_Block &rArr; CMD25 &rArr; Chk_CMD_End &rArr; Uart_Printf &rArr; __c89vsprintf &rArr; _printf_char_common &rArr; __printf
<P>
<H3>
Functions with no stack information
</H3><UL>
 <LI><a href="#[c2]">__ENTRY</a>
 <LI><a href="#[c3]">StartPointAfterSleepWakeUp</a>
 <LI><a href="#[c4]">CLKDIV124</a>
 <LI><a href="#[c5]">CLKDIV144</a>
 <LI><a href="#[2d8]">EnterCritical</a>
 <LI><a href="#[2d9]">ExitCritical</a>
 <LI><a href="#[1c9]">SET_IF</a>
 <LI><a href="#[2da]">WR_IF</a>
 <LI><a href="#[1ca]">CLR_IF</a>
 <LI><a href="#[2db]">outportw</a>
 <LI><a href="#[2dc]">inportw</a>
 <LI><a href="#[1c5]">MMU_EnableICache</a>
 <LI><a href="#[1ba]">MMU_DisableICache</a>
 <LI><a href="#[1c6]">MMU_EnableDCache</a>
 <LI><a href="#[1b9]">MMU_DisableDCache</a>
 <LI><a href="#[1c3]">MMU_EnableAlignFault</a>
 <LI><a href="#[2dd]">MMU_DisableAlignFault</a>
 <LI><a href="#[1c4]">MMU_EnableMMU</a>
 <LI><a href="#[1bd]">MMU_DisableMMU</a>
 <LI><a href="#[187]">MMU_SetFastBusMode</a>
 <LI><a href="#[186]">MMU_SetAsyncBusMode</a>
 <LI><a href="#[1c0]">MMU_SetTTBase</a>
 <LI><a href="#[1c1]">MMU_SetDomain</a>
 <LI><a href="#[2de]">MMU_InvalidateIDCache</a>
 <LI><a href="#[1bc]">MMU_InvalidateICache</a>
 <LI><a href="#[2df]">MMU_InvalidateICacheMVA</a>
 <LI><a href="#[2e0]">MMU_PrefetchICacheMVA</a>
 <LI><a href="#[2e1]">MMU_InvalidateDCache</a>
 <LI><a href="#[2e2]">MMU_InvalidateDCacheMVA</a>
 <LI><a href="#[2e3]">MMU_CleanDCacheMVA</a>
 <LI><a href="#[2e4]">MMU_CleanInvalidateDCacheMVA</a>
 <LI><a href="#[2e5]">MMU_CleanDCacheIndex</a>
 <LI><a href="#[1bb]">MMU_CleanInvalidateDCacheIndex</a>
 <LI><a href="#[2e6]">MMU_WaitForInterrupt</a>
 <LI><a href="#[1be]">MMU_InvalidateTLB</a>
 <LI><a href="#[2e7]">MMU_InvalidateITLB</a>
 <LI><a href="#[2e8]">MMU_InvalidateITLBMVA</a>
 <LI><a href="#[2e9]">MMU_InvalidateDTLB</a>
 <LI><a href="#[2ea]">MMU_InvalidateDTLBMVA</a>
 <LI><a href="#[2eb]">MMU_SetDCacheLockdownBase</a>
 <LI><a href="#[2ec]">MMU_SetICacheLockdownBase</a>
 <LI><a href="#[2ed]">MMU_SetDTLBLockdown</a>
 <LI><a href="#[2ee]">MMU_SetITLBLockdown</a>
 <LI><a href="#[1c2]">MMU_SetProcessId</a>
 <LI><a href="#[4]">IsrIRQ</a>
 <LI><a href="#[2]">copy_proc_beg</a>
 <LI><a href="#[3]">[Anonymous Symbol]</a>
</UL>
</UL>
<P>
<H3>
Mutually Recursive functions
</H3> <LI><a href="#[f3]">scan_files</a>&nbsp;&nbsp;&nbsp;&rArr;&nbsp;&nbsp;&nbsp;<a href="#[f3]">scan_files</a><BR>
</UL>
<P>
<H3>
Function Pointers
</H3><UL>
 <LI><a href="#[3]">[Anonymous Symbol]</a> from 2440init.o(RESET) referenced from 2440init.o(RESET)
 <LI><a href="#[8]">AdcTsAuto</a> from touchpanel.o(.text) referenced from touchpanel.o(.text)
 <LI><a href="#[166]">CMD33</a> from sd_mmc.o(.text) referenced from sd_mmc.o(.text)
 <LI><a href="#[fb]">HaltDabort</a> from main.o(.text) referenced from main.o(.text)
 <LI><a href="#[fd]">HaltPabort</a> from main.o(.text) referenced from main.o(.text)
 <LI><a href="#[fe]">HaltSwi</a> from main.o(.text) referenced from main.o(.text)
 <LI><a href="#[ff]">HaltUndef</a> from main.o(.text) referenced from main.o(.text)
 <LI><a href="#[4]">IsrIRQ</a> from 2440init.o(RESET) referenced from 2440init.o(RESET)
 <LI><a href="#[c]">Map0_Apu</a> from infones_mapper.o(.text) referenced 23 times from infones_mapper.o(.text)
 <LI><a href="#[f]">Map0_HSync</a> from infones_mapper.o(.text) referenced 21 times from infones_mapper.o(.text)
 <LI><a href="#[32]">Map0_Init</a> from infones_mapper.o(.text) referenced from infones_mapper.o(.data)
 <LI><a href="#[32]">Map0_Init</a> from infones_mapper.o(.text) referenced 2 times from infones_mapper.o(.text)
 <LI><a href="#[10]">Map0_PPU</a> from infones_mapper.o(.text) referenced 23 times from infones_mapper.o(.text)
 <LI><a href="#[d]">Map0_ReadApu</a> from infones_mapper.o(.text) referenced 23 times from infones_mapper.o(.text)
 <LI><a href="#[11]">Map0_RenderScreen</a> from infones_mapper.o(.text) referenced 23 times from infones_mapper.o(.text)
 <LI><a href="#[b]">Map0_Sram</a> from infones_mapper.o(.text) referenced 22 times from infones_mapper.o(.text)
 <LI><a href="#[e]">Map0_VSync</a> from infones_mapper.o(.text) referenced 23 times from infones_mapper.o(.text)
 <LI><a href="#[14]">Map0_Write</a> from infones_mapper.o(.text) referenced 12 times from infones_mapper.o(.text)
 <LI><a href="#[2b]">Map100_HSync</a> from infones_mapper.o(.text) referenced from infones_mapper.o(.text)
 <LI><a href="#[87]">Map100_Init</a> from infones_mapper.o(.text) referenced from infones_mapper.o(.data)
 <LI><a href="#[87]">Map100_Init</a> from infones_mapper.o(.text) referenced from infones_mapper.o(.text)
 <LI><a href="#[2a]">Map100_Write</a> from infones_mapper.o(.text) referenced from infones_mapper.o(.text)
 <LI><a href="#[88]">Map101_Init</a> from infones_mapper.o(.text) referenced from infones_mapper.o(.data)
 <LI><a href="#[88]">Map101_Init</a> from infones_mapper.o(.text) referenced from infones_mapper.o(.text)
 <LI><a href="#[2d]">Map105_HSync</a> from infones_mapper.o(.text) referenced from infones_mapper.o(.text)
 <LI><a href="#[89]">Map105_Init</a> from infones_mapper.o(.text) referenced from infones_mapper.o(.data)
 <LI><a href="#[89]">Map105_Init</a> from infones_mapper.o(.text) referenced from infones_mapper.o(.text)
 <LI><a href="#[2c]">Map105_Write</a> from infones_mapper.o(.text) referenced from infones_mapper.o(.text)
 <LI><a href="#[8a]">Map107_Init</a> from infones_mapper.o(.text) referenced from infones_mapper.o(.data)
 <LI><a href="#[8a]">Map107_Init</a> from infones_mapper.o(.text) referenced from infones_mapper.o(.text)
 <LI><a href="#[8b]">Map108_Init</a> from infones_mapper.o(.text) referenced from infones_mapper.o(.data)
 <LI><a href="#[8b]">Map108_Init</a> from infones_mapper.o(.text) referenced from infones_mapper.o(.text)
 <LI><a href="#[272]">Map108_Write</a> from infones_mapper.o(.text) referenced from infones_mapper.o(.text)
 <LI><a href="#[8c]">Map109_Init</a> from infones_mapper.o(.text) referenced from infones_mapper.o(.data)
 <LI><a href="#[8c]">Map109_Init</a> from infones_mapper.o(.text) referenced from infones_mapper.o(.text)
 <LI><a href="#[46]">Map10_Init</a> from infones_mapper.o(.text) referenced from infones_mapper.o(.data)
 <LI><a href="#[46]">Map10_Init</a> from infones_mapper.o(.text) referenced from infones_mapper.o(.text)
 <LI><a href="#[8d]">Map110_Init</a> from infones_mapper.o(.text) referenced from infones_mapper.o(.data)
 <LI><a href="#[8d]">Map110_Init</a> from infones_mapper.o(.text) referenced from infones_mapper.o(.text)
 <LI><a href="#[8e]">Map112_Init</a> from infones_mapper.o(.text) referenced from infones_mapper.o(.data)
 <LI><a href="#[8e]">Map112_Init</a> from infones_mapper.o(.text) referenced from infones_mapper.o(.text)
 <LI><a href="#[8f]">Map113_Init</a> from infones_mapper.o(.text) referenced from infones_mapper.o(.data)
 <LI><a href="#[8f]">Map113_Init</a> from infones_mapper.o(.text) referenced from infones_mapper.o(.text)
 <LI><a href="#[2e]">Map114_HSync</a> from infones_mapper.o(.text) referenced from infones_mapper.o(.text)
 <LI><a href="#[90]">Map114_Init</a> from infones_mapper.o(.text) referenced from infones_mapper.o(.data)
 <LI><a href="#[90]">Map114_Init</a> from infones_mapper.o(.text) referenced from infones_mapper.o(.text)
 <LI><a href="#[91]">Map115_Init</a> from infones_mapper.o(.text) referenced from infones_mapper.o(.data)
 <LI><a href="#[91]">Map115_Init</a> from infones_mapper.o(.text) referenced from infones_mapper.o(.text)
 <LI><a href="#[92]">Map116_Init</a> from infones_mapper.o(.text) referenced from infones_mapper.o(.data)
 <LI><a href="#[92]">Map116_Init</a> from infones_mapper.o(.text) referenced from infones_mapper.o(.text)
 <LI><a href="#[30]">Map117_HSync</a> from infones_mapper.o(.text) referenced from infones_mapper.o(.text)
 <LI><a href="#[93]">Map117_Init</a> from infones_mapper.o(.text) referenced from infones_mapper.o(.data)
 <LI><a href="#[93]">Map117_Init</a> from infones_mapper.o(.text) referenced from infones_mapper.o(.text)
 <LI><a href="#[2f]">Map117_Write</a> from infones_mapper.o(.text) referenced from infones_mapper.o(.text)
 <LI><a href="#[94]">Map118_Init</a> from infones_mapper.o(.text) referenced from infones_mapper.o(.data)
 <LI><a href="#[94]">Map118_Init</a> from infones_mapper.o(.text) referenced from infones_mapper.o(.text)
 <LI><a href="#[95]">Map119_Init</a> from infones_mapper.o(.text) referenced from infones_mapper.o(.data)
 <LI><a href="#[95]">Map119_Init</a> from infones_mapper.o(.text) referenced from infones_mapper.o(.text)
 <LI><a href="#[47]">Map11_Init</a> from infones_mapper.o(.text) referenced from infones_mapper.o(.data)
 <LI><a href="#[47]">Map11_Init</a> from infones_mapper.o(.text) referenced from infones_mapper.o(.text)
 <LI><a href="#[96]">Map122_Init</a> from infones_mapper.o(.text) referenced from infones_mapper.o(.data)
 <LI><a href="#[96]">Map122_Init</a> from infones_mapper.o(.text) referenced from infones_mapper.o(.text)
 <LI><a href="#[97]">Map133_Init</a> from infones_mapper.o(.text) referenced from infones_mapper.o(.data)
 <LI><a href="#[97]">Map133_Init</a> from infones_mapper.o(.text) referenced from infones_mapper.o(.text)
 <LI><a href="#[31]">Map134_Apu</a> from infones_mapper.o(.text) referenced from infones_mapper.o(.text)
 <LI><a href="#[98]">Map134_Init</a> from infones_mapper.o(.text) referenced from infones_mapper.o(.data)
 <LI><a href="#[98]">Map134_Init</a> from infones_mapper.o(.text) referenced from infones_mapper.o(.text)
 <LI><a href="#[99]">Map135_Init</a> from infones_mapper.o(.text) referenced from infones_mapper.o(.data)
 <LI><a href="#[99]">Map135_Init</a> from infones_mapper.o(.text) referenced from infones_mapper.o(.text)
 <LI><a href="#[48]">Map13_Init</a> from infones_mapper.o(.text) referenced from infones_mapper.o(.data)
 <LI><a href="#[48]">Map13_Init</a> from infones_mapper.o(.text) referenced from infones_mapper.o(.text)
 <LI><a href="#[9a]">Map140_Init</a> from infones_mapper.o(.text) referenced from infones_mapper.o(.data)
 <LI><a href="#[291]">Map140_Sram</a> from infones_mapper.o(.text) referenced from infones_mapper.o(.text)
 <LI><a href="#[9b]">Map151_Init</a> from infones_mapper.o(.text) referenced from infones_mapper.o(.data)
 <LI><a href="#[9b]">Map151_Init</a> from infones_mapper.o(.text) referenced from infones_mapper.o(.text)
 <LI><a href="#[49]">Map15_Init</a> from infones_mapper.o(.text) referenced from infones_mapper.o(.data)
 <LI><a href="#[49]">Map15_Init</a> from infones_mapper.o(.text) referenced from infones_mapper.o(.text)
 <LI><a href="#[9c]">Map160_Init</a> from infones_mapper.o(.text) referenced from infones_mapper.o(.data)
 <LI><a href="#[9c]">Map160_Init</a> from infones_mapper.o(.text) referenced from infones_mapper.o(.text)
 <LI><a href="#[33]">Map160_Write</a> from infones_mapper.o(.text) referenced from infones_mapper.o(.text)
 <LI><a href="#[4a]">Map16_Init</a> from infones_mapper.o(.text) referenced from infones_mapper.o(.data)
 <LI><a href="#[4a]">Map16_Init</a> from infones_mapper.o(.text) referenced from infones_mapper.o(.text)
 <LI><a href="#[15]">Map17_Apu</a> from infones_mapper.o(.text) referenced from infones_mapper.o(.text)
 <LI><a href="#[16]">Map17_HSync</a> from infones_mapper.o(.text) referenced from infones_mapper.o(.text)
 <LI><a href="#[4b]">Map17_Init</a> from infones_mapper.o(.text) referenced from infones_mapper.o(.data)
 <LI><a href="#[4b]">Map17_Init</a> from infones_mapper.o(.text) referenced from infones_mapper.o(.text)
 <LI><a href="#[9d]">Map180_Init</a> from infones_mapper.o(.text) referenced from infones_mapper.o(.data)
 <LI><a href="#[9d]">Map180_Init</a> from infones_mapper.o(.text) referenced from infones_mapper.o(.text)
 <LI><a href="#[294]">Map180_Write</a> from infones_mapper.o(.text) referenced from infones_mapper.o(.text)
 <LI><a href="#[9e]">Map181_Init</a> from infones_mapper.o(.text) referenced from infones_mapper.o(.data)
 <LI><a href="#[9e]">Map181_Init</a> from infones_mapper.o(.text) referenced from infones_mapper.o(.text)
 <LI><a href="#[9f]">Map182_Init</a> from infones_mapper.o(.text) referenced from infones_mapper.o(.data)
 <LI><a href="#[9f]">Map182_Init</a> from infones_mapper.o(.text) referenced from infones_mapper.o(.text)
 <LI><a href="#[a0]">Map183_Init</a> from infones_mapper.o(.text) referenced from infones_mapper.o(.data)
 <LI><a href="#[a0]">Map183_Init</a> from infones_mapper.o(.text) referenced from infones_mapper.o(.text)
 <LI><a href="#[34]">Map183_Write</a> from infones_mapper.o(.text) referenced from infones_mapper.o(.text)
 <LI><a href="#[a1]">Map185_Init</a> from infones_mapper.o(.text) referenced from infones_mapper.o(.data)
 <LI><a href="#[a1]">Map185_Init</a> from infones_mapper.o(.text) referenced from infones_mapper.o(.text)
 <LI><a href="#[297]">Map185_Write</a> from infones_mapper.o(.text) referenced from infones_mapper.o(.text)
 <LI><a href="#[a2]">Map187_Init</a> from infones_mapper.o(.text) referenced from infones_mapper.o(.data)
 <LI><a href="#[a2]">Map187_Init</a> from infones_mapper.o(.text) referenced from infones_mapper.o(.text)
 <LI><a href="#[35]">Map187_ReadApu</a> from infones_mapper.o(.text) referenced from infones_mapper.o(.text)
 <LI><a href="#[36]">Map189_HSync</a> from infones_mapper.o(.text) referenced from infones_mapper.o(.text)
 <LI><a href="#[a3]">Map189_Init</a> from infones_mapper.o(.text) referenced from infones_mapper.o(.data)
 <LI><a href="#[a3]">Map189_Init</a> from infones_mapper.o(.text) referenced from infones_mapper.o(.text)
 <LI><a href="#[4c]">Map18_Init</a> from infones_mapper.o(.text) referenced from infones_mapper.o(.data)
 <LI><a href="#[4c]">Map18_Init</a> from infones_mapper.o(.text) referenced from infones_mapper.o(.text)
 <LI><a href="#[17]">Map18_Write</a> from infones_mapper.o(.text) referenced from infones_mapper.o(.text)
 <LI><a href="#[a4]">Map191_Init</a> from infones_mapper.o(.text) referenced from infones_mapper.o(.data)
 <LI><a href="#[a4]">Map191_Init</a> from infones_mapper.o(.text) referenced from infones_mapper.o(.text)
 <LI><a href="#[a5]">Map193_Init</a> from infones_mapper.o(.text) referenced from infones_mapper.o(.data)
 <LI><a href="#[a5]">Map193_Init</a> from infones_mapper.o(.text) referenced from infones_mapper.o(.text)
 <LI><a href="#[a6]">Map194_Init</a> from infones_mapper.o(.text) referenced from infones_mapper.o(.data)
 <LI><a href="#[a6]">Map194_Init</a> from infones_mapper.o(.text) referenced from infones_mapper.o(.text)
 <LI><a href="#[2a2]">Map194_Write</a> from infones_mapper.o(.text) referenced from infones_mapper.o(.text)
 <LI><a href="#[3f]">Map1_Init</a> from infones_mapper.o(.text) referenced from infones_mapper.o(.data)
 <LI><a href="#[3f]">Map1_Init</a> from infones_mapper.o(.text) referenced from infones_mapper.o(.text)
 <LI><a href="#[a]">Map1_Write</a> from infones_mapper.o(.text) referenced from infones_mapper.o(.text)
 <LI><a href="#[a7]">Map200_Init</a> from infones_mapper.o(.text) referenced from infones_mapper.o(.data)
 <LI><a href="#[a7]">Map200_Init</a> from infones_mapper.o(.text) referenced from infones_mapper.o(.text)
 <LI><a href="#[a8]">Map201_Init</a> from infones_mapper.o(.text) referenced from infones_mapper.o(.data)
 <LI><a href="#[a8]">Map201_Init</a> from infones_mapper.o(.text) referenced from infones_mapper.o(.text)
 <LI><a href="#[2a6]">Map202_Apu</a> from infones_mapper.o(.text) referenced from infones_mapper.o(.text)
 <LI><a href="#[a9]">Map202_Init</a> from infones_mapper.o(.text) referenced from infones_mapper.o(.data)
 <LI><a href="#[a9]">Map202_Init</a> from infones_mapper.o(.text) referenced from infones_mapper.o(.text)
 <LI><a href="#[2a7]">Map202_Write</a> from infones_mapper.o(.text) referenced from infones_mapper.o(.text)
 <LI><a href="#[4d]">Map21_Init</a> from infones_mapper.o(.text) referenced from infones_mapper.o(.data)
 <LI><a href="#[4d]">Map21_Init</a> from infones_mapper.o(.text) referenced from infones_mapper.o(.text)
 <LI><a href="#[aa]">Map222_Init</a> from infones_mapper.o(.text) referenced from infones_mapper.o(.data)
 <LI><a href="#[aa]">Map222_Init</a> from infones_mapper.o(.text) referenced from infones_mapper.o(.text)
 <LI><a href="#[ab]">Map225_Init</a> from infones_mapper.o(.text) referenced from infones_mapper.o(.data)
 <LI><a href="#[ab]">Map225_Init</a> from infones_mapper.o(.text) referenced from infones_mapper.o(.text)
 <LI><a href="#[ac]">Map226_Init</a> from infones_mapper.o(.text) referenced from infones_mapper.o(.data)
 <LI><a href="#[ac]">Map226_Init</a> from infones_mapper.o(.text) referenced from infones_mapper.o(.text)
 <LI><a href="#[ad]">Map227_Init</a> from infones_mapper.o(.text) referenced from infones_mapper.o(.data)
 <LI><a href="#[ad]">Map227_Init</a> from infones_mapper.o(.text) referenced from infones_mapper.o(.text)
 <LI><a href="#[ae]">Map228_Init</a> from infones_mapper.o(.text) referenced from infones_mapper.o(.data)
 <LI><a href="#[ae]">Map228_Init</a> from infones_mapper.o(.text) referenced from infones_mapper.o(.text)
 <LI><a href="#[af]">Map229_Init</a> from infones_mapper.o(.text) referenced from infones_mapper.o(.data)
 <LI><a href="#[af]">Map229_Init</a> from infones_mapper.o(.text) referenced from infones_mapper.o(.text)
 <LI><a href="#[4e]">Map22_Init</a> from infones_mapper.o(.text) referenced from infones_mapper.o(.data)
 <LI><a href="#[4e]">Map22_Init</a> from infones_mapper.o(.text) referenced from infones_mapper.o(.text)
 <LI><a href="#[b0]">Map230_Init</a> from infones_mapper.o(.text) referenced from infones_mapper.o(.data)
 <LI><a href="#[b0]">Map230_Init</a> from infones_mapper.o(.text) referenced from infones_mapper.o(.text)
 <LI><a href="#[b1]">Map231_Init</a> from infones_mapper.o(.text) referenced from infones_mapper.o(.data)
 <LI><a href="#[b1]">Map231_Init</a> from infones_mapper.o(.text) referenced from infones_mapper.o(.text)
 <LI><a href="#[b2]">Map232_Init</a> from infones_mapper.o(.text) referenced from infones_mapper.o(.data)
 <LI><a href="#[b2]">Map232_Init</a> from infones_mapper.o(.text) referenced from infones_mapper.o(.text)
 <LI><a href="#[b3]">Map233_Init</a> from infones_mapper.o(.text) referenced from infones_mapper.o(.data)
 <LI><a href="#[b3]">Map233_Init</a> from infones_mapper.o(.text) referenced from infones_mapper.o(.text)
 <LI><a href="#[b4]">Map234_Init</a> from infones_mapper.o(.text) referenced from infones_mapper.o(.data)
 <LI><a href="#[b4]">Map234_Init</a> from infones_mapper.o(.text) referenced from infones_mapper.o(.text)
 <LI><a href="#[2b3]">Map234_Write</a> from infones_mapper.o(.text) referenced from infones_mapper.o(.text)
 <LI><a href="#[b5]">Map236_Init</a> from infones_mapper.o(.text) referenced from infones_mapper.o(.data)
 <LI><a href="#[b5]">Map236_Init</a> from infones_mapper.o(.text) referenced from infones_mapper.o(.text)
 <LI><a href="#[37]">Map236_Write</a> from infones_mapper.o(.text) referenced from infones_mapper.o(.text)
 <LI><a href="#[4f]">Map23_Init</a> from infones_mapper.o(.text) referenced from infones_mapper.o(.data)
 <LI><a href="#[4f]">Map23_Init</a> from infones_mapper.o(.text) referenced from infones_mapper.o(.text)
 <LI><a href="#[18]">Map23_Write</a> from infones_mapper.o(.text) referenced from infones_mapper.o(.text)
 <LI><a href="#[b6]">Map240_Init</a> from infones_mapper.o(.text) referenced from infones_mapper.o(.data)
 <LI><a href="#[b6]">Map240_Init</a> from infones_mapper.o(.text) referenced from infones_mapper.o(.text)
 <LI><a href="#[b7]">Map241_Init</a> from infones_mapper.o(.text) referenced from infones_mapper.o(.data)
 <LI><a href="#[b7]">Map241_Init</a> from infones_mapper.o(.text) referenced from infones_mapper.o(.text)
 <LI><a href="#[b8]">Map242_Init</a> from infones_mapper.o(.text) referenced from infones_mapper.o(.data)
 <LI><a href="#[b8]">Map242_Init</a> from infones_mapper.o(.text) referenced from infones_mapper.o(.text)
 <LI><a href="#[2b6]">Map242_Write</a> from infones_mapper.o(.text) referenced from infones_mapper.o(.text)
 <LI><a href="#[38]">Map243_Apu</a> from infones_mapper.o(.text) referenced from infones_mapper.o(.text)
 <LI><a href="#[b9]">Map243_Init</a> from infones_mapper.o(.text) referenced from infones_mapper.o(.data)
 <LI><a href="#[b9]">Map243_Init</a> from infones_mapper.o(.text) referenced from infones_mapper.o(.text)
 <LI><a href="#[ba]">Map244_Init</a> from infones_mapper.o(.text) referenced from infones_mapper.o(.data)
 <LI><a href="#[ba]">Map244_Init</a> from infones_mapper.o(.text) referenced from infones_mapper.o(.text)
 <LI><a href="#[bb]">Map245_Init</a> from infones_mapper.o(.text) referenced from infones_mapper.o(.data)
 <LI><a href="#[bb]">Map245_Init</a> from infones_mapper.o(.text) referenced from infones_mapper.o(.text)
 <LI><a href="#[bc]">Map246_Init</a> from infones_mapper.o(.text) referenced from infones_mapper.o(.data)
 <LI><a href="#[bc]">Map246_Init</a> from infones_mapper.o(.text) referenced from infones_mapper.o(.text)
 <LI><a href="#[bd]">Map248_Init</a> from infones_mapper.o(.text) referenced from infones_mapper.o(.data)
 <LI><a href="#[bd]">Map248_Init</a> from infones_mapper.o(.text) referenced from infones_mapper.o(.text)
 <LI><a href="#[39]">Map249_Apu</a> from infones_mapper.o(.text) referenced from infones_mapper.o(.text)
 <LI><a href="#[3a]">Map249_HSync</a> from infones_mapper.o(.text) referenced from infones_mapper.o(.text)
 <LI><a href="#[be]">Map249_Init</a> from infones_mapper.o(.text) referenced from infones_mapper.o(.data)
 <LI><a href="#[be]">Map249_Init</a> from infones_mapper.o(.text) referenced from infones_mapper.o(.text)
 <LI><a href="#[50]">Map24_Init</a> from infones_mapper.o(.text) referenced from infones_mapper.o(.data)
 <LI><a href="#[50]">Map24_Init</a> from infones_mapper.o(.text) referenced from infones_mapper.o(.text)
 <LI><a href="#[bf]">Map251_Init</a> from infones_mapper.o(.text) referenced from infones_mapper.o(.data)
 <LI><a href="#[bf]">Map251_Init</a> from infones_mapper.o(.text) referenced from infones_mapper.o(.text)
 <LI><a href="#[2c2]">Map251_Write</a> from infones_mapper.o(.text) referenced from infones_mapper.o(.text)
 <LI><a href="#[3c]">Map252_HSync</a> from infones_mapper.o(.text) referenced from infones_mapper.o(.text)
 <LI><a href="#[c0]">Map252_Init</a> from infones_mapper.o(.text) referenced from infones_mapper.o(.data)
 <LI><a href="#[c0]">Map252_Init</a> from infones_mapper.o(.text) referenced from infones_mapper.o(.text)
 <LI><a href="#[3b]">Map252_Write</a> from infones_mapper.o(.text) referenced from infones_mapper.o(.text)
 <LI><a href="#[3d]">Map255_Apu</a> from infones_mapper.o(.text) referenced from infones_mapper.o(.text)
 <LI><a href="#[c1]">Map255_Init</a> from infones_mapper.o(.text) referenced from infones_mapper.o(.data)
 <LI><a href="#[c1]">Map255_Init</a> from infones_mapper.o(.text) referenced from infones_mapper.o(.text)
 <LI><a href="#[3e]">Map255_ReadApu</a> from infones_mapper.o(.text) referenced from infones_mapper.o(.text)
 <LI><a href="#[19]">Map25_HSync</a> from infones_mapper.o(.text) referenced from infones_mapper.o(.text)
 <LI><a href="#[51]">Map25_Init</a> from infones_mapper.o(.text) referenced from infones_mapper.o(.data)
 <LI><a href="#[51]">Map25_Init</a> from infones_mapper.o(.text) referenced from infones_mapper.o(.text)
 <LI><a href="#[1b]">Map26_HSync</a> from infones_mapper.o(.text) referenced from infones_mapper.o(.text)
 <LI><a href="#[52]">Map26_Init</a> from infones_mapper.o(.text) referenced from infones_mapper.o(.data)
 <LI><a href="#[52]">Map26_Init</a> from infones_mapper.o(.text) referenced from infones_mapper.o(.text)
 <LI><a href="#[1a]">Map26_Write</a> from infones_mapper.o(.text) referenced from infones_mapper.o(.text)
 <LI><a href="#[40]">Map2_Init</a> from infones_mapper.o(.text) referenced from infones_mapper.o(.data)
 <LI><a href="#[40]">Map2_Init</a> from infones_mapper.o(.text) referenced from infones_mapper.o(.text)
 <LI><a href="#[210]">Map2_Write</a> from infones_mapper.o(.text) referenced from infones_mapper.o(.text)
 <LI><a href="#[53]">Map32_Init</a> from infones_mapper.o(.text) referenced from infones_mapper.o(.data)
 <LI><a href="#[53]">Map32_Init</a> from infones_mapper.o(.text) referenced from infones_mapper.o(.text)
 <LI><a href="#[54]">Map33_Init</a> from infones_mapper.o(.text) referenced from infones_mapper.o(.data)
 <LI><a href="#[54]">Map33_Init</a> from infones_mapper.o(.text) referenced from infones_mapper.o(.text)
 <LI><a href="#[55]">Map34_Init</a> from infones_mapper.o(.text) referenced from infones_mapper.o(.data)
 <LI><a href="#[55]">Map34_Init</a> from infones_mapper.o(.text) referenced from infones_mapper.o(.text)
 <LI><a href="#[225]">Map34_Write</a> from infones_mapper.o(.text) referenced from infones_mapper.o(.text)
 <LI><a href="#[41]">Map3_Init</a> from infones_mapper.o(.text) referenced from infones_mapper.o(.data)
 <LI><a href="#[41]">Map3_Init</a> from infones_mapper.o(.text) referenced from infones_mapper.o(.text)
 <LI><a href="#[56]">Map40_Init</a> from infones_mapper.o(.text) referenced from infones_mapper.o(.data)
 <LI><a href="#[56]">Map40_Init</a> from infones_mapper.o(.text) referenced from infones_mapper.o(.text)
 <LI><a href="#[226]">Map40_Write</a> from infones_mapper.o(.text) referenced from infones_mapper.o(.text)
 <LI><a href="#[57]">Map41_Init</a> from infones_mapper.o(.text) referenced from infones_mapper.o(.data)
 <LI><a href="#[57]">Map41_Init</a> from infones_mapper.o(.text) referenced from infones_mapper.o(.text)
 <LI><a href="#[58]">Map42_Init</a> from infones_mapper.o(.text) referenced from infones_mapper.o(.data)
 <LI><a href="#[58]">Map42_Init</a> from infones_mapper.o(.text) referenced from infones_mapper.o(.text)
 <LI><a href="#[229]">Map42_Write</a> from infones_mapper.o(.text) referenced from infones_mapper.o(.text)
 <LI><a href="#[59]">Map43_Init</a> from infones_mapper.o(.text) referenced from infones_mapper.o(.data)
 <LI><a href="#[59]">Map43_Init</a> from infones_mapper.o(.text) referenced from infones_mapper.o(.text)
 <LI><a href="#[22a]">Map43_Write</a> from infones_mapper.o(.text) referenced from infones_mapper.o(.text)
 <LI><a href="#[5a]">Map44_Init</a> from infones_mapper.o(.text) referenced from infones_mapper.o(.data)
 <LI><a href="#[5a]">Map44_Init</a> from infones_mapper.o(.text) referenced from infones_mapper.o(.text)
 <LI><a href="#[1e]">Map45_HSync</a> from infones_mapper.o(.text) referenced from infones_mapper.o(.text)
 <LI><a href="#[5b]">Map45_Init</a> from infones_mapper.o(.text) referenced from infones_mapper.o(.data)
 <LI><a href="#[5b]">Map45_Init</a> from infones_mapper.o(.text) referenced from infones_mapper.o(.text)
 <LI><a href="#[1d]">Map45_Sram</a> from infones_mapper.o(.text) referenced from infones_mapper.o(.text)
 <LI><a href="#[1c]">Map45_Write</a> from infones_mapper.o(.text) referenced from infones_mapper.o(.text)
 <LI><a href="#[5c]">Map46_Init</a> from infones_mapper.o(.text) referenced from infones_mapper.o(.data)
 <LI><a href="#[5c]">Map46_Init</a> from infones_mapper.o(.text) referenced from infones_mapper.o(.text)
 <LI><a href="#[234]">Map46_Sram</a> from infones_mapper.o(.text) referenced from infones_mapper.o(.text)
 <LI><a href="#[235]">Map46_Write</a> from infones_mapper.o(.text) referenced from infones_mapper.o(.text)
 <LI><a href="#[5d]">Map47_Init</a> from infones_mapper.o(.text) referenced from infones_mapper.o(.data)
 <LI><a href="#[5d]">Map47_Init</a> from infones_mapper.o(.text) referenced from infones_mapper.o(.text)
 <LI><a href="#[5e]">Map48_Init</a> from infones_mapper.o(.text) referenced from infones_mapper.o(.data)
 <LI><a href="#[5e]">Map48_Init</a> from infones_mapper.o(.text) referenced from infones_mapper.o(.text)
 <LI><a href="#[1f]">Map49_HSync</a> from infones_mapper.o(.text) referenced from infones_mapper.o(.text)
 <LI><a href="#[5f]">Map49_Init</a> from infones_mapper.o(.text) referenced from infones_mapper.o(.data)
 <LI><a href="#[5f]">Map49_Init</a> from infones_mapper.o(.text) referenced from infones_mapper.o(.text)
 <LI><a href="#[12]">Map4_HSync</a> from infones_mapper.o(.text) referenced from infones_mapper.o(.text)
 <LI><a href="#[42]">Map4_Init</a> from infones_mapper.o(.text) referenced from infones_mapper.o(.data)
 <LI><a href="#[42]">Map4_Init</a> from infones_mapper.o(.text) referenced from infones_mapper.o(.text)
 <LI><a href="#[23f]">Map50_Apu</a> from infones_mapper.o(.text) referenced from infones_mapper.o(.text)
 <LI><a href="#[60]">Map50_Init</a> from infones_mapper.o(.text) referenced from infones_mapper.o(.data)
 <LI><a href="#[60]">Map50_Init</a> from infones_mapper.o(.text) referenced from infones_mapper.o(.text)
 <LI><a href="#[61]">Map51_Init</a> from infones_mapper.o(.text) referenced from infones_mapper.o(.data)
 <LI><a href="#[61]">Map51_Init</a> from infones_mapper.o(.text) referenced from infones_mapper.o(.text)
 <LI><a href="#[241]">Map51_Sram</a> from infones_mapper.o(.text) referenced from infones_mapper.o(.text)
 <LI><a href="#[242]">Map51_Write</a> from infones_mapper.o(.text) referenced from infones_mapper.o(.text)
 <LI><a href="#[62]">Map57_Init</a> from infones_mapper.o(.text) referenced from infones_mapper.o(.data)
 <LI><a href="#[62]">Map57_Init</a> from infones_mapper.o(.text) referenced from infones_mapper.o(.text)
 <LI><a href="#[20]">Map57_Write</a> from infones_mapper.o(.text) referenced from infones_mapper.o(.text)
 <LI><a href="#[63]">Map58_Init</a> from infones_mapper.o(.text) referenced from infones_mapper.o(.data)
 <LI><a href="#[63]">Map58_Init</a> from infones_mapper.o(.text) referenced from infones_mapper.o(.text)
 <LI><a href="#[64]">Map60_Init</a> from infones_mapper.o(.text) referenced from infones_mapper.o(.data)
 <LI><a href="#[64]">Map60_Init</a> from infones_mapper.o(.text) referenced from infones_mapper.o(.text)
 <LI><a href="#[65]">Map61_Init</a> from infones_mapper.o(.text) referenced from infones_mapper.o(.data)
 <LI><a href="#[65]">Map61_Init</a> from infones_mapper.o(.text) referenced from infones_mapper.o(.text)
 <LI><a href="#[66]">Map62_Init</a> from infones_mapper.o(.text) referenced from infones_mapper.o(.data)
 <LI><a href="#[66]">Map62_Init</a> from infones_mapper.o(.text) referenced from infones_mapper.o(.text)
 <LI><a href="#[67]">Map64_Init</a> from infones_mapper.o(.text) referenced from infones_mapper.o(.data)
 <LI><a href="#[67]">Map64_Init</a> from infones_mapper.o(.text) referenced from infones_mapper.o(.text)
 <LI><a href="#[21]">Map64_Write</a> from infones_mapper.o(.text) referenced from infones_mapper.o(.text)
 <LI><a href="#[22]">Map65_HSync</a> from infones_mapper.o(.text) referenced from infones_mapper.o(.text)
 <LI><a href="#[68]">Map65_Init</a> from infones_mapper.o(.text) referenced from infones_mapper.o(.data)
 <LI><a href="#[68]">Map65_Init</a> from infones_mapper.o(.text) referenced from infones_mapper.o(.text)
 <LI><a href="#[69]">Map66_Init</a> from infones_mapper.o(.text) referenced from infones_mapper.o(.data)
 <LI><a href="#[69]">Map66_Init</a> from infones_mapper.o(.text) referenced from infones_mapper.o(.text)
 <LI><a href="#[6a]">Map67_Init</a> from infones_mapper.o(.text) referenced from infones_mapper.o(.data)
 <LI><a href="#[6a]">Map67_Init</a> from infones_mapper.o(.text) referenced from infones_mapper.o(.text)
 <LI><a href="#[6b]">Map68_Init</a> from infones_mapper.o(.text) referenced from infones_mapper.o(.data)
 <LI><a href="#[6b]">Map68_Init</a> from infones_mapper.o(.text) referenced from infones_mapper.o(.text)
 <LI><a href="#[6c]">Map69_Init</a> from infones_mapper.o(.text) referenced from infones_mapper.o(.data)
 <LI><a href="#[6c]">Map69_Init</a> from infones_mapper.o(.text) referenced from infones_mapper.o(.text)
 <LI><a href="#[6d]">Map70_Init</a> from infones_mapper.o(.text) referenced from infones_mapper.o(.data)
 <LI><a href="#[6d]">Map70_Init</a> from infones_mapper.o(.text) referenced from infones_mapper.o(.text)
 <LI><a href="#[6e]">Map71_Init</a> from infones_mapper.o(.text) referenced from infones_mapper.o(.data)
 <LI><a href="#[6e]">Map71_Init</a> from infones_mapper.o(.text) referenced from infones_mapper.o(.text)
 <LI><a href="#[24e]">Map71_Write</a> from infones_mapper.o(.text) referenced from infones_mapper.o(.text)
 <LI><a href="#[6f]">Map72_Init</a> from infones_mapper.o(.text) referenced from infones_mapper.o(.data)
 <LI><a href="#[6f]">Map72_Init</a> from infones_mapper.o(.text) referenced from infones_mapper.o(.text)
 <LI><a href="#[70]">Map73_Init</a> from infones_mapper.o(.text) referenced from infones_mapper.o(.data)
 <LI><a href="#[70]">Map73_Init</a> from infones_mapper.o(.text) referenced from infones_mapper.o(.text)
 <LI><a href="#[23]">Map74_HSync</a> from infones_mapper.o(.text) referenced from infones_mapper.o(.text)
 <LI><a href="#[71]">Map74_Init</a> from infones_mapper.o(.text) referenced from infones_mapper.o(.data)
 <LI><a href="#[71]">Map74_Init</a> from infones_mapper.o(.text) referenced from infones_mapper.o(.text)
 <LI><a href="#[72]">Map75_Init</a> from infones_mapper.o(.text) referenced from infones_mapper.o(.data)
 <LI><a href="#[72]">Map75_Init</a> from infones_mapper.o(.text) referenced from infones_mapper.o(.text)
 <LI><a href="#[73]">Map76_Init</a> from infones_mapper.o(.text) referenced from infones_mapper.o(.data)
 <LI><a href="#[73]">Map76_Init</a> from infones_mapper.o(.text) referenced from infones_mapper.o(.text)
 <LI><a href="#[74]">Map77_Init</a> from infones_mapper.o(.text) referenced from infones_mapper.o(.data)
 <LI><a href="#[74]">Map77_Init</a> from infones_mapper.o(.text) referenced from infones_mapper.o(.text)
 <LI><a href="#[256]">Map77_Write</a> from infones_mapper.o(.text) referenced from infones_mapper.o(.text)
 <LI><a href="#[75]">Map78_Init</a> from infones_mapper.o(.text) referenced from infones_mapper.o(.data)
 <LI><a href="#[75]">Map78_Init</a> from infones_mapper.o(.text) referenced from infones_mapper.o(.text)
 <LI><a href="#[76]">Map79_Init</a> from infones_mapper.o(.text) referenced from infones_mapper.o(.data)
 <LI><a href="#[76]">Map79_Init</a> from infones_mapper.o(.text) referenced from infones_mapper.o(.text)
 <LI><a href="#[43]">Map7_Init</a> from infones_mapper.o(.text) referenced from infones_mapper.o(.data)
 <LI><a href="#[43]">Map7_Init</a> from infones_mapper.o(.text) referenced from infones_mapper.o(.text)
 <LI><a href="#[215]">Map7_Write</a> from infones_mapper.o(.text) referenced from infones_mapper.o(.text)
 <LI><a href="#[77]">Map80_Init</a> from infones_mapper.o(.text) referenced from infones_mapper.o(.data)
 <LI><a href="#[77]">Map80_Init</a> from infones_mapper.o(.text) referenced from infones_mapper.o(.text)
 <LI><a href="#[78]">Map82_Init</a> from infones_mapper.o(.text) referenced from infones_mapper.o(.data)
 <LI><a href="#[78]">Map82_Init</a> from infones_mapper.o(.text) referenced from infones_mapper.o(.text)
 <LI><a href="#[24]">Map82_Sram</a> from infones_mapper.o(.text) referenced from infones_mapper.o(.text)
 <LI><a href="#[26]">Map83_HSync</a> from infones_mapper.o(.text) referenced from infones_mapper.o(.text)
 <LI><a href="#[79]">Map83_Init</a> from infones_mapper.o(.text) referenced from infones_mapper.o(.data)
 <LI><a href="#[79]">Map83_Init</a> from infones_mapper.o(.text) referenced from infones_mapper.o(.text)
 <LI><a href="#[25]">Map83_Write</a> from infones_mapper.o(.text) referenced from infones_mapper.o(.text)
 <LI><a href="#[7a]">Map86_Init</a> from infones_mapper.o(.text) referenced from infones_mapper.o(.data)
 <LI><a href="#[7a]">Map86_Init</a> from infones_mapper.o(.text) referenced from infones_mapper.o(.text)
 <LI><a href="#[7b]">Map87_Init</a> from infones_mapper.o(.text) referenced from infones_mapper.o(.data)
 <LI><a href="#[7b]">Map87_Init</a> from infones_mapper.o(.text) referenced from infones_mapper.o(.text)
 <LI><a href="#[7c]">Map88_Init</a> from infones_mapper.o(.text) referenced from infones_mapper.o(.data)
 <LI><a href="#[7c]">Map88_Init</a> from infones_mapper.o(.text) referenced from infones_mapper.o(.text)
 <LI><a href="#[7d]">Map89_Init</a> from infones_mapper.o(.text) referenced from infones_mapper.o(.data)
 <LI><a href="#[7d]">Map89_Init</a> from infones_mapper.o(.text) referenced from infones_mapper.o(.text)
 <LI><a href="#[44]">Map8_Init</a> from infones_mapper.o(.text) referenced from infones_mapper.o(.data)
 <LI><a href="#[44]">Map8_Init</a> from infones_mapper.o(.text) referenced from infones_mapper.o(.text)
 <LI><a href="#[27]">Map90_Apu</a> from infones_mapper.o(.text) referenced 2 times from infones_mapper.o(.text)
 <LI><a href="#[29]">Map90_HSync</a> from infones_mapper.o(.text) referenced from infones_mapper.o(.text)
 <LI><a href="#[7e]">Map90_Init</a> from infones_mapper.o(.text) referenced from infones_mapper.o(.data)
 <LI><a href="#[7e]">Map90_Init</a> from infones_mapper.o(.text) referenced from infones_mapper.o(.text)
 <LI><a href="#[28]">Map90_ReadApu</a> from infones_mapper.o(.text) referenced from infones_mapper.o(.text)
 <LI><a href="#[7f]">Map91_Init</a> from infones_mapper.o(.text) referenced from infones_mapper.o(.data)
 <LI><a href="#[7f]">Map91_Init</a> from infones_mapper.o(.text) referenced from infones_mapper.o(.text)
 <LI><a href="#[80]">Map92_Init</a> from infones_mapper.o(.text) referenced from infones_mapper.o(.data)
 <LI><a href="#[80]">Map92_Init</a> from infones_mapper.o(.text) referenced from infones_mapper.o(.text)
 <LI><a href="#[81]">Map93_Init</a> from infones_mapper.o(.text) referenced from infones_mapper.o(.data)
 <LI><a href="#[81]">Map93_Init</a> from infones_mapper.o(.text) referenced from infones_mapper.o(.text)
 <LI><a href="#[264]">Map93_Sram</a> from infones_mapper.o(.text) referenced from infones_mapper.o(.text)
 <LI><a href="#[82]">Map94_Init</a> from infones_mapper.o(.text) referenced from infones_mapper.o(.data)
 <LI><a href="#[82]">Map94_Init</a> from infones_mapper.o(.text) referenced from infones_mapper.o(.text)
 <LI><a href="#[265]">Map94_Write</a> from infones_mapper.o(.text) referenced from infones_mapper.o(.text)
 <LI><a href="#[83]">Map95_Init</a> from infones_mapper.o(.text) referenced from infones_mapper.o(.data)
 <LI><a href="#[83]">Map95_Init</a> from infones_mapper.o(.text) referenced from infones_mapper.o(.text)
 <LI><a href="#[84]">Map96_Init</a> from infones_mapper.o(.text) referenced from infones_mapper.o(.data)
 <LI><a href="#[84]">Map96_Init</a> from infones_mapper.o(.text) referenced from infones_mapper.o(.text)
 <LI><a href="#[85]">Map97_Init</a> from infones_mapper.o(.text) referenced from infones_mapper.o(.data)
 <LI><a href="#[85]">Map97_Init</a> from infones_mapper.o(.text) referenced from infones_mapper.o(.text)
 <LI><a href="#[26c]">Map97_Write</a> from infones_mapper.o(.text) referenced from infones_mapper.o(.text)
 <LI><a href="#[86]">Map99_Init</a> from infones_mapper.o(.text) referenced from infones_mapper.o(.data)
 <LI><a href="#[86]">Map99_Init</a> from infones_mapper.o(.text) referenced from infones_mapper.o(.text)
 <LI><a href="#[45]">Map9_Init</a> from infones_mapper.o(.text) referenced from infones_mapper.o(.data)
 <LI><a href="#[45]">Map9_Init</a> from infones_mapper.o(.text) referenced from infones_mapper.o(.text)
 <LI><a href="#[13]">Map9_PPU</a> from infones_mapper.o(.text) referenced from infones_mapper.o(.text)
 <LI><a href="#[c2]">__ENTRY</a> from 2440init.o(RESET) referenced from mmu.o(.text)
 <LI><a href="#[6]">_get_lc_ctype</a> from lc_ctype_c.o(locale$$code) referenced from rt_ctype_table.o(.text)
 <LI><a href="#[7]">_printf_input_char</a> from _printf_char_common.o(.text) referenced from _printf_char_common.o(.text)
 <LI><a href="#[5]">_sputc</a> from _sputc.o(.text) referenced 2 times from c89vsprintf.o(.text)
 <LI><a href="#[2]">copy_proc_beg</a> from 2440init.o(RESET) referenced from 2440init.o(RESET)
</UL>
<P>
<H3>
Global Symbols
</H3>
<P><STRONG><a name="[c2]"></a>__ENTRY</STRONG> (ARM, 0 bytes, Stack size unknown bytes, 2440init.o(RESET))

<P><STRONG><a name="[c3]"></a>StartPointAfterSleepWakeUp</STRONG> (ARM, 0 bytes, Stack size unknown bytes, 2440init.o(RESET), UNUSED, KEPT)
<BR><BR>[Stack]<UL><LI>Max Depth = 40 + Unknown Stack Size
<LI>Call Chain = StartPointAfterSleepWakeUp &rArr; RdNF2SDRAM &rArr; rLB_ReadPage
</UL>
<BR>[Calls]<UL><LI><a href="#[2]">&gt;&gt;</a>&nbsp;&nbsp;&nbsp;copy_proc_beg
<LI><a href="#[c6]">&gt;&gt;</a>&nbsp;&nbsp;&nbsp;RdNF2SDRAM
</UL>

<P><STRONG><a name="[c4]"></a>CLKDIV124</STRONG> (ARM, 0 bytes, Stack size unknown bytes, 2440init.o(RESET), UNUSED, KEPT)

<P><STRONG><a name="[c5]"></a>CLKDIV144</STRONG> (ARM, 0 bytes, Stack size unknown bytes, 2440init.o(RESET), UNUSED, KEPT)

<P><STRONG><a name="[c8]"></a>_printf_n</STRONG> (ARM, 0 bytes, Stack size unknown bytes, _printf_n.o(.ARM.Collect$$_printf_percent$$00000001))
<BR><BR>[Calls]<UL><LI><a href="#[c9]">&gt;&gt;</a>&nbsp;&nbsp;&nbsp;_printf_charcount
</UL>

<P><STRONG><a name="[1ad]"></a>_printf_percent</STRONG> (ARM, 0 bytes, Stack size unknown bytes, _printf_percent.o(.ARM.Collect$$_printf_percent$$00000000))
<BR><BR>[Called By]<UL><LI><a href="#[1ac]">&gt;&gt;</a>&nbsp;&nbsp;&nbsp;__printf
</UL>

<P><STRONG><a name="[ca]"></a>_printf_p</STRONG> (ARM, 0 bytes, Stack size unknown bytes, _printf_p.o(.ARM.Collect$$_printf_percent$$00000002))
<BR><BR>[Stack]<UL><LI>Max Depth = 64 + Unknown Stack Size
<LI>Call Chain = _printf_p &rArr; _printf_hex_ptr &rArr; _printf_longlong_hex &rArr; _printf_int_common &rArr; _printf_post_padding
</UL>
<BR>[Calls]<UL><LI><a href="#[cb]">&gt;&gt;</a>&nbsp;&nbsp;&nbsp;_printf_hex_ptr
</UL>

<P><STRONG><a name="[cc]"></a>_printf_f</STRONG> (ARM, 0 bytes, Stack size unknown bytes, _printf_f.o(.ARM.Collect$$_printf_percent$$00000003))
<BR><BR>[Stack]<UL><LI>Max Depth = 320 + Unknown Stack Size
<LI>Call Chain = _printf_f &rArr; _printf_fp_dec &rArr; _printf_fp_dec_real &rArr; _fp_digits &rArr; _btod_etento &rArr; _btod_emul &rArr; _e2e
</UL>
<BR>[Calls]<UL><LI><a href="#[cd]">&gt;&gt;</a>&nbsp;&nbsp;&nbsp;_printf_fp_dec
</UL>

<P><STRONG><a name="[ce]"></a>_printf_e</STRONG> (ARM, 0 bytes, Stack size unknown bytes, _printf_e.o(.ARM.Collect$$_printf_percent$$00000004))
<BR><BR>[Stack]<UL><LI>Max Depth = 320 + Unknown Stack Size
<LI>Call Chain = _printf_e &rArr; _printf_fp_dec &rArr; _printf_fp_dec_real &rArr; _fp_digits &rArr; _btod_etento &rArr; _btod_emul &rArr; _e2e
</UL>
<BR>[Calls]<UL><LI><a href="#[cd]">&gt;&gt;</a>&nbsp;&nbsp;&nbsp;_printf_fp_dec
</UL>

<P><STRONG><a name="[cf]"></a>_printf_g</STRONG> (ARM, 0 bytes, Stack size unknown bytes, _printf_g.o(.ARM.Collect$$_printf_percent$$00000005))
<BR><BR>[Stack]<UL><LI>Max Depth = 320 + Unknown Stack Size
<LI>Call Chain = _printf_g &rArr; _printf_fp_dec &rArr; _printf_fp_dec_real &rArr; _fp_digits &rArr; _btod_etento &rArr; _btod_emul &rArr; _e2e
</UL>
<BR>[Calls]<UL><LI><a href="#[cd]">&gt;&gt;</a>&nbsp;&nbsp;&nbsp;_printf_fp_dec
</UL>

<P><STRONG><a name="[d0]"></a>_printf_a</STRONG> (ARM, 0 bytes, Stack size unknown bytes, _printf_a.o(.ARM.Collect$$_printf_percent$$00000006))
<BR><BR>[Calls]<UL><LI><a href="#[d1]">&gt;&gt;</a>&nbsp;&nbsp;&nbsp;_printf_fp_hex (Weak Reference)
</UL>

<P><STRONG><a name="[2c4]"></a>_printf_ll</STRONG> (ARM, 0 bytes, Stack size unknown bytes, _printf_ll.o(.ARM.Collect$$_printf_percent$$00000007))

<P><STRONG><a name="[d2]"></a>_printf_i</STRONG> (ARM, 0 bytes, Stack size unknown bytes, _printf_i.o(.ARM.Collect$$_printf_percent$$00000008))
<BR><BR>[Stack]<UL><LI>Max Depth = 72 + Unknown Stack Size
<LI>Call Chain = _printf_i &rArr; _printf_int_dec &rArr; _printf_int_common &rArr; _printf_post_padding
</UL>
<BR>[Calls]<UL><LI><a href="#[d3]">&gt;&gt;</a>&nbsp;&nbsp;&nbsp;_printf_int_dec
</UL>

<P><STRONG><a name="[d4]"></a>_printf_d</STRONG> (ARM, 0 bytes, Stack size unknown bytes, _printf_d.o(.ARM.Collect$$_printf_percent$$00000009))
<BR><BR>[Stack]<UL><LI>Max Depth = 72 + Unknown Stack Size
<LI>Call Chain = _printf_d &rArr; _printf_int_dec &rArr; _printf_int_common &rArr; _printf_post_padding
</UL>
<BR>[Calls]<UL><LI><a href="#[d3]">&gt;&gt;</a>&nbsp;&nbsp;&nbsp;_printf_int_dec
</UL>

<P><STRONG><a name="[d5]"></a>_printf_u</STRONG> (ARM, 0 bytes, Stack size unknown bytes, _printf_u.o(.ARM.Collect$$_printf_percent$$0000000A))
<BR><BR>[Stack]<UL><LI>Max Depth = 72 + Unknown Stack Size
<LI>Call Chain = _printf_u &rArr; _printf_int_dec &rArr; _printf_int_common &rArr; _printf_post_padding
</UL>
<BR>[Calls]<UL><LI><a href="#[d3]">&gt;&gt;</a>&nbsp;&nbsp;&nbsp;_printf_int_dec
</UL>

<P><STRONG><a name="[d6]"></a>_printf_o</STRONG> (ARM, 0 bytes, Stack size unknown bytes, _printf_o.o(.ARM.Collect$$_printf_percent$$0000000B))
<BR><BR>[Stack]<UL><LI>Max Depth = 64 + Unknown Stack Size
<LI>Call Chain = _printf_o &rArr; _printf_int_oct &rArr; _printf_longlong_oct &rArr; _printf_int_common &rArr; _printf_post_padding
</UL>
<BR>[Calls]<UL><LI><a href="#[d7]">&gt;&gt;</a>&nbsp;&nbsp;&nbsp;_printf_int_oct
</UL>

<P><STRONG><a name="[d8]"></a>_printf_x</STRONG> (ARM, 0 bytes, Stack size unknown bytes, _printf_x.o(.ARM.Collect$$_printf_percent$$0000000C))
<BR><BR>[Stack]<UL><LI>Max Depth = 80 + Unknown Stack Size
<LI>Call Chain = _printf_x &rArr; _printf_int_hex &rArr; _printf_longlong_hex &rArr; _printf_int_common &rArr; _printf_post_padding
</UL>
<BR>[Calls]<UL><LI><a href="#[d9]">&gt;&gt;</a>&nbsp;&nbsp;&nbsp;_printf_int_hex
</UL>

<P><STRONG><a name="[da]"></a>_printf_lli</STRONG> (ARM, 0 bytes, Stack size unknown bytes, _printf_lli.o(.ARM.Collect$$_printf_percent$$0000000D))
<BR><BR>[Stack]<UL><LI>Max Depth = 72 + Unknown Stack Size
<LI>Call Chain = _printf_lli &rArr; _printf_longlong_dec &rArr; _printf_int_common &rArr; _printf_post_padding
</UL>
<BR>[Calls]<UL><LI><a href="#[db]">&gt;&gt;</a>&nbsp;&nbsp;&nbsp;_printf_longlong_dec
</UL>

<P><STRONG><a name="[dc]"></a>_printf_lld</STRONG> (ARM, 0 bytes, Stack size unknown bytes, _printf_lld.o(.ARM.Collect$$_printf_percent$$0000000E))
<BR><BR>[Stack]<UL><LI>Max Depth = 72 + Unknown Stack Size
<LI>Call Chain = _printf_lld &rArr; _printf_longlong_dec &rArr; _printf_int_common &rArr; _printf_post_padding
</UL>
<BR>[Calls]<UL><LI><a href="#[db]">&gt;&gt;</a>&nbsp;&nbsp;&nbsp;_printf_longlong_dec
</UL>

<P><STRONG><a name="[dd]"></a>_printf_llu</STRONG> (ARM, 0 bytes, Stack size unknown bytes, _printf_llu.o(.ARM.Collect$$_printf_percent$$0000000F))
<BR><BR>[Stack]<UL><LI>Max Depth = 72 + Unknown Stack Size
<LI>Call Chain = _printf_llu &rArr; _printf_longlong_dec &rArr; _printf_int_common &rArr; _printf_post_padding
</UL>
<BR>[Calls]<UL><LI><a href="#[db]">&gt;&gt;</a>&nbsp;&nbsp;&nbsp;_printf_longlong_dec
</UL>

<P><STRONG><a name="[de]"></a>_printf_llo</STRONG> (ARM, 0 bytes, Stack size unknown bytes, _printf_llo.o(.ARM.Collect$$_printf_percent$$00000010))
<BR><BR>[Stack]<UL><LI>Max Depth = 56 + Unknown Stack Size
<LI>Call Chain = _printf_llo &rArr; _printf_ll_oct &rArr; _printf_longlong_oct &rArr; _printf_int_common &rArr; _printf_post_padding
</UL>
<BR>[Calls]<UL><LI><a href="#[df]">&gt;&gt;</a>&nbsp;&nbsp;&nbsp;_printf_ll_oct
</UL>

<P><STRONG><a name="[e0]"></a>_printf_llx</STRONG> (ARM, 0 bytes, Stack size unknown bytes, _printf_llx.o(.ARM.Collect$$_printf_percent$$00000011))
<BR><BR>[Stack]<UL><LI>Max Depth = 64 + Unknown Stack Size
<LI>Call Chain = _printf_llx &rArr; _printf_ll_hex &rArr; _printf_longlong_hex &rArr; _printf_int_common &rArr; _printf_post_padding
</UL>
<BR>[Calls]<UL><LI><a href="#[e1]">&gt;&gt;</a>&nbsp;&nbsp;&nbsp;_printf_ll_hex
</UL>

<P><STRONG><a name="[2c5]"></a>_printf_l</STRONG> (ARM, 0 bytes, Stack size unknown bytes, _printf_l.o(.ARM.Collect$$_printf_percent$$00000012))

<P><STRONG><a name="[e2]"></a>_printf_c</STRONG> (ARM, 0 bytes, Stack size unknown bytes, _printf_c.o(.ARM.Collect$$_printf_percent$$00000013))
<BR><BR>[Stack]<UL><LI>Max Depth = 40 + Unknown Stack Size
<LI>Call Chain = _printf_c &rArr; _printf_char &rArr; _printf_cs_common &rArr; _printf_str &rArr; _printf_post_padding
</UL>
<BR>[Calls]<UL><LI><a href="#[e3]">&gt;&gt;</a>&nbsp;&nbsp;&nbsp;_printf_char
</UL>

<P><STRONG><a name="[e4]"></a>_printf_s</STRONG> (ARM, 0 bytes, Stack size unknown bytes, _printf_s.o(.ARM.Collect$$_printf_percent$$00000014))
<BR><BR>[Stack]<UL><LI>Max Depth = 40 + Unknown Stack Size
<LI>Call Chain = _printf_s &rArr; _printf_string &rArr; _printf_cs_common &rArr; _printf_str &rArr; _printf_post_padding
</UL>
<BR>[Calls]<UL><LI><a href="#[e5]">&gt;&gt;</a>&nbsp;&nbsp;&nbsp;_printf_string
</UL>

<P><STRONG><a name="[e6]"></a>_printf_lc</STRONG> (ARM, 0 bytes, Stack size unknown bytes, _printf_lc.o(.ARM.Collect$$_printf_percent$$00000015))
<BR><BR>[Stack]<UL><LI>Max Depth = 88 + Unknown Stack Size
<LI>Call Chain = _printf_lc &rArr; _printf_wchar &rArr; _printf_lcs_common &rArr; _printf_wctomb &rArr; _wcrtomb &rArr; __rt_ctype_table
</UL>
<BR>[Calls]<UL><LI><a href="#[e7]">&gt;&gt;</a>&nbsp;&nbsp;&nbsp;_printf_wchar
</UL>

<P><STRONG><a name="[e8]"></a>_printf_ls</STRONG> (ARM, 0 bytes, Stack size unknown bytes, _printf_ls.o(.ARM.Collect$$_printf_percent$$00000016))
<BR><BR>[Stack]<UL><LI>Max Depth = 88 + Unknown Stack Size
<LI>Call Chain = _printf_ls &rArr; _printf_wstring &rArr; _printf_lcs_common &rArr; _printf_wctomb &rArr; _wcrtomb &rArr; __rt_ctype_table
</UL>
<BR>[Calls]<UL><LI><a href="#[e9]">&gt;&gt;</a>&nbsp;&nbsp;&nbsp;_printf_wstring
</UL>

<P><STRONG><a name="[2c6]"></a>_printf_percent_end</STRONG> (ARM, 0 bytes, Stack size unknown bytes, _printf_percent_end.o(.ARM.Collect$$_printf_percent$$00000017))

<P><STRONG><a name="[2c7]"></a>__rt_lib_init_lc_ctype_2</STRONG> (ARM, 0 bytes, Stack size 0 bytes, libinit2.o(.ARM.Collect$$libinit$$0000000F))

<P><STRONG><a name="[2c8]"></a>__rt_lib_init_lc_numeric_2</STRONG> (ARM, 0 bytes, Stack size 0 bytes, libinit2.o(.ARM.Collect$$libinit$$00000013))

<P><STRONG><a name="[c6]"></a>RdNF2SDRAM</STRONG> (ARM, 192 bytes, Stack size 24 bytes, nand.o(.text), UNUSED, KEPT)
<BR><BR>[Stack]<UL><LI>Max Depth = 40<LI>Call Chain = RdNF2SDRAM &rArr; rLB_ReadPage
</UL>
<BR>[Calls]<UL><LI><a href="#[ed]">&gt;&gt;</a>&nbsp;&nbsp;&nbsp;rLB_ReadPage
<LI><a href="#[ec]">&gt;&gt;</a>&nbsp;&nbsp;&nbsp;rSB_ReadPage
<LI><a href="#[ee]">&gt;&gt;</a>&nbsp;&nbsp;&nbsp;rNF_ReadID
<LI><a href="#[ea]">&gt;&gt;</a>&nbsp;&nbsp;&nbsp;rNF_Init
</UL>
<BR>[Called By]<UL><LI><a href="#[c3]">&gt;&gt;</a>&nbsp;&nbsp;&nbsp;StartPointAfterSleepWakeUp
</UL>

<P><STRONG><a name="[ef]"></a>delay_ms</STRONG> (ARM, 176 bytes, Stack size 16 bytes, main.o(.text))
<BR><BR>[Stack]<UL><LI>Max Depth = 16 + Unknown Stack Size
<LI>Call Chain = delay_ms
</UL>
<BR>[Calls]<UL><LI><a href="#[f0]">&gt;&gt;</a>&nbsp;&nbsp;&nbsp;__aeabi_uidivmod
</UL>
<BR>[Called By]<UL><LI><a href="#[c7]">&gt;&gt;</a>&nbsp;&nbsp;&nbsp;Main
</UL>

<P><STRONG><a name="[f3]"></a>scan_files</STRONG> (ARM, 704 bytes, Stack size 96 bytes, main.o(.text))
<BR><BR>[Stack]<UL><LI>Max Depth = 776 + Unknown Stack Size
 + In Cycle
<LI>Call Chain = scan_files &rArr;  scan_files (Cycle)
</UL>
<BR>[Calls]<UL><LI><a href="#[f6]">&gt;&gt;</a>&nbsp;&nbsp;&nbsp;f_readdir
<LI><a href="#[f4]">&gt;&gt;</a>&nbsp;&nbsp;&nbsp;f_opendir
<LI><a href="#[f3]">&gt;&gt;</a>&nbsp;&nbsp;&nbsp;scan_files
<LI><a href="#[fa]">&gt;&gt;</a>&nbsp;&nbsp;&nbsp;strncpy
<LI><a href="#[f9]">&gt;&gt;</a>&nbsp;&nbsp;&nbsp;__aeabi_memset
<LI><a href="#[f5]">&gt;&gt;</a>&nbsp;&nbsp;&nbsp;strlen
<LI><a href="#[f8]">&gt;&gt;</a>&nbsp;&nbsp;&nbsp;strstr
<LI><a href="#[f7]">&gt;&gt;</a>&nbsp;&nbsp;&nbsp;__2sprintf
</UL>
<BR>[Called By]<UL><LI><a href="#[c7]">&gt;&gt;</a>&nbsp;&nbsp;&nbsp;Main
<LI><a href="#[f3]">&gt;&gt;</a>&nbsp;&nbsp;&nbsp;scan_files
</UL>

<P><STRONG><a name="[10c]"></a>Clk1_Disable</STRONG> (ARM, 24 bytes, Stack size 0 bytes, main.o(.text))
<BR><BR>[Called By]<UL><LI><a href="#[c7]">&gt;&gt;</a>&nbsp;&nbsp;&nbsp;Main
</UL>

<P><STRONG><a name="[10b]"></a>Clk0_Disable</STRONG> (ARM, 24 bytes, Stack size 0 bytes, main.o(.text))
<BR><BR>[Called By]<UL><LI><a href="#[c7]">&gt;&gt;</a>&nbsp;&nbsp;&nbsp;Main
</UL>

<P><STRONG><a name="[fb]"></a>HaltDabort</STRONG> (ARM, 16 bytes, Stack size 0 bytes, main.o(.text))
<BR><BR>[Stack]<UL><LI>Max Depth = 400 + Unknown Stack Size
<LI>Call Chain = HaltDabort &rArr; Uart_Printf &rArr; __c89vsprintf &rArr; _printf_char_common &rArr; __printf
</UL>
<BR>[Calls]<UL><LI><a href="#[fc]">&gt;&gt;</a>&nbsp;&nbsp;&nbsp;Uart_Printf
</UL>
<BR>[Address Reference Count : 1]<UL><LI> main.o(.text)
</UL>
<P><STRONG><a name="[fd]"></a>HaltPabort</STRONG> (ARM, 16 bytes, Stack size 0 bytes, main.o(.text))
<BR><BR>[Stack]<UL><LI>Max Depth = 400 + Unknown Stack Size
<LI>Call Chain = HaltPabort &rArr; Uart_Printf &rArr; __c89vsprintf &rArr; _printf_char_common &rArr; __printf
</UL>
<BR>[Calls]<UL><LI><a href="#[fc]">&gt;&gt;</a>&nbsp;&nbsp;&nbsp;Uart_Printf
</UL>
<BR>[Address Reference Count : 1]<UL><LI> main.o(.text)
</UL>
<P><STRONG><a name="[fe]"></a>HaltSwi</STRONG> (ARM, 16 bytes, Stack size 0 bytes, main.o(.text))
<BR><BR>[Stack]<UL><LI>Max Depth = 400 + Unknown Stack Size
<LI>Call Chain = HaltSwi &rArr; Uart_Printf &rArr; __c89vsprintf &rArr; _printf_char_common &rArr; __printf
</UL>
<BR>[Calls]<UL><LI><a href="#[fc]">&gt;&gt;</a>&nbsp;&nbsp;&nbsp;Uart_Printf
</UL>
<BR>[Address Reference Count : 1]<UL><LI> main.o(.text)
</UL>
<P><STRONG><a name="[ff]"></a>HaltUndef</STRONG> (ARM, 16 bytes, Stack size 0 bytes, main.o(.text))
<BR><BR>[Stack]<UL><LI>Max Depth = 400 + Unknown Stack Size
<LI>Call Chain = HaltUndef &rArr; Uart_Printf &rArr; __c89vsprintf &rArr; _printf_char_common &rArr; __printf
</UL>
<BR>[Calls]<UL><LI><a href="#[fc]">&gt;&gt;</a>&nbsp;&nbsp;&nbsp;Uart_Printf
</UL>
<BR>[Address Reference Count : 1]<UL><LI> main.o(.text)
</UL>
<P><STRONG><a name="[101]"></a>Isr_Init</STRONG> (ARM, 72 bytes, Stack size 0 bytes, main.o(.text))
<BR><BR>[Called By]<UL><LI><a href="#[c7]">&gt;&gt;</a>&nbsp;&nbsp;&nbsp;Main
</UL>

<P><STRONG><a name="[c7]"></a>Main</STRONG> (ARM, 772 bytes, Stack size 24 bytes, main.o(.text))
<BR><BR>[Stack]<UL><LI>Max Depth = 1416 + Unknown Stack Size
<LI>Call Chain = Main &rArr; process_key &rArr; App_Main &rArr; InfoNES_Load &rArr; LoadRomImage &rArr; f_open &rArr; dir_register &rArr; dir_find &rArr; dir_next &rArr; create_chain &rArr; put_fat &rArr; move_window &rArr; disk_write &rArr; Write_Mult_Block &rArr; CMD25 &rArr; Chk_CMD_End &rArr; Uart_Printf &rArr; __c89vsprintf &rArr; _printf_char_common &rArr; __printf
</UL>
<BR>[Calls]<UL><LI><a href="#[114]">&gt;&gt;</a>&nbsp;&nbsp;&nbsp;process_key
<LI><a href="#[10f]">&gt;&gt;</a>&nbsp;&nbsp;&nbsp;f_mount
<LI><a href="#[115]">&gt;&gt;</a>&nbsp;&nbsp;&nbsp;display_menu
<LI><a href="#[105]">&gt;&gt;</a>&nbsp;&nbsp;&nbsp;Uart_Select
<LI><a href="#[104]">&gt;&gt;</a>&nbsp;&nbsp;&nbsp;Uart_Init
<LI><a href="#[108]">&gt;&gt;</a>&nbsp;&nbsp;&nbsp;Uart1_irq_init
<LI><a href="#[107]">&gt;&gt;</a>&nbsp;&nbsp;&nbsp;Uart0_irq_init
<LI><a href="#[113]">&gt;&gt;</a>&nbsp;&nbsp;&nbsp;ReadMenuKey
<LI><a href="#[100]">&gt;&gt;</a>&nbsp;&nbsp;&nbsp;Port_Init
<LI><a href="#[106]">&gt;&gt;</a>&nbsp;&nbsp;&nbsp;Open_Touchpanel
<LI><a href="#[10a]">&gt;&gt;</a>&nbsp;&nbsp;&nbsp;Led_Display
<LI><a href="#[10d]">&gt;&gt;</a>&nbsp;&nbsp;&nbsp;Lcd_TFT_Init
<LI><a href="#[111]">&gt;&gt;</a>&nbsp;&nbsp;&nbsp;Lcd_ClearScr
<LI><a href="#[110]">&gt;&gt;</a>&nbsp;&nbsp;&nbsp;Glib_logo
<LI><a href="#[112]">&gt;&gt;</a>&nbsp;&nbsp;&nbsp;Glib_Buttom2
<LI><a href="#[102]">&gt;&gt;</a>&nbsp;&nbsp;&nbsp;ChangeMPllValue
<LI><a href="#[103]">&gt;&gt;</a>&nbsp;&nbsp;&nbsp;ChangeClockDivider
<LI><a href="#[101]">&gt;&gt;</a>&nbsp;&nbsp;&nbsp;Isr_Init
<LI><a href="#[10b]">&gt;&gt;</a>&nbsp;&nbsp;&nbsp;Clk0_Disable
<LI><a href="#[10c]">&gt;&gt;</a>&nbsp;&nbsp;&nbsp;Clk1_Disable
<LI><a href="#[f3]">&gt;&gt;</a>&nbsp;&nbsp;&nbsp;scan_files
<LI><a href="#[ef]">&gt;&gt;</a>&nbsp;&nbsp;&nbsp;delay_ms
<LI><a href="#[f1]">&gt;&gt;</a>&nbsp;&nbsp;&nbsp;cal_cpu_bus_clk
<LI><a href="#[109]">&gt;&gt;</a>&nbsp;&nbsp;&nbsp;MMU_Init
<LI><a href="#[10e]">&gt;&gt;</a>&nbsp;&nbsp;&nbsp;SDinit
<LI><a href="#[fc]">&gt;&gt;</a>&nbsp;&nbsp;&nbsp;Uart_Printf
</UL>
<BR>[Called By]<UL><LI><a href="#[3]">&gt;&gt;</a>&nbsp;&nbsp;&nbsp;[Anonymous Symbol]
</UL>

<P><STRONG><a name="[116]"></a>ClearMemory</STRONG> (ARM, 76 bytes, Stack size 16 bytes, main.o(.text), UNUSED)
<BR><BR>[Calls]<UL><LI><a href="#[fc]">&gt;&gt;</a>&nbsp;&nbsp;&nbsp;Uart_Printf
</UL>

<P><STRONG><a name="[2c9]"></a>Clk0_Enable</STRONG> (ARM, 48 bytes, Stack size 0 bytes, main.o(.text), UNUSED)

<P><STRONG><a name="[2ca]"></a>Clk1_Enable</STRONG> (ARM, 48 bytes, Stack size 0 bytes, main.o(.text), UNUSED)

<P><STRONG><a name="[117]"></a>_printf_cs_common</STRONG> (ARM, 36 bytes, Stack size 8 bytes, _printf_char.o(.text))
<BR><BR>[Stack]<UL><LI>Max Depth = 40<LI>Call Chain = _printf_cs_common &rArr; _printf_str &rArr; _printf_post_padding
</UL>
<BR>[Calls]<UL><LI><a href="#[118]">&gt;&gt;</a>&nbsp;&nbsp;&nbsp;_printf_mbtowc (Weak Reference)
<LI><a href="#[119]">&gt;&gt;</a>&nbsp;&nbsp;&nbsp;_printf_str
</UL>
<BR>[Called By]<UL><LI><a href="#[e5]">&gt;&gt;</a>&nbsp;&nbsp;&nbsp;_printf_string
<LI><a href="#[e3]">&gt;&gt;</a>&nbsp;&nbsp;&nbsp;_printf_char
</UL>

<P><STRONG><a name="[e3]"></a>_printf_char</STRONG> (ARM, 28 bytes, Stack size 0 bytes, _printf_char.o(.text))
<BR><BR>[Stack]<UL><LI>Max Depth = 40<LI>Call Chain = _printf_char &rArr; _printf_cs_common &rArr; _printf_str &rArr; _printf_post_padding
</UL>
<BR>[Calls]<UL><LI><a href="#[117]">&gt;&gt;</a>&nbsp;&nbsp;&nbsp;_printf_cs_common
</UL>
<BR>[Called By]<UL><LI><a href="#[e2]">&gt;&gt;</a>&nbsp;&nbsp;&nbsp;_printf_c
</UL>

<P><STRONG><a name="[e5]"></a>_printf_string</STRONG> (ARM, 12 bytes, Stack size 0 bytes, _printf_char.o(.text))
<BR><BR>[Stack]<UL><LI>Max Depth = 40<LI>Call Chain = _printf_string &rArr; _printf_cs_common &rArr; _printf_str &rArr; _printf_post_padding
</UL>
<BR>[Calls]<UL><LI><a href="#[117]">&gt;&gt;</a>&nbsp;&nbsp;&nbsp;_printf_cs_common
</UL>
<BR>[Called By]<UL><LI><a href="#[e4]">&gt;&gt;</a>&nbsp;&nbsp;&nbsp;_printf_s
</UL>

<P><STRONG><a name="[119]"></a>_printf_str</STRONG> (ARM, 144 bytes, Stack size 16 bytes, _printf_str.o(.text))
<BR><BR>[Stack]<UL><LI>Max Depth = 32<LI>Call Chain = _printf_str &rArr; _printf_post_padding
</UL>
<BR>[Calls]<UL><LI><a href="#[11b]">&gt;&gt;</a>&nbsp;&nbsp;&nbsp;_printf_post_padding
<LI><a href="#[11a]">&gt;&gt;</a>&nbsp;&nbsp;&nbsp;_printf_pre_padding
</UL>
<BR>[Called By]<UL><LI><a href="#[117]">&gt;&gt;</a>&nbsp;&nbsp;&nbsp;_printf_cs_common
</UL>

<P><STRONG><a name="[11a]"></a>_printf_pre_padding</STRONG> (ARM, 84 bytes, Stack size 16 bytes, _printf_pad.o(.text))
<BR><BR>[Stack]<UL><LI>Max Depth = 16<LI>Call Chain = _printf_pre_padding
</UL>
<BR>[Called By]<UL><LI><a href="#[195]">&gt;&gt;</a>&nbsp;&nbsp;&nbsp;_printf_fp_dec_real
<LI><a href="#[194]">&gt;&gt;</a>&nbsp;&nbsp;&nbsp;_printf_int_common
<LI><a href="#[1a8]">&gt;&gt;</a>&nbsp;&nbsp;&nbsp;_printf_wctomb
<LI><a href="#[119]">&gt;&gt;</a>&nbsp;&nbsp;&nbsp;_printf_str
<LI><a href="#[19d]">&gt;&gt;</a>&nbsp;&nbsp;&nbsp;_printf_fp_infnan
</UL>

<P><STRONG><a name="[11b]"></a>_printf_post_padding</STRONG> (ARM, 72 bytes, Stack size 16 bytes, _printf_pad.o(.text))
<BR><BR>[Stack]<UL><LI>Max Depth = 16<LI>Call Chain = _printf_post_padding
</UL>
<BR>[Called By]<UL><LI><a href="#[195]">&gt;&gt;</a>&nbsp;&nbsp;&nbsp;_printf_fp_dec_real
<LI><a href="#[194]">&gt;&gt;</a>&nbsp;&nbsp;&nbsp;_printf_int_common
<LI><a href="#[1a8]">&gt;&gt;</a>&nbsp;&nbsp;&nbsp;_printf_wctomb
<LI><a href="#[119]">&gt;&gt;</a>&nbsp;&nbsp;&nbsp;_printf_str
<LI><a href="#[19d]">&gt;&gt;</a>&nbsp;&nbsp;&nbsp;_printf_fp_infnan
</UL>

<P><STRONG><a name="[2cb]"></a>__aeabi_uidiv</STRONG> (ARM, 0 bytes, Stack size 0 bytes, aeabi_sdiv.o(.text_udiv), UNUSED)

<P><STRONG><a name="[f0]"></a>__aeabi_uidivmod</STRONG> (ARM, 36 bytes, Stack size 0 bytes, aeabi_sdiv.o(.text_udiv))
<BR><BR>[Calls]<UL><LI><a href="#[11f]">&gt;&gt;</a>&nbsp;&nbsp;&nbsp;__arm_div_large
<LI><a href="#[11c]">&gt;&gt;</a>&nbsp;&nbsp;&nbsp;__arm_div2
<LI><a href="#[11d]">&gt;&gt;</a>&nbsp;&nbsp;&nbsp;__arm_div5
<LI><a href="#[11e]">&gt;&gt;</a>&nbsp;&nbsp;&nbsp;__arm_div8
</UL>
<BR>[Called By]<UL><LI><a href="#[185]">&gt;&gt;</a>&nbsp;&nbsp;&nbsp;Timer_Stop
<LI><a href="#[184]">&gt;&gt;</a>&nbsp;&nbsp;&nbsp;Timer_Start
<LI><a href="#[180]">&gt;&gt;</a>&nbsp;&nbsp;&nbsp;Buzzer_Freq_Set
<LI><a href="#[ef]">&gt;&gt;</a>&nbsp;&nbsp;&nbsp;delay_ms
<LI><a href="#[f1]">&gt;&gt;</a>&nbsp;&nbsp;&nbsp;cal_cpu_bus_clk
<LI><a href="#[165]">&gt;&gt;</a>&nbsp;&nbsp;&nbsp;Delay
<LI><a href="#[10e]">&gt;&gt;</a>&nbsp;&nbsp;&nbsp;SDinit
<LI><a href="#[287]">&gt;&gt;</a>&nbsp;&nbsp;&nbsp;Map118_Set_CPU_Banks
<LI><a href="#[286]">&gt;&gt;</a>&nbsp;&nbsp;&nbsp;Map118_Set_PPU_Banks
<LI><a href="#[27c]">&gt;&gt;</a>&nbsp;&nbsp;&nbsp;Map114_Set_CPU_Banks
<LI><a href="#[27b]">&gt;&gt;</a>&nbsp;&nbsp;&nbsp;Map114_Set_PPU_Banks
<LI><a href="#[277]">&gt;&gt;</a>&nbsp;&nbsp;&nbsp;Map112_Set_CPU_Banks
<LI><a href="#[276]">&gt;&gt;</a>&nbsp;&nbsp;&nbsp;Map112_Set_PPU_Banks
<LI><a href="#[267]">&gt;&gt;</a>&nbsp;&nbsp;&nbsp;Map95_Set_CPU_Banks
<LI><a href="#[266]">&gt;&gt;</a>&nbsp;&nbsp;&nbsp;Map95_Set_PPU_Banks
<LI><a href="#[25f]">&gt;&gt;</a>&nbsp;&nbsp;&nbsp;Map90_Sync_Chr_Banks
<LI><a href="#[25e]">&gt;&gt;</a>&nbsp;&nbsp;&nbsp;Map90_Sync_Mirror
<LI><a href="#[25]">&gt;&gt;</a>&nbsp;&nbsp;&nbsp;Map83_Write
<LI><a href="#[252]">&gt;&gt;</a>&nbsp;&nbsp;&nbsp;Map74_Set_CPU_Banks
<LI><a href="#[251]">&gt;&gt;</a>&nbsp;&nbsp;&nbsp;Map74_Set_PPU_Banks
<LI><a href="#[23c]">&gt;&gt;</a>&nbsp;&nbsp;&nbsp;Map49_Set_CPU_Banks
<LI><a href="#[23b]">&gt;&gt;</a>&nbsp;&nbsp;&nbsp;Map49_Set_PPU_Banks
<LI><a href="#[237]">&gt;&gt;</a>&nbsp;&nbsp;&nbsp;Map47_Set_CPU_Banks
<LI><a href="#[236]">&gt;&gt;</a>&nbsp;&nbsp;&nbsp;Map47_Set_PPU_Banks
<LI><a href="#[1c]">&gt;&gt;</a>&nbsp;&nbsp;&nbsp;Map45_Write
<LI><a href="#[22e]">&gt;&gt;</a>&nbsp;&nbsp;&nbsp;Map45_Set_PPU_Banks
<LI><a href="#[22c]">&gt;&gt;</a>&nbsp;&nbsp;&nbsp;Map44_Set_CPU_Banks
<LI><a href="#[22b]">&gt;&gt;</a>&nbsp;&nbsp;&nbsp;Map44_Set_PPU_Banks
<LI><a href="#[213]">&gt;&gt;</a>&nbsp;&nbsp;&nbsp;Map4_Set_CPU_Banks
<LI><a href="#[212]">&gt;&gt;</a>&nbsp;&nbsp;&nbsp;Map4_Set_PPU_Banks
<LI><a href="#[20f]">&gt;&gt;</a>&nbsp;&nbsp;&nbsp;Map1_set_ROM_banks
</UL>

<P><STRONG><a name="[2cc]"></a>__aeabi_idiv</STRONG> (ARM, 0 bytes, Stack size 8 bytes, aeabi_sdiv.o(.text), UNUSED)

<P><STRONG><a name="[f2]"></a>__aeabi_idivmod</STRONG> (ARM, 380 bytes, Stack size 8 bytes, aeabi_sdiv.o(.text))
<BR><BR>[Stack]<UL><LI>Max Depth = 8<LI>Call Chain = __aeabi_idivmod
</UL>
<BR>[Called By]<UL><LI><a href="#[149]">&gt;&gt;</a>&nbsp;&nbsp;&nbsp;f_lseek
<LI><a href="#[1f0]">&gt;&gt;</a>&nbsp;&nbsp;&nbsp;InfoNES_PadState
<LI><a href="#[f1]">&gt;&gt;</a>&nbsp;&nbsp;&nbsp;cal_cpu_bus_clk
<LI><a href="#[2b7]">&gt;&gt;</a>&nbsp;&nbsp;&nbsp;Map244_Write
<LI><a href="#[38]">&gt;&gt;</a>&nbsp;&nbsp;&nbsp;Map243_Apu
<LI><a href="#[2b6]">&gt;&gt;</a>&nbsp;&nbsp;&nbsp;Map242_Write
<LI><a href="#[2b5]">&gt;&gt;</a>&nbsp;&nbsp;&nbsp;Map241_Write
<LI><a href="#[2b4]">&gt;&gt;</a>&nbsp;&nbsp;&nbsp;Map240_Apu
<LI><a href="#[37]">&gt;&gt;</a>&nbsp;&nbsp;&nbsp;Map236_Write
<LI><a href="#[2b2]">&gt;&gt;</a>&nbsp;&nbsp;&nbsp;Map234_Set_Banks
<LI><a href="#[2b1]">&gt;&gt;</a>&nbsp;&nbsp;&nbsp;Map233_Write
<LI><a href="#[2b0]">&gt;&gt;</a>&nbsp;&nbsp;&nbsp;Map232_Write
<LI><a href="#[2af]">&gt;&gt;</a>&nbsp;&nbsp;&nbsp;Map231_Write
<LI><a href="#[2ae]">&gt;&gt;</a>&nbsp;&nbsp;&nbsp;Map230_Write
<LI><a href="#[2ad]">&gt;&gt;</a>&nbsp;&nbsp;&nbsp;Map229_Write
<LI><a href="#[2ac]">&gt;&gt;</a>&nbsp;&nbsp;&nbsp;Map228_Write
<LI><a href="#[2ab]">&gt;&gt;</a>&nbsp;&nbsp;&nbsp;Map227_Write
<LI><a href="#[2aa]">&gt;&gt;</a>&nbsp;&nbsp;&nbsp;Map226_Write
<LI><a href="#[2a9]">&gt;&gt;</a>&nbsp;&nbsp;&nbsp;Map225_Write
<LI><a href="#[2a8]">&gt;&gt;</a>&nbsp;&nbsp;&nbsp;Map222_Write
<LI><a href="#[2a5]">&gt;&gt;</a>&nbsp;&nbsp;&nbsp;Map202_WriteSub
<LI><a href="#[2a4]">&gt;&gt;</a>&nbsp;&nbsp;&nbsp;Map201_Write
<LI><a href="#[2a3]">&gt;&gt;</a>&nbsp;&nbsp;&nbsp;Map200_Write
<LI><a href="#[2a2]">&gt;&gt;</a>&nbsp;&nbsp;&nbsp;Map194_Write
<LI><a href="#[2a1]">&gt;&gt;</a>&nbsp;&nbsp;&nbsp;Map193_Sram
<LI><a href="#[29f]">&gt;&gt;</a>&nbsp;&nbsp;&nbsp;Map191_Set_CPU_Banks
<LI><a href="#[29e]">&gt;&gt;</a>&nbsp;&nbsp;&nbsp;Map191_Set_PPU_Banks
<LI><a href="#[29d]">&gt;&gt;</a>&nbsp;&nbsp;&nbsp;Map189_Write
<LI><a href="#[29c]">&gt;&gt;</a>&nbsp;&nbsp;&nbsp;Map189_Apu
<LI><a href="#[29a]">&gt;&gt;</a>&nbsp;&nbsp;&nbsp;Map187_Set_PPU_Banks
<LI><a href="#[298]">&gt;&gt;</a>&nbsp;&nbsp;&nbsp;Map187_Set_CPU_Banks
<LI><a href="#[34]">&gt;&gt;</a>&nbsp;&nbsp;&nbsp;Map183_Write
<LI><a href="#[296]">&gt;&gt;</a>&nbsp;&nbsp;&nbsp;Map182_Write
<LI><a href="#[295]">&gt;&gt;</a>&nbsp;&nbsp;&nbsp;Map181_Apu
<LI><a href="#[294]">&gt;&gt;</a>&nbsp;&nbsp;&nbsp;Map180_Write
<LI><a href="#[33]">&gt;&gt;</a>&nbsp;&nbsp;&nbsp;Map160_Write
<LI><a href="#[293]">&gt;&gt;</a>&nbsp;&nbsp;&nbsp;Map160_HSync
<LI><a href="#[292]">&gt;&gt;</a>&nbsp;&nbsp;&nbsp;Map151_Write
<LI><a href="#[290]">&gt;&gt;</a>&nbsp;&nbsp;&nbsp;Map140_Apu
<LI><a href="#[28f]">&gt;&gt;</a>&nbsp;&nbsp;&nbsp;Map135_Apu
<LI><a href="#[28e]">&gt;&gt;</a>&nbsp;&nbsp;&nbsp;Map135_Set_PPU_Banks
<LI><a href="#[31]">&gt;&gt;</a>&nbsp;&nbsp;&nbsp;Map134_Apu
<LI><a href="#[28d]">&gt;&gt;</a>&nbsp;&nbsp;&nbsp;Map133_Apu
<LI><a href="#[28c]">&gt;&gt;</a>&nbsp;&nbsp;&nbsp;Map122_Sram
<LI><a href="#[28a]">&gt;&gt;</a>&nbsp;&nbsp;&nbsp;Map119_Set_CPU_Banks
<LI><a href="#[289]">&gt;&gt;</a>&nbsp;&nbsp;&nbsp;Map119_Set_PPU_Banks
<LI><a href="#[2f]">&gt;&gt;</a>&nbsp;&nbsp;&nbsp;Map117_Write
<LI><a href="#[284]">&gt;&gt;</a>&nbsp;&nbsp;&nbsp;Map116_Set_CPU_Banks
<LI><a href="#[283]">&gt;&gt;</a>&nbsp;&nbsp;&nbsp;Map116_Set_PPU_Banks
<LI><a href="#[280]">&gt;&gt;</a>&nbsp;&nbsp;&nbsp;Map115_Set_CPU_Banks
<LI><a href="#[27f]">&gt;&gt;</a>&nbsp;&nbsp;&nbsp;Map115_Set_PPU_Banks
<LI><a href="#[27a]">&gt;&gt;</a>&nbsp;&nbsp;&nbsp;Map113_Write
<LI><a href="#[279]">&gt;&gt;</a>&nbsp;&nbsp;&nbsp;Map113_Apu
<LI><a href="#[275]">&gt;&gt;</a>&nbsp;&nbsp;&nbsp;Map110_Apu
<LI><a href="#[274]">&gt;&gt;</a>&nbsp;&nbsp;&nbsp;Map109_Apu
<LI><a href="#[273]">&gt;&gt;</a>&nbsp;&nbsp;&nbsp;Map109_Set_PPU_Banks
<LI><a href="#[8b]">&gt;&gt;</a>&nbsp;&nbsp;&nbsp;Map108_Init
<LI><a href="#[272]">&gt;&gt;</a>&nbsp;&nbsp;&nbsp;Map108_Write
<LI><a href="#[271]">&gt;&gt;</a>&nbsp;&nbsp;&nbsp;Map107_Write
<LI><a href="#[2c]">&gt;&gt;</a>&nbsp;&nbsp;&nbsp;Map105_Write
<LI><a href="#[270]">&gt;&gt;</a>&nbsp;&nbsp;&nbsp;Map101_Write
<LI><a href="#[26f]">&gt;&gt;</a>&nbsp;&nbsp;&nbsp;Map100_Set_CPU_Banks
<LI><a href="#[26e]">&gt;&gt;</a>&nbsp;&nbsp;&nbsp;Map100_Set_PPU_Banks
<LI><a href="#[26d]">&gt;&gt;</a>&nbsp;&nbsp;&nbsp;Map99_Apu
<LI><a href="#[26c]">&gt;&gt;</a>&nbsp;&nbsp;&nbsp;Map97_Write
<LI><a href="#[26b]">&gt;&gt;</a>&nbsp;&nbsp;&nbsp;Map96_Write
<LI><a href="#[265]">&gt;&gt;</a>&nbsp;&nbsp;&nbsp;Map94_Write
<LI><a href="#[264]">&gt;&gt;</a>&nbsp;&nbsp;&nbsp;Map93_Sram
<LI><a href="#[263]">&gt;&gt;</a>&nbsp;&nbsp;&nbsp;Map92_Write
<LI><a href="#[262]">&gt;&gt;</a>&nbsp;&nbsp;&nbsp;Map91_Sram
<LI><a href="#[260]">&gt;&gt;</a>&nbsp;&nbsp;&nbsp;Map90_Sync_Prg_Banks
<LI><a href="#[25d]">&gt;&gt;</a>&nbsp;&nbsp;&nbsp;Map89_Write
<LI><a href="#[25c]">&gt;&gt;</a>&nbsp;&nbsp;&nbsp;Map88_Write
<LI><a href="#[25b]">&gt;&gt;</a>&nbsp;&nbsp;&nbsp;Map87_Sram
<LI><a href="#[25a]">&gt;&gt;</a>&nbsp;&nbsp;&nbsp;Map86_Sram
<LI><a href="#[25]">&gt;&gt;</a>&nbsp;&nbsp;&nbsp;Map83_Write
<LI><a href="#[24]">&gt;&gt;</a>&nbsp;&nbsp;&nbsp;Map82_Sram
<LI><a href="#[259]">&gt;&gt;</a>&nbsp;&nbsp;&nbsp;Map80_Sram
<LI><a href="#[258]">&gt;&gt;</a>&nbsp;&nbsp;&nbsp;Map79_Apu
<LI><a href="#[257]">&gt;&gt;</a>&nbsp;&nbsp;&nbsp;Map78_Write
<LI><a href="#[256]">&gt;&gt;</a>&nbsp;&nbsp;&nbsp;Map77_Write
<LI><a href="#[255]">&gt;&gt;</a>&nbsp;&nbsp;&nbsp;Map76_Write
<LI><a href="#[254]">&gt;&gt;</a>&nbsp;&nbsp;&nbsp;Map75_Write
<LI><a href="#[250]">&gt;&gt;</a>&nbsp;&nbsp;&nbsp;Map73_Write
<LI><a href="#[24f]">&gt;&gt;</a>&nbsp;&nbsp;&nbsp;Map72_Write
<LI><a href="#[24e]">&gt;&gt;</a>&nbsp;&nbsp;&nbsp;Map71_Write
<LI><a href="#[24d]">&gt;&gt;</a>&nbsp;&nbsp;&nbsp;Map70_Write
<LI><a href="#[24c]">&gt;&gt;</a>&nbsp;&nbsp;&nbsp;Map69_Write
<LI><a href="#[24b]">&gt;&gt;</a>&nbsp;&nbsp;&nbsp;Map68_Write
<LI><a href="#[249]">&gt;&gt;</a>&nbsp;&nbsp;&nbsp;Map67_Write
<LI><a href="#[248]">&gt;&gt;</a>&nbsp;&nbsp;&nbsp;Map66_Write
<LI><a href="#[247]">&gt;&gt;</a>&nbsp;&nbsp;&nbsp;Map65_Write
<LI><a href="#[21]">&gt;&gt;</a>&nbsp;&nbsp;&nbsp;Map64_Write
<LI><a href="#[246]">&gt;&gt;</a>&nbsp;&nbsp;&nbsp;Map62_Write
<LI><a href="#[245]">&gt;&gt;</a>&nbsp;&nbsp;&nbsp;Map61_Write
<LI><a href="#[244]">&gt;&gt;</a>&nbsp;&nbsp;&nbsp;Map60_Write
<LI><a href="#[243]">&gt;&gt;</a>&nbsp;&nbsp;&nbsp;Map58_Write
<LI><a href="#[20]">&gt;&gt;</a>&nbsp;&nbsp;&nbsp;Map57_Write
<LI><a href="#[240]">&gt;&gt;</a>&nbsp;&nbsp;&nbsp;Map51_Set_CPU_Banks
<LI><a href="#[60]">&gt;&gt;</a>&nbsp;&nbsp;&nbsp;Map50_Init
<LI><a href="#[23f]">&gt;&gt;</a>&nbsp;&nbsp;&nbsp;Map50_Apu
<LI><a href="#[23a]">&gt;&gt;</a>&nbsp;&nbsp;&nbsp;Map48_Write
<LI><a href="#[233]">&gt;&gt;</a>&nbsp;&nbsp;&nbsp;Map46_Set_ROM_Banks
<LI><a href="#[232]">&gt;&gt;</a>&nbsp;&nbsp;&nbsp;Map45_Set_CPU_Bank4
<LI><a href="#[231]">&gt;&gt;</a>&nbsp;&nbsp;&nbsp;Map45_Set_CPU_Bank5
<LI><a href="#[230]">&gt;&gt;</a>&nbsp;&nbsp;&nbsp;Map45_Set_CPU_Bank6
<LI><a href="#[22f]">&gt;&gt;</a>&nbsp;&nbsp;&nbsp;Map45_Set_CPU_Bank7
<LI><a href="#[229]">&gt;&gt;</a>&nbsp;&nbsp;&nbsp;Map42_Write
<LI><a href="#[228]">&gt;&gt;</a>&nbsp;&nbsp;&nbsp;Map41_Write
<LI><a href="#[227]">&gt;&gt;</a>&nbsp;&nbsp;&nbsp;Map41_Sram
<LI><a href="#[226]">&gt;&gt;</a>&nbsp;&nbsp;&nbsp;Map40_Write
<LI><a href="#[225]">&gt;&gt;</a>&nbsp;&nbsp;&nbsp;Map34_Write
<LI><a href="#[224]">&gt;&gt;</a>&nbsp;&nbsp;&nbsp;Map34_Sram
<LI><a href="#[223]">&gt;&gt;</a>&nbsp;&nbsp;&nbsp;Map33_Write
<LI><a href="#[222]">&gt;&gt;</a>&nbsp;&nbsp;&nbsp;Map32_Write
<LI><a href="#[1a]">&gt;&gt;</a>&nbsp;&nbsp;&nbsp;Map26_Write
<LI><a href="#[221]">&gt;&gt;</a>&nbsp;&nbsp;&nbsp;Map25_Write
<LI><a href="#[220]">&gt;&gt;</a>&nbsp;&nbsp;&nbsp;Map25_Sync_Vrom
<LI><a href="#[21f]">&gt;&gt;</a>&nbsp;&nbsp;&nbsp;Map24_Write
<LI><a href="#[18]">&gt;&gt;</a>&nbsp;&nbsp;&nbsp;Map23_Write
<LI><a href="#[21e]">&gt;&gt;</a>&nbsp;&nbsp;&nbsp;Map22_Write
<LI><a href="#[21d]">&gt;&gt;</a>&nbsp;&nbsp;&nbsp;Map21_Write
<LI><a href="#[17]">&gt;&gt;</a>&nbsp;&nbsp;&nbsp;Map18_Write
<LI><a href="#[15]">&gt;&gt;</a>&nbsp;&nbsp;&nbsp;Map17_Apu
<LI><a href="#[21c]">&gt;&gt;</a>&nbsp;&nbsp;&nbsp;Map16_Write
<LI><a href="#[21b]">&gt;&gt;</a>&nbsp;&nbsp;&nbsp;Map15_Write
<LI><a href="#[21a]">&gt;&gt;</a>&nbsp;&nbsp;&nbsp;Map13_Write
<LI><a href="#[219]">&gt;&gt;</a>&nbsp;&nbsp;&nbsp;Map11_Write
<LI><a href="#[218]">&gt;&gt;</a>&nbsp;&nbsp;&nbsp;Map10_Write
<LI><a href="#[217]">&gt;&gt;</a>&nbsp;&nbsp;&nbsp;Map9_Write
<LI><a href="#[216]">&gt;&gt;</a>&nbsp;&nbsp;&nbsp;Map8_Write
<LI><a href="#[215]">&gt;&gt;</a>&nbsp;&nbsp;&nbsp;Map7_Write
<LI><a href="#[211]">&gt;&gt;</a>&nbsp;&nbsp;&nbsp;Map3_Write
<LI><a href="#[210]">&gt;&gt;</a>&nbsp;&nbsp;&nbsp;Map2_Write
<LI><a href="#[a]">&gt;&gt;</a>&nbsp;&nbsp;&nbsp;Map1_Write
<LI><a href="#[202]">&gt;&gt;</a>&nbsp;&nbsp;&nbsp;InfoNES_Cycle
<LI><a href="#[13f]">&gt;&gt;</a>&nbsp;&nbsp;&nbsp;chk_mounted
<LI><a href="#[136]">&gt;&gt;</a>&nbsp;&nbsp;&nbsp;dir_register
<LI><a href="#[2c3]">&gt;&gt;</a>&nbsp;&nbsp;&nbsp;Map255_Write
<LI><a href="#[3b]">&gt;&gt;</a>&nbsp;&nbsp;&nbsp;Map252_Write
<LI><a href="#[2c0]">&gt;&gt;</a>&nbsp;&nbsp;&nbsp;Map251_Set_Banks
<LI><a href="#[2bf]">&gt;&gt;</a>&nbsp;&nbsp;&nbsp;Map249_Write
<LI><a href="#[2bc]">&gt;&gt;</a>&nbsp;&nbsp;&nbsp;Map248_Sram
<LI><a href="#[2bb]">&gt;&gt;</a>&nbsp;&nbsp;&nbsp;Map248_Set_CPU_Banks
<LI><a href="#[2ba]">&gt;&gt;</a>&nbsp;&nbsp;&nbsp;Map248_Set_PPU_Banks
<LI><a href="#[2b9]">&gt;&gt;</a>&nbsp;&nbsp;&nbsp;Map246_Sram
<LI><a href="#[2b8]">&gt;&gt;</a>&nbsp;&nbsp;&nbsp;Map245_Write
<LI><a href="#[197]">&gt;&gt;</a>&nbsp;&nbsp;&nbsp;_btod_etento
</UL>

<P><STRONG><a name="[12b]"></a>clust2sect</STRONG> (ARM, 48 bytes, Stack size 0 bytes, ff.o(.text))
<BR><BR>[Called By]<UL><LI><a href="#[149]">&gt;&gt;</a>&nbsp;&nbsp;&nbsp;f_lseek
<LI><a href="#[145]">&gt;&gt;</a>&nbsp;&nbsp;&nbsp;f_read
<LI><a href="#[151]">&gt;&gt;</a>&nbsp;&nbsp;&nbsp;f_rename
<LI><a href="#[14e]">&gt;&gt;</a>&nbsp;&nbsp;&nbsp;f_mkdir
<LI><a href="#[146]">&gt;&gt;</a>&nbsp;&nbsp;&nbsp;f_write
<LI><a href="#[12c]">&gt;&gt;</a>&nbsp;&nbsp;&nbsp;dir_next
<LI><a href="#[12a]">&gt;&gt;</a>&nbsp;&nbsp;&nbsp;dir_sdi
</UL>

<P><STRONG><a name="[126]"></a>get_fat</STRONG> (ARM, 372 bytes, Stack size 24 bytes, ff.o(.text))
<BR><BR>[Stack]<UL><LI>Max Depth = 520 + Unknown Stack Size
<LI>Call Chain = get_fat &rArr; move_window &rArr; disk_write &rArr; Write_Mult_Block &rArr; CMD25 &rArr; Chk_CMD_End &rArr; Uart_Printf &rArr; __c89vsprintf &rArr; _printf_char_common &rArr; __printf
</UL>
<BR>[Calls]<UL><LI><a href="#[120]">&gt;&gt;</a>&nbsp;&nbsp;&nbsp;move_window
</UL>
<BR>[Called By]<UL><LI><a href="#[149]">&gt;&gt;</a>&nbsp;&nbsp;&nbsp;f_lseek
<LI><a href="#[145]">&gt;&gt;</a>&nbsp;&nbsp;&nbsp;f_read
<LI><a href="#[14c]">&gt;&gt;</a>&nbsp;&nbsp;&nbsp;f_truncate
<LI><a href="#[14b]">&gt;&gt;</a>&nbsp;&nbsp;&nbsp;f_getfree
<LI><a href="#[12c]">&gt;&gt;</a>&nbsp;&nbsp;&nbsp;dir_next
<LI><a href="#[12a]">&gt;&gt;</a>&nbsp;&nbsp;&nbsp;dir_sdi
<LI><a href="#[129]">&gt;&gt;</a>&nbsp;&nbsp;&nbsp;create_chain
<LI><a href="#[128]">&gt;&gt;</a>&nbsp;&nbsp;&nbsp;remove_chain
</UL>

<P><STRONG><a name="[127]"></a>put_fat</STRONG> (ARM, 508 bytes, Stack size 32 bytes, ff.o(.text))
<BR><BR>[Stack]<UL><LI>Max Depth = 528 + Unknown Stack Size
<LI>Call Chain = put_fat &rArr; move_window &rArr; disk_write &rArr; Write_Mult_Block &rArr; CMD25 &rArr; Chk_CMD_End &rArr; Uart_Printf &rArr; __c89vsprintf &rArr; _printf_char_common &rArr; __printf
</UL>
<BR>[Calls]<UL><LI><a href="#[120]">&gt;&gt;</a>&nbsp;&nbsp;&nbsp;move_window
</UL>
<BR>[Called By]<UL><LI><a href="#[14c]">&gt;&gt;</a>&nbsp;&nbsp;&nbsp;f_truncate
<LI><a href="#[129]">&gt;&gt;</a>&nbsp;&nbsp;&nbsp;create_chain
<LI><a href="#[128]">&gt;&gt;</a>&nbsp;&nbsp;&nbsp;remove_chain
</UL>

<P><STRONG><a name="[12f]"></a>gen_numname</STRONG> (ARM, 320 bytes, Stack size 40 bytes, ff.o(.text))
<BR><BR>[Stack]<UL><LI>Max Depth = 52<LI>Call Chain = gen_numname &rArr; mem_cpy
</UL>
<BR>[Calls]<UL><LI><a href="#[130]">&gt;&gt;</a>&nbsp;&nbsp;&nbsp;mem_cpy
</UL>
<BR>[Called By]<UL><LI><a href="#[136]">&gt;&gt;</a>&nbsp;&nbsp;&nbsp;dir_register
</UL>

<P><STRONG><a name="[10f]"></a>f_mount</STRONG> (ARM, 76 bytes, Stack size 0 bytes, ff.o(.text))
<BR><BR>[Called By]<UL><LI><a href="#[c7]">&gt;&gt;</a>&nbsp;&nbsp;&nbsp;Main
</UL>

<P><STRONG><a name="[144]"></a>get_fattime</STRONG> (ARM, 8 bytes, Stack size 0 bytes, ff.o(.text))
<BR><BR>[Called By]<UL><LI><a href="#[143]">&gt;&gt;</a>&nbsp;&nbsp;&nbsp;f_open
<LI><a href="#[14e]">&gt;&gt;</a>&nbsp;&nbsp;&nbsp;f_mkdir
<LI><a href="#[147]">&gt;&gt;</a>&nbsp;&nbsp;&nbsp;f_sync
</UL>

<P><STRONG><a name="[143]"></a>f_open</STRONG> (ARM, 616 bytes, Stack size 88 bytes, ff.o(.text))
<BR><BR>[Stack]<UL><LI>Max Depth = 760 + Unknown Stack Size
<LI>Call Chain = f_open &rArr; dir_register &rArr; dir_find &rArr; dir_next &rArr; create_chain &rArr; put_fat &rArr; move_window &rArr; disk_write &rArr; Write_Mult_Block &rArr; CMD25 &rArr; Chk_CMD_End &rArr; Uart_Printf &rArr; __c89vsprintf &rArr; _printf_char_common &rArr; __printf
</UL>
<BR>[Calls]<UL><LI><a href="#[144]">&gt;&gt;</a>&nbsp;&nbsp;&nbsp;get_fattime
<LI><a href="#[13f]">&gt;&gt;</a>&nbsp;&nbsp;&nbsp;chk_mounted
<LI><a href="#[13d]">&gt;&gt;</a>&nbsp;&nbsp;&nbsp;follow_path
<LI><a href="#[136]">&gt;&gt;</a>&nbsp;&nbsp;&nbsp;dir_register
<LI><a href="#[128]">&gt;&gt;</a>&nbsp;&nbsp;&nbsp;remove_chain
<LI><a href="#[120]">&gt;&gt;</a>&nbsp;&nbsp;&nbsp;move_window
</UL>
<BR>[Called By]<UL><LI><a href="#[1eb]">&gt;&gt;</a>&nbsp;&nbsp;&nbsp;LoadRomImage
</UL>

<P><STRONG><a name="[145]"></a>f_read</STRONG> (ARM, 768 bytes, Stack size 64 bytes, ff.o(.text))
<BR><BR>[Stack]<UL><LI>Max Depth = 584 + Unknown Stack Size
<LI>Call Chain = f_read &rArr; get_fat &rArr; move_window &rArr; disk_write &rArr; Write_Mult_Block &rArr; CMD25 &rArr; Chk_CMD_End &rArr; Uart_Printf &rArr; __c89vsprintf &rArr; _printf_char_common &rArr; __printf
</UL>
<BR>[Calls]<UL><LI><a href="#[126]">&gt;&gt;</a>&nbsp;&nbsp;&nbsp;get_fat
<LI><a href="#[12b]">&gt;&gt;</a>&nbsp;&nbsp;&nbsp;clust2sect
<LI><a href="#[142]">&gt;&gt;</a>&nbsp;&nbsp;&nbsp;validate
<LI><a href="#[130]">&gt;&gt;</a>&nbsp;&nbsp;&nbsp;mem_cpy
<LI><a href="#[121]">&gt;&gt;</a>&nbsp;&nbsp;&nbsp;disk_write
<LI><a href="#[122]">&gt;&gt;</a>&nbsp;&nbsp;&nbsp;disk_read
</UL>
<BR>[Called By]<UL><LI><a href="#[1eb]">&gt;&gt;</a>&nbsp;&nbsp;&nbsp;LoadRomImage
</UL>

<P><STRONG><a name="[146]"></a>f_write</STRONG> (ARM, 904 bytes, Stack size 64 bytes, ff.o(.text), UNUSED)
<BR><BR>[Calls]<UL><LI><a href="#[12b]">&gt;&gt;</a>&nbsp;&nbsp;&nbsp;clust2sect
<LI><a href="#[142]">&gt;&gt;</a>&nbsp;&nbsp;&nbsp;validate
<LI><a href="#[129]">&gt;&gt;</a>&nbsp;&nbsp;&nbsp;create_chain
<LI><a href="#[130]">&gt;&gt;</a>&nbsp;&nbsp;&nbsp;mem_cpy
<LI><a href="#[121]">&gt;&gt;</a>&nbsp;&nbsp;&nbsp;disk_write
<LI><a href="#[122]">&gt;&gt;</a>&nbsp;&nbsp;&nbsp;disk_read
</UL>

<P><STRONG><a name="[147]"></a>f_sync</STRONG> (ARM, 340 bytes, Stack size 24 bytes, ff.o(.text))
<BR><BR>[Stack]<UL><LI>Max Depth = 536 + Unknown Stack Size
<LI>Call Chain = f_sync &rArr; sync &rArr; move_window &rArr; disk_write &rArr; Write_Mult_Block &rArr; CMD25 &rArr; Chk_CMD_End &rArr; Uart_Printf &rArr; __c89vsprintf &rArr; _printf_char_common &rArr; __printf
</UL>
<BR>[Calls]<UL><LI><a href="#[144]">&gt;&gt;</a>&nbsp;&nbsp;&nbsp;get_fattime
<LI><a href="#[142]">&gt;&gt;</a>&nbsp;&nbsp;&nbsp;validate
<LI><a href="#[123]">&gt;&gt;</a>&nbsp;&nbsp;&nbsp;sync
<LI><a href="#[120]">&gt;&gt;</a>&nbsp;&nbsp;&nbsp;move_window
<LI><a href="#[121]">&gt;&gt;</a>&nbsp;&nbsp;&nbsp;disk_write
</UL>
<BR>[Called By]<UL><LI><a href="#[148]">&gt;&gt;</a>&nbsp;&nbsp;&nbsp;f_close
</UL>

<P><STRONG><a name="[148]"></a>f_close</STRONG> (ARM, 44 bytes, Stack size 16 bytes, ff.o(.text))
<BR><BR>[Stack]<UL><LI>Max Depth = 552 + Unknown Stack Size
<LI>Call Chain = f_close &rArr; f_sync &rArr; sync &rArr; move_window &rArr; disk_write &rArr; Write_Mult_Block &rArr; CMD25 &rArr; Chk_CMD_End &rArr; Uart_Printf &rArr; __c89vsprintf &rArr; _printf_char_common &rArr; __printf
</UL>
<BR>[Calls]<UL><LI><a href="#[147]">&gt;&gt;</a>&nbsp;&nbsp;&nbsp;f_sync
</UL>
<BR>[Called By]<UL><LI><a href="#[1eb]">&gt;&gt;</a>&nbsp;&nbsp;&nbsp;LoadRomImage
</UL>

<P><STRONG><a name="[149]"></a>f_lseek</STRONG> (ARM, 744 bytes, Stack size 40 bytes, ff.o(.text), UNUSED)
<BR><BR>[Calls]<UL><LI><a href="#[f2]">&gt;&gt;</a>&nbsp;&nbsp;&nbsp;__aeabi_idivmod
<LI><a href="#[126]">&gt;&gt;</a>&nbsp;&nbsp;&nbsp;get_fat
<LI><a href="#[12b]">&gt;&gt;</a>&nbsp;&nbsp;&nbsp;clust2sect
<LI><a href="#[142]">&gt;&gt;</a>&nbsp;&nbsp;&nbsp;validate
<LI><a href="#[129]">&gt;&gt;</a>&nbsp;&nbsp;&nbsp;create_chain
<LI><a href="#[121]">&gt;&gt;</a>&nbsp;&nbsp;&nbsp;disk_write
[...]
<BR><BR>[Stack]<UL><LI>Max Depth = 16<LI>Call Chain = K6502_ReadZpW(unsigned char)
</UL>
<BR>[Calls]<UL><LI><a href="#[20d]">&gt;&gt;</a>&nbsp;&nbsp;&nbsp;K6502_ReadZp(unsigned char)
</UL>
<BR>[Called By]<UL><LI><a href="#[203]">&gt;&gt;</a>&nbsp;&nbsp;&nbsp;K6502_Step
<LI><a href="#[20b]">&gt;&gt;</a>&nbsp;&nbsp;&nbsp;K6502_ReadIY()
</UL>

<P><STRONG><a name="[130]"></a>mem_cpy</STRONG> (ARM, 80 bytes, Stack size 12 bytes, ff.o(.text))
<BR><BR>[Stack]<UL><LI>Max Depth = 12<LI>Call Chain = mem_cpy
</UL>
<BR>[Called By]<UL><LI><a href="#[145]">&gt;&gt;</a>&nbsp;&nbsp;&nbsp;f_read
<LI><a href="#[151]">&gt;&gt;</a>&nbsp;&nbsp;&nbsp;f_rename
<LI><a href="#[14e]">&gt;&gt;</a>&nbsp;&nbsp;&nbsp;f_mkdir
<LI><a href="#[14d]">&gt;&gt;</a>&nbsp;&nbsp;&nbsp;f_unlink
<LI><a href="#[146]">&gt;&gt;</a>&nbsp;&nbsp;&nbsp;f_write
<LI><a href="#[12f]">&gt;&gt;</a>&nbsp;&nbsp;&nbsp;gen_numname
<LI><a href="#[136]">&gt;&gt;</a>&nbsp;&nbsp;&nbsp;dir_register
</UL>

<P><STRONG><a name="[124]"></a>mem_set</STRONG> (ARM, 32 bytes, Stack size 8 bytes, ff.o(.text))
<BR><BR>[Stack]<UL><LI>Max Depth = 8<LI>Call Chain = mem_set
</UL>
<BR>[Called By]<UL><LI><a href="#[14e]">&gt;&gt;</a>&nbsp;&nbsp;&nbsp;f_mkdir
<LI><a href="#[139]">&gt;&gt;</a>&nbsp;&nbsp;&nbsp;create_name
<LI><a href="#[136]">&gt;&gt;</a>&nbsp;&nbsp;&nbsp;dir_register
<LI><a href="#[12c]">&gt;&gt;</a>&nbsp;&nbsp;&nbsp;dir_next
<LI><a href="#[123]">&gt;&gt;</a>&nbsp;&nbsp;&nbsp;sync
</UL>

<P><STRONG><a name="[133]"></a>mem_cmp</STRONG> (ARM, 60 bytes, Stack size 20 bytes, ff.o(.text))
<BR><BR>[Stack]<UL><LI>Max Depth = 20<LI>Call Chain = mem_cmp
</UL>
<BR>[Called By]<UL><LI><a href="#[131]">&gt;&gt;</a>&nbsp;&nbsp;&nbsp;dir_find
</UL>

<P><STRONG><a name="[13b]"></a>chk_chr</STRONG> (ARM, 44 bytes, Stack size 0 bytes, ff.o(.text))
<BR><BR>[Called By]<UL><LI><a href="#[139]">&gt;&gt;</a>&nbsp;&nbsp;&nbsp;create_name
</UL>

<P><STRONG><a name="[120]"></a>move_window</STRONG> (ARM, 212 bytes, Stack size 24 bytes, ff.o(.text))
<BR><BR>[Stack]<UL><LI>Max Depth = 496 + Unknown Stack Size
<LI>Call Chain = move_window &rArr; disk_write &rArr; Write_Mult_Block &rArr; CMD25 &rArr; Chk_CMD_End &rArr; Uart_Printf &rArr; __c89vsprintf &rArr; _printf_char_common &rArr; __printf
</UL>
<BR>[Calls]<UL><LI><a href="#[121]">&gt;&gt;</a>&nbsp;&nbsp;&nbsp;disk_write
<LI><a href="#[122]">&gt;&gt;</a>&nbsp;&nbsp;&nbsp;disk_read
</UL>
<BR>[Called By]<UL><LI><a href="#[143]">&gt;&gt;</a>&nbsp;&nbsp;&nbsp;f_open
<LI><a href="#[151]">&gt;&gt;</a>&nbsp;&nbsp;&nbsp;f_rename
<LI><a href="#[14e]">&gt;&gt;</a>&nbsp;&nbsp;&nbsp;f_mkdir
<LI><a href="#[14b]">&gt;&gt;</a>&nbsp;&nbsp;&nbsp;f_getfree
<LI><a href="#[147]">&gt;&gt;</a>&nbsp;&nbsp;&nbsp;f_sync
<LI><a href="#[127]">&gt;&gt;</a>&nbsp;&nbsp;&nbsp;put_fat
<LI><a href="#[126]">&gt;&gt;</a>&nbsp;&nbsp;&nbsp;get_fat
<LI><a href="#[138]">&gt;&gt;</a>&nbsp;&nbsp;&nbsp;dir_remove
<LI><a href="#[136]">&gt;&gt;</a>&nbsp;&nbsp;&nbsp;dir_register
<LI><a href="#[134]">&gt;&gt;</a>&nbsp;&nbsp;&nbsp;dir_read
<LI><a href="#[131]">&gt;&gt;</a>&nbsp;&nbsp;&nbsp;dir_find
<LI><a href="#[12c]">&gt;&gt;</a>&nbsp;&nbsp;&nbsp;dir_next
<LI><a href="#[123]">&gt;&gt;</a>&nbsp;&nbsp;&nbsp;sync
</UL>

<P><STRONG><a name="[123]"></a>sync</STRONG> (ARM, 324 bytes, Stack size 16 bytes, ff.o(.text))
<BR><BR>[Stack]<UL><LI>Max Depth = 512 + Unknown Stack Size
<LI>Call Chain = sync &rArr; move_window &rArr; disk_write &rArr; Write_Mult_Block &rArr; CMD25 &rArr; Chk_CMD_End &rArr; Uart_Printf &rArr; __c89vsprintf &rArr; _printf_char_common &rArr; __printf
</UL>
<BR>[Calls]<UL><LI><a href="#[120]">&gt;&gt;</a>&nbsp;&nbsp;&nbsp;move_window
<LI><a href="#[124]">&gt;&gt;</a>&nbsp;&nbsp;&nbsp;mem_set
<LI><a href="#[125]">&gt;&gt;</a>&nbsp;&nbsp;&nbsp;disk_ioctl
<LI><a href="#[121]">&gt;&gt;</a>&nbsp;&nbsp;&nbsp;disk_write
</UL>
<BR>[Called By]<UL><LI><a href="#[151]">&gt;&gt;</a>&nbsp;&nbsp;&nbsp;f_rename
<LI><a href="#[150]">&gt;&gt;</a>&nbsp;&nbsp;&nbsp;f_utime
<LI><a href="#[14f]">&gt;&gt;</a>&nbsp;&nbsp;&nbsp;f_chmod
<LI><a href="#[14e]">&gt;&gt;</a>&nbsp;&nbsp;&nbsp;f_mkdir
<LI><a href="#[14d]">&gt;&gt;</a>&nbsp;&nbsp;&nbsp;f_unlink
<LI><a href="#[147]">&gt;&gt;</a>&nbsp;&nbsp;&nbsp;f_sync
</UL>

<P><STRONG><a name="[128]"></a>remove_chain</STRONG> (ARM, 200 bytes, Stack size 24 bytes, ff.o(.text))
<BR><BR>[Stack]<UL><LI>Max Depth = 552 + Unknown Stack Size
<LI>Call Chain = remove_chain &rArr; put_fat &rArr; move_window &rArr; disk_write &rArr; Write_Mult_Block &rArr; CMD25 &rArr; Chk_CMD_End &rArr; Uart_Printf &rArr; __c89vsprintf &rArr; _printf_char_common &rArr; __printf
</UL>
<BR>[Calls]<UL><LI><a href="#[127]">&gt;&gt;</a>&nbsp;&nbsp;&nbsp;put_fat
<LI><a href="#[126]">&gt;&gt;</a>&nbsp;&nbsp;&nbsp;get_fat
</UL>
<BR>[Called By]<UL><LI><a href="#[143]">&gt;&gt;</a>&nbsp;&nbsp;&nbsp;f_open
<LI><a href="#[14e]">&gt;&gt;</a>&nbsp;&nbsp;&nbsp;f_mkdir
<LI><a href="#[14d]">&gt;&gt;</a>&nbsp;&nbsp;&nbsp;f_unlink
<LI><a href="#[14c]">&gt;&gt;</a>&nbsp;&nbsp;&nbsp;f_truncate
</UL>

<P><STRONG><a name="[129]"></a>create_chain</STRONG> (ARM, 360 bytes, Stack size 32 bytes, ff.o(.text))
<BR><BR>[Stack]<UL><LI>Max Depth = 560 + Unknown Stack Size
<LI>Call Chain = create_chain &rArr; put_fat &rArr; move_window &rArr; disk_write &rArr; Write_Mult_Block &rArr; CMD25 &rArr; Chk_CMD_End &rArr; Uart_Printf &rArr; __c89vsprintf &rArr; _printf_char_common &rArr; __printf
</UL>
<BR>[Calls]<UL><LI><a href="#[127]">&gt;&gt;</a>&nbsp;&nbsp;&nbsp;put_fat
<LI><a href="#[126]">&gt;&gt;</a>&nbsp;&nbsp;&nbsp;get_fat
</UL>
<BR>[Called By]<UL><LI><a href="#[149]">&gt;&gt;</a>&nbsp;&nbsp;&nbsp;f_lseek
<LI><a href="#[14e]">&gt;&gt;</a>&nbsp;&nbsp;&nbsp;f_mkdir
<LI><a href="#[146]">&gt;&gt;</a>&nbsp;&nbsp;&nbsp;f_write
<LI><a href="#[12c]">&gt;&gt;</a>&nbsp;&nbsp;&nbsp;dir_next
</UL>

<P><STRONG><a name="[12a]"></a>dir_sdi</STRONG> (ARM, 292 bytes, Stack size 24 bytes, ff.o(.text))
<BR><BR>[Stack]<UL><LI>Max Depth = 544 + Unknown Stack Size
<LI>Call Chain = dir_sdi &rArr; get_fat &rArr; move_window &rArr; disk_write &rArr; Write_Mult_Block &rArr; CMD25 &rArr; Chk_CMD_End &rArr; Uart_Printf &rArr; __c89vsprintf &rArr; _printf_char_common &rArr; __printf
</UL>
<BR>[Calls]<UL><LI><a href="#[126]">&gt;&gt;</a>&nbsp;&nbsp;&nbsp;get_fat
<LI><a href="#[12b]">&gt;&gt;</a>&nbsp;&nbsp;&nbsp;clust2sect
</UL>
<BR>[Called By]<UL><LI><a href="#[f6]">&gt;&gt;</a>&nbsp;&nbsp;&nbsp;f_readdir
<LI><a href="#[f4]">&gt;&gt;</a>&nbsp;&nbsp;&nbsp;f_opendir
<LI><a href="#[14d]">&gt;&gt;</a>&nbsp;&nbsp;&nbsp;f_unlink
<LI><a href="#[13d]">&gt;&gt;</a>&nbsp;&nbsp;&nbsp;follow_path
<LI><a href="#[138]">&gt;&gt;</a>&nbsp;&nbsp;&nbsp;dir_remove
<LI><a href="#[136]">&gt;&gt;</a>&nbsp;&nbsp;&nbsp;dir_register
<LI><a href="#[131]">&gt;&gt;</a>&nbsp;&nbsp;&nbsp;dir_find
</UL>

<P><STRONG><a name="[12c]"></a>dir_next</STRONG> (ARM, 512 bytes, Stack size 24 bytes, ff.o(.text))
<BR><BR>[Stack]<UL><LI>Max Depth = 584 + Unknown Stack Size
<LI>Call Chain = dir_next &rArr; create_chain &rArr; put_fat &rArr; move_window &rArr; disk_write &rArr; Write_Mult_Block &rArr; CMD25 &rArr; Chk_CMD_End &rArr; Uart_Printf &rArr; __c89vsprintf &rArr; _printf_char_common &rArr; __printf
</UL>
<BR>[Calls]<UL><LI><a href="#[126]">&gt;&gt;</a>&nbsp;&nbsp;&nbsp;get_fat
<LI><a href="#[12b]">&gt;&gt;</a>&nbsp;&nbsp;&nbsp;clust2sect
<LI><a href="#[129]">&gt;&gt;</a>&nbsp;&nbsp;&nbsp;create_chain
<LI><a href="#[120]">&gt;&gt;</a>&nbsp;&nbsp;&nbsp;move_window
<LI><a href="#[124]">&gt;&gt;</a>&nbsp;&nbsp;&nbsp;mem_set
</UL>
<BR>[Called By]<UL><LI><a href="#[f6]">&gt;&gt;</a>&nbsp;&nbsp;&nbsp;f_readdir
<LI><a href="#[138]">&gt;&gt;</a>&nbsp;&nbsp;&nbsp;dir_remove
<LI><a href="#[136]">&gt;&gt;</a>&nbsp;&nbsp;&nbsp;dir_register
<LI><a href="#[134]">&gt;&gt;</a>&nbsp;&nbsp;&nbsp;dir_read
<LI><a href="#[131]">&gt;&gt;</a>&nbsp;&nbsp;&nbsp;dir_find
</UL>

<P><STRONG><a name="[12d]"></a>cmp_lfn</STRONG> (ARM, 228 bytes, Stack size 32 bytes, ff.o(.text))
<BR><BR>[Stack]<UL><LI>Max Depth = 32<LI>Call Chain = cmp_lfn
</UL>
<BR>[Calls]<UL><LI><a href="#[12e]">&gt;&gt;</a>&nbsp;&nbsp;&nbsp;ff_wtoupper
</UL>
<BR>[Called By]<UL><LI><a href="#[131]">&gt;&gt;</a>&nbsp;&nbsp;&nbsp;dir_find
</UL>

<P><STRONG><a name="[135]"></a>pick_lfn</STRONG> (ARM, 204 bytes, Stack size 16 bytes, ff.o(.text))
<BR><BR>[Stack]<UL><LI>Max Depth = 16<LI>Call Chain = pick_lfn
</UL>
<BR>[Called By]<UL><LI><a href="#[134]">&gt;&gt;</a>&nbsp;&nbsp;&nbsp;dir_read
</UL>

<P><STRONG><a name="[137]"></a>fit_lfn</STRONG> (ARM, 196 bytes, Stack size 20 bytes, ff.o(.text))
<BR><BR>[Stack]<UL><LI>Max Depth = 20<LI>Call Chain = fit_lfn
</UL>
<BR>[Called By]<UL><LI><a href="#[136]">&gt;&gt;</a>&nbsp;&nbsp;&nbsp;dir_register
</UL>

<P><STRONG><a name="[132]"></a>sum_sfn</STRONG> (ARM, 56 bytes, Stack size 8 bytes, ff.o(.text))
<BR><BR>[Stack]<UL><LI>Max Depth = 8<LI>Call Chain = sum_sfn
</UL>
<BR>[Called By]<UL><LI><a href="#[136]">&gt;&gt;</a>&nbsp;&nbsp;&nbsp;dir_register
<LI><a href="#[134]">&gt;&gt;</a>&nbsp;&nbsp;&nbsp;dir_read
<LI><a href="#[131]">&gt;&gt;</a>&nbsp;&nbsp;&nbsp;dir_find
</UL>

<P><STRONG><a name="[131]"></a>dir_find</STRONG> (ARM, 372 bytes, Stack size 32 bytes, ff.o(.text))
<BR><BR>[Stack]<UL><LI>Max Depth = 616 + Unknown Stack Size
<LI>Call Chain = dir_find &rArr; dir_next &rArr; create_chain &rArr; put_fat &rArr; move_window &rArr; disk_write &rArr; Write_Mult_Block &rArr; CMD25 &rArr; Chk_CMD_End &rArr; Uart_Printf &rArr; __c89vsprintf &rArr; _printf_char_common &rArr; __printf
</UL>
<BR>[Calls]<UL><LI><a href="#[132]">&gt;&gt;</a>&nbsp;&nbsp;&nbsp;sum_sfn
<LI><a href="#[12d]">&gt;&gt;</a>&nbsp;&nbsp;&nbsp;cmp_lfn
<LI><a href="#[12c]">&gt;&gt;</a>&nbsp;&nbsp;&nbsp;dir_next
<LI><a href="#[12a]">&gt;&gt;</a>&nbsp;&nbsp;&nbsp;dir_sdi
<LI><a href="#[120]">&gt;&gt;</a>&nbsp;&nbsp;&nbsp;move_window
<LI><a href="#[133]">&gt;&gt;</a>&nbsp;&nbsp;&nbsp;mem_cmp
</UL>
<BR>[Called By]<UL><LI><a href="#[13d]">&gt;&gt;</a>&nbsp;&nbsp;&nbsp;follow_path
<LI><a href="#[136]">&gt;&gt;</a>&nbsp;&nbsp;&nbsp;dir_register
</UL>

<P><STRONG><a name="[134]"></a>dir_read</STRONG> (ARM, 336 bytes, Stack size 32 bytes, ff.o(.text))
<BR><BR>[Stack]<UL><LI>Max Depth = 616 + Unknown Stack Size
<LI>Call Chain = dir_read &rArr; dir_next &rArr; create_chain &rArr; put_fat &rArr; move_window &rArr; disk_write &rArr; Write_Mult_Block &rArr; CMD25 &rArr; Chk_CMD_End &rArr; Uart_Printf &rArr; __c89vsprintf &rArr; _printf_char_common &rArr; __printf
</UL>
<BR>[Calls]<UL><LI><a href="#[132]">&gt;&gt;</a>&nbsp;&nbsp;&nbsp;sum_sfn
<LI><a href="#[135]">&gt;&gt;</a>&nbsp;&nbsp;&nbsp;pick_lfn
<LI><a href="#[12c]">&gt;&gt;</a>&nbsp;&nbsp;&nbsp;dir_next
<LI><a href="#[120]">&gt;&gt;</a>&nbsp;&nbsp;&nbsp;move_window
</UL>
<BR>[Called By]<UL><LI><a href="#[f6]">&gt;&gt;</a>&nbsp;&nbsp;&nbsp;f_readdir
<LI><a href="#[14d]">&gt;&gt;</a>&nbsp;&nbsp;&nbsp;f_unlink
</UL>

<P><STRONG><a name="[136]"></a>dir_register</STRONG> (ARM, 708 bytes, Stack size 56 bytes, ff.o(.text))
<BR><BR>[Stack]<UL><LI>Max Depth = 672 + Unknown Stack Size
<LI>Call Chain = dir_register &rArr; dir_find &rArr; dir_next &rArr; create_chain &rArr; put_fat &rArr; move_window &rArr; disk_write &rArr; Write_Mult_Block &rArr; CMD25 &rArr; Chk_CMD_End &rArr; Uart_Printf &rArr; __c89vsprintf &rArr; _printf_char_common &rArr; __printf
</UL>
<BR>[Calls]<UL><LI><a href="#[f2]">&gt;&gt;</a>&nbsp;&nbsp;&nbsp;__aeabi_idivmod
<LI><a href="#[12f]">&gt;&gt;</a>&nbsp;&nbsp;&nbsp;gen_numname
<LI><a href="#[131]">&gt;&gt;</a>&nbsp;&nbsp;&nbsp;dir_find
<LI><a href="#[132]">&gt;&gt;</a>&nbsp;&nbsp;&nbsp;sum_sfn
<LI><a href="#[137]">&gt;&gt;</a>&nbsp;&nbsp;&nbsp;fit_lfn
<LI><a href="#[12c]">&gt;&gt;</a>&nbsp;&nbsp;&nbsp;dir_next
<LI><a href="#[12a]">&gt;&gt;</a>&nbsp;&nbsp;&nbsp;dir_sdi
<LI><a href="#[120]">&gt;&gt;</a>&nbsp;&nbsp;&nbsp;move_window
<LI><a href="#[124]">&gt;&gt;</a>&nbsp;&nbsp;&nbsp;mem_set
<LI><a href="#[130]">&gt;&gt;</a>&nbsp;&nbsp;&nbsp;mem_cpy
</UL>
<BR>[Called By]<UL><LI><a href="#[143]">&gt;&gt;</a>&nbsp;&nbsp;&nbsp;f_open
<LI><a href="#[151]">&gt;&gt;</a>&nbsp;&nbsp;&nbsp;f_rename
<LI><a href="#[14e]">&gt;&gt;</a>&nbsp;&nbsp;&nbsp;f_mkdir
</UL>

<P><STRONG><a name="[138]"></a>dir_remove</STRONG> (ARM, 188 bytes, Stack size 16 bytes, ff.o(.text), UNUSED)
<BR><BR>[Calls]<UL><LI><a href="#[12c]">&gt;&gt;</a>&nbsp;&nbsp;&nbsp;dir_next
<LI><a href="#[12a]">&gt;&gt;</a>&nbsp;&nbsp;&nbsp;dir_sdi
<LI><a href="#[120]">&gt;&gt;</a>&nbsp;&nbsp;&nbsp;move_window
</UL>
<BR>[Called By]<UL><LI><a href="#[151]">&gt;&gt;</a>&nbsp;&nbsp;&nbsp;f_rename
<LI><a href="#[14d]">&gt;&gt;</a>&nbsp;&nbsp;&nbsp;f_unlink
</UL>

<P><STRONG><a name="[139]"></a>create_name</STRONG> (ARM, 1104 bytes, Stack size 56 bytes, ff.o(.text))
<BR><BR>[Stack]<UL><LI>Max Depth = 80<LI>Call Chain = create_name &rArr; ff_convert
</UL>
<BR>[Calls]<UL><LI><a href="#[12e]">&gt;&gt;</a>&nbsp;&nbsp;&nbsp;ff_wtoupper
<LI><a href="#[13a]">&gt;&gt;</a>&nbsp;&nbsp;&nbsp;ff_convert
<LI><a href="#[13b]">&gt;&gt;</a>&nbsp;&nbsp;&nbsp;chk_chr
<LI><a href="#[124]">&gt;&gt;</a>&nbsp;&nbsp;&nbsp;mem_set
</UL>
<BR>[Called By]<UL><LI><a href="#[13d]">&gt;&gt;</a>&nbsp;&nbsp;&nbsp;follow_path
</UL>

<P><STRONG><a name="[13c]"></a>get_fileinfo</STRONG> (ARM, 520 bytes, Stack size 48 bytes, ff.o(.text))
<BR><BR>[Stack]<UL><LI>Max Depth = 72<LI>Call Chain = get_fileinfo &rArr; ff_convert
</UL>
<BR>[Calls]<UL><LI><a href="#[13a]">&gt;&gt;</a>&nbsp;&nbsp;&nbsp;ff_convert
</UL>
<BR>[Called By]<UL><LI><a href="#[f6]">&gt;&gt;</a>&nbsp;&nbsp;&nbsp;f_readdir
<LI><a href="#[14a]">&gt;&gt;</a>&nbsp;&nbsp;&nbsp;f_stat
</UL>

<P><STRONG><a name="[13d]"></a>follow_path</STRONG> (ARM, 280 bytes, Stack size 32 bytes, ff.o(.text))
<BR><BR>[Stack]<UL><LI>Max Depth = 648 + Unknown Stack Size
<LI>Call Chain = follow_path &rArr; dir_find &rArr; dir_next &rArr; create_chain &rArr; put_fat &rArr; move_window &rArr; disk_write &rArr; Write_Mult_Block &rArr; CMD25 &rArr; Chk_CMD_End &rArr; Uart_Printf &rArr; __c89vsprintf &rArr; _printf_char_common &rArr; __printf
</UL>
<BR>[Calls]<UL><LI><a href="#[139]">&gt;&gt;</a>&nbsp;&nbsp;&nbsp;create_name
<LI><a href="#[131]">&gt;&gt;</a>&nbsp;&nbsp;&nbsp;dir_find
<LI><a href="#[12a]">&gt;&gt;</a>&nbsp;&nbsp;&nbsp;dir_sdi
</UL>
<BR>[Called By]<UL><LI><a href="#[143]">&gt;&gt;</a>&nbsp;&nbsp;&nbsp;f_open
<LI><a href="#[f4]">&gt;&gt;</a>&nbsp;&nbsp;&nbsp;f_opendir
<LI><a href="#[151]">&gt;&gt;</a>&nbsp;&nbsp;&nbsp;f_rename
<LI><a href="#[150]">&gt;&gt;</a>&nbsp;&nbsp;&nbsp;f_utime
<LI><a href="#[14f]">&gt;&gt;</a>&nbsp;&nbsp;&nbsp;f_chmod
<LI><a href="#[14e]">&gt;&gt;</a>&nbsp;&nbsp;&nbsp;f_mkdir
<LI><a href="#[14d]">&gt;&gt;</a>&nbsp;&nbsp;&nbsp;f_unlink
<LI><a href="#[14a]">&gt;&gt;</a>&nbsp;&nbsp;&nbsp;f_stat
</UL>

<P><STRONG><a name="[13e]"></a>check_fs</STRONG> (ARM, 200 bytes, Stack size 16 bytes, ff.o(.text))
<BR><BR>[Stack]<UL><LI>Max Depth = 488 + Unknown Stack Size
<LI>Call Chain = check_fs &rArr; disk_read &rArr; Read_Mult_Block &rArr; CMD12 &rArr; Chk_CMD_End &rArr; Uart_Printf &rArr; __c89vsprintf &rArr; _printf_char_common &rArr; __printf
</UL>
<BR>[Calls]<UL><LI><a href="#[122]">&gt;&gt;</a>&nbsp;&nbsp;&nbsp;disk_read
</UL>
<BR>[Called By]<UL><LI><a href="#[13f]">&gt;&gt;</a>&nbsp;&nbsp;&nbsp;chk_mounted
</UL>

<P><STRONG><a name="[13f]"></a>chk_mounted</STRONG> (ARM, 1432 bytes, Stack size 80 bytes, ff.o(.text))
<BR><BR>[Stack]<UL><LI>Max Depth = 568 + Unknown Stack Size
<LI>Call Chain = chk_mounted &rArr; check_fs &rArr; disk_read &rArr; Read_Mult_Block &rArr; CMD12 &rArr; Chk_CMD_End &rArr; Uart_Printf &rArr; __c89vsprintf &rArr; _printf_char_common &rArr; __printf
</UL>
<BR>[Calls]<UL><LI><a href="#[f2]">&gt;&gt;</a>&nbsp;&nbsp;&nbsp;__aeabi_idivmod
<LI><a href="#[13e]">&gt;&gt;</a>&nbsp;&nbsp;&nbsp;check_fs
<LI><a href="#[122]">&gt;&gt;</a>&nbsp;&nbsp;&nbsp;disk_read
<LI><a href="#[140]">&gt;&gt;</a>&nbsp;&nbsp;&nbsp;disk_status
<LI><a href="#[141]">&gt;&gt;</a>&nbsp;&nbsp;&nbsp;disk_initialize
</UL>
<BR>[Called By]<UL><LI><a href="#[143]">&gt;&gt;</a>&nbsp;&nbsp;&nbsp;f_open
<LI><a href="#[f4]">&gt;&gt;</a>&nbsp;&nbsp;&nbsp;f_opendir
<LI><a href="#[151]">&gt;&gt;</a>&nbsp;&nbsp;&nbsp;f_rename
<LI><a href="#[150]">&gt;&gt;</a>&nbsp;&nbsp;&nbsp;f_utime
<LI><a href="#[14f]">&gt;&gt;</a>&nbsp;&nbsp;&nbsp;f_chmod
<LI><a href="#[14e]">&gt;&gt;</a>&nbsp;&nbsp;&nbsp;f_mkdir
<LI><a href="#[14d]">&gt;&gt;</a>&nbsp;&nbsp;&nbsp;f_unlink
<LI><a href="#[14b]">&gt;&gt;</a>&nbsp;&nbsp;&nbsp;f_getfree
<LI><a href="#[14a]">&gt;&gt;</a>&nbsp;&nbsp;&nbsp;f_stat
</UL>

<P><STRONG><a name="[142]"></a>validate</STRONG> (ARM, 84 bytes, Stack size 16 bytes, ff.o(.text))
<BR><BR>[Stack]<UL><LI>Max Depth = 16<LI>Call Chain = validate
</UL>
<BR>[Calls]<UL><LI><a href="#[140]">&gt;&gt;</a>&nbsp;&nbsp;&nbsp;disk_status
</UL>
<BR>[Called By]<UL><LI><a href="#[149]">&gt;&gt;</a>&nbsp;&nbsp;&nbsp;f_lseek
<LI><a href="#[145]">&gt;&gt;</a>&nbsp;&nbsp;&nbsp;f_read
<LI><a href="#[f6]">&gt;&gt;</a>&nbsp;&nbsp;&nbsp;f_readdir
<LI><a href="#[14c]">&gt;&gt;</a>&nbsp;&nbsp;&nbsp;f_truncate
<LI><a href="#[147]">&gt;&gt;</a>&nbsp;&nbsp;&nbsp;f_sync
<LI><a href="#[146]">&gt;&gt;</a>&nbsp;&nbsp;&nbsp;f_write
</UL>

<P><STRONG><a name="[11e]"></a>__arm_div8</STRONG> (ARM, 0 bytes, Stack size unknown bytes, aeabi_sdiv.o(.text))
<BR><BR>[Called By]<UL><LI><a href="#[f0]">&gt;&gt;</a>&nbsp;&nbsp;&nbsp;__aeabi_uidivmod
</UL>

<P><STRONG><a name="[11d]"></a>__arm_div5</STRONG> (ARM, 0 bytes, Stack size unknown bytes, aeabi_sdiv.o(.text))
<BR><BR>[Called By]<UL><LI><a href="#[f0]">&gt;&gt;</a>&nbsp;&nbsp;&nbsp;__aeabi_uidivmod
</UL>

<P><STRONG><a name="[11c]"></a>__arm_div2</STRONG> (ARM, 0 bytes, Stack size unknown bytes, aeabi_sdiv.o(.text))
<BR><BR>[Called By]<UL><LI><a href="#[f0]">&gt;&gt;</a>&nbsp;&nbsp;&nbsp;__aeabi_uidivmod
</UL>

<P><STRONG><a name="[11f]"></a>__arm_div_large</STRONG> (ARM, 0 bytes, Stack size unknown bytes, aeabi_sdiv.o(.text))
<BR><BR>[Called By]<UL><LI><a href="#[f0]">&gt;&gt;</a>&nbsp;&nbsp;&nbsp;__aeabi_uidivmod
</UL>

<P><STRONG><a name="[18e]"></a>_dadd1</STRONG> (ARM, 0 bytes, Stack size unknown bytes, daddsub_noclz.o(x$fpl$dadd), UNUSED)
<BR><BR>[Called By]<UL><LI><a href="#[18d]">&gt;&gt;</a>&nbsp;&nbsp;&nbsp;_dsub
</UL>

<P><STRONG><a name="[18c]"></a>_dsub1</STRONG> (ARM, 0 bytes, Stack size unknown bytes, daddsub_noclz.o(x$fpl$dsub), UNUSED)
<BR><BR>[Called By]<UL><LI><a href="#[18b]">&gt;&gt;</a>&nbsp;&nbsp;&nbsp;_dadd
</UL>

<P><STRONG><a name="[7]"></a>_printf_input_char</STRONG> (ARM, 20 bytes, Stack size 0 bytes, _printf_char_common.o(.text))
<BR>[Address Reference Count : 1]<UL><LI> _printf_char_common.o(.text)
</UL>
<P><STRONG><a name="[196]"></a>_fp_digits</STRONG> (ARM, 632 bytes, Stack size 96 bytes, _printf_fp_dec.o(.text))
<BR><BR>[Stack]<UL><LI>Max Depth = 216<LI>Call Chain = _fp_digits &rArr; _btod_etento &rArr; _btod_emul &rArr; _e2e
</UL>
<BR>[Calls]<UL><LI><a href="#[19b]">&gt;&gt;</a>&nbsp;&nbsp;&nbsp;_ll_udiv10
<LI><a href="#[19a]">&gt;&gt;</a>&nbsp;&nbsp;&nbsp;_btod_emul
<LI><a href="#[199]">&gt;&gt;</a>&nbsp;&nbsp;&nbsp;_btod_ediv
<LI><a href="#[198]">&gt;&gt;</a>&nbsp;&nbsp;&nbsp;_btod_d2e
<LI><a href="#[197]">&gt;&gt;</a>&nbsp;&nbsp;&nbsp;_btod_etento
</UL>
<BR>[Called By]<UL><LI><a href="#[195]">&gt;&gt;</a>&nbsp;&nbsp;&nbsp;_printf_fp_dec_real
</UL>
<P>
<H3>
Undefined Global Symbols
</H3>
<P><STRONG><a name="[d1]"></a>_printf_fp_hex</STRONG> (Unknown, 0 bytes, Stack size 0 bytes, UNDEFINED)
<BR><BR>[Called By]<UL><LI><a href="#[d0]">&gt;&gt;</a>&nbsp;&nbsp;&nbsp;_printf_a
</UL>

<P><STRONG><a name="[118]"></a>_printf_mbtowc</STRONG> (ARM, 0 bytes, Stack size 0 bytes, UNDEFINED)
<BR><BR>[Called By]<UL><LI><a href="#[117]">&gt;&gt;</a>&nbsp;&nbsp;&nbsp;_printf_cs_common
</UL>

<P><STRONG><a name="[1a7]"></a>_printf_wc</STRONG> (ARM, 0 bytes, Stack size 0 bytes, UNDEFINED)
<BR><BR>[Called By]<UL><LI><a href="#[1a6]">&gt;&gt;</a>&nbsp;&nbsp;&nbsp;_printf_lcs_common
</UL>
<HR></body></html>
