ARM Linker, 4.1 [Build 713] [Standard]

==============================================================================

Section Cross References

    uda1341.o(.text) refers to 2440lib.o(.text) for Uart_Printf
    uda1341.o(.text) refers to audiodrv.o(.text) for waveOutOpen
    uda1341.o(.text) refers to main.o(.data) for downloadAddress
    uda1341.o(.text) refers to uda1341.o(.data) for WindowsXP_Wav
    uda1341.o(.text) refers to uda1341.o(.constdata) for .constdata
    sd_mmc.o(.text) refers to 2440lib.o(.text) for Uart_Printf
    sd_mmc.o(.text) refers to aeabi_sdiv.o(.text_udiv) for __aeabi_uidivmod
    sd_mmc.o(.text) refers to main.o(.data) for PCLK
    sd_mmc.o(.text) refers to sd_mmc.o(.bss) for SDCard
    profile.o(.text) refers to aeabi_sdiv.o(.text_udiv) for __aeabi_uidivmod
    profile.o(.text) refers to fflt_noclz.o(x$fpl$fflt) for __aeabi_i2f
    profile.o(.text) refers to f2d.o(x$fpl$f2d) for __aeabi_f2d
    profile.o(.text) refers to dmul.o(x$fpl$dmul) for __aeabi_dmul
    profile.o(.text) refers to d2f.o(x$fpl$d2f) for __aeabi_d2f
    profile.o(.text) refers to profile.o(.data) for intCount
    profile.o(.text) refers to main.o(.data) for PCLK
    mmu.o(.text) refers to 2440slib.o(C$$code) for MMU_DisableDCache
    mmu.o(.text) refers to 2440init.o(RESET) for __ENTRY
    memtest.o(.text) refers to 2440lib.o(.text) for Uart_Printf
    main.o(.text) refers to _printf_percent.o(.ARM.Collect$$_printf_percent$$00000000) for _printf_percent
    main.o(.text) refers to _printf_s.o(.ARM.Collect$$_printf_percent$$00000014) for _printf_s
    main.o(.text) refers to _printf_str.o(.text) for _printf_str
    main.o(.text) refers to aeabi_sdiv.o(.text_udiv) for __aeabi_uidivmod
    main.o(.text) refers to aeabi_sdiv.o(.text) for __aeabi_idivmod
    main.o(.text) refers to ff.o(.text) for f_opendir
    main.o(.text) refers to strlen.o(.text) for strlen
    main.o(.text) refers to __2sprintf.o(.text) for __2sprintf
    main.o(.text) refers to strstr.o(.text) for strstr
    main.o(.text) refers to aeabi_memset.o(.text) for __aeabi_memset
    main.o(.text) refers to strncpy.o(.text) for strncpy
    main.o(.text) refers to main.o(.data) for PCLK
    main.o(.text) refers to main.o(.bss) for lfn
    main.o(.text) refers to menu.o(.bss) for menu0
    main.o(.text) refers to 2440lib.o(.text) for Uart_Printf
    main.o(.text) refers to touchpanel.o(.text) for Open_Touchpanel
    main.o(.text) refers to mmu.o(.text) for MMU_Init
    main.o(.text) refers to lcd_tft.o(.text) for Lcd_TFT_Init
    main.o(.text) refers to sd_mmc.o(.text) for SDinit
    main.o(.text) refers to infones_system.o(.bss) for FS
    main.o(.text) refers to menu.o(.text) for ReadMenuKey
    main.o(.text) refers to touchpanel.o(.data) for ydata
    lcd_tft.o(.text) refers to 2440slib.o(C$$code) for SET_IF
    lcd_tft.o(.text) refers to 2440lib.o(.text) for Uart_Printf
    lcd_tft.o(.text) refers to lcd_tft.o(.bss) for LCD_BUFFER
    lcd_tft.o(.text) refers to picture.o(.data) for S65
    lcd_tft.o(.text) refers to lcd_tft.o(.data) for cursor_x
    lcd_tft.o(.text) refers to font_libs.o(.constdata) for __VGA
    keyscan.o(.text) refers to 2440lib.o(.text) for Delay
    keyscan.o(.text) refers to 2440slib.o(C$$code) for EnterCritical
    keyscan.o(.text) refers to keyscan.o(i.ClearPending) for ClearPending
    keyscan.o(.text) refers to touchpanel.o(.data) for joy
    dma.o(.text) refers to 2440slib.o(C$$code) for EnterCritical
    dma.o(.text) refers to dma.o(.bss) for DMAChannel
    audiodrv.o(.text) refers to 2440lib.o(.text) for Uart_Init
    audiodrv.o(.text) refers to aeabi_sdiv.o(.text_udiv) for __aeabi_uidivmod
    audiodrv.o(.text) refers to aeabi_sdiv.o(.text) for __aeabi_idivmod
    audiodrv.o(.text) refers to dma.o(.text) for SetDMARun
    audiodrv.o(.text) refers to keyscan.o(i.ClearPending) for ClearPending
    audiodrv.o(.text) refers to audiodrv.o(.bss) for PlayStatus
    audiodrv.o(.text) refers to audiodrv.o(.data) for PlayVolume
    adc.o(.text) refers to 2440lib.o(.text) for Uart_Printf
    adc.o(.text) refers to adc.o(.data) for preScaler
    2440lib.o(.text) refers to aeabi_sdiv.o(.text_udiv) for __aeabi_uidivmod
    2440lib.o(.text) refers to dflt_noclz.o(x$fpl$dflt) for __aeabi_i2d
    2440lib.o(.text) refers to ddiv.o(x$fpl$ddiv) for __aeabi_ddiv
    2440lib.o(.text) refers to daddsub_noclz.o(x$fpl$dadd) for __aeabi_dadd
    2440lib.o(.text) refers to dfix.o(x$fpl$dfix) for __aeabi_d2iz
    2440lib.o(.text) refers to c89vsprintf.o(.text) for __c89vsprintf
    2440lib.o(.text) refers to 2440lib.o(i.ClearSubPending) for ClearSubPending
    2440lib.o(.text) refers to keyscan.o(i.ClearPending) for ClearPending
    2440lib.o(.text) refers to main.o(.data) for PCLK
    2440lib.o(.text) refers to 2440lib.o(.data) for whichUart
    2440lib.o(.text) refers to 2440lib.o(.bss) for buf
    2440lib.o(.text) refers to touchpanel.o(.data) for joy
    2440lib.o(.text) refers to infones_system.o(.data) for joy2
[...]
    Map180_Write                             0x30037788   ARM Code      92  infones_mapper.o(.text)
    Map180_Init                              0x300377e4   ARM Code     272  infones_mapper.o(.text)
    Map181_Apu                               0x300378f4   ARM Code     604  infones_mapper.o(.text)
    Map181_Init                              0x30037b50   ARM Code     272  infones_mapper.o(.text)
    Map182_HSync                             0x30037c60   ARM Code     120  infones_mapper.o(.text)
    Map182_Write                             0x30037cd8   ARM Code     688  infones_mapper.o(.text)
    Map182_Init                              0x30037f88   ARM Code     332  infones_mapper.o(.text)
    Map183_HSync                             0x300380d4   ARM Code      80  infones_mapper.o(.text)
    Map183_Write                             0x30038124   ARM Code    2268  infones_mapper.o(.text)
    Map183_Init                              0x30038a00   ARM Code     352  infones_mapper.o(.text)
    Map185_Write                             0x30038b60   ARM Code     184  infones_mapper.o(.text)
    Map185_Init                              0x30038c18   ARM Code     248  infones_mapper.o(.text)
    Map187_Set_CPU_Banks                     0x30038d10   ARM Code     216  infones_mapper.o(.text)
    Map187_HSync                             0x30038de8   ARM Code     180  infones_mapper.o(.text)
    Map187_ReadApu                           0x30038e9c   ARM Code     104  infones_mapper.o(.text)
    Map187_Apu                               0x30038f04   ARM Code     264  infones_mapper.o(.text)
    Map187_Set_PPU_Banks                     0x3003900c   ARM Code     424  infones_mapper.o(.text)
    Map187_Write                             0x300391b4   ARM Code     880  infones_mapper.o(.text)
    Map187_Init                              0x30039524   ARM Code     488  infones_mapper.o(.text)
    Map189_HSync                             0x3003970c   ARM Code     120  infones_mapper.o(.text)
    Map189_Apu                               0x30039784   ARM Code     216  infones_mapper.o(.text)
    Map189_Write                             0x3003985c   ARM Code     720  infones_mapper.o(.text)
    Map189_Init                              0x30039b2c   ARM Code     332  infones_mapper.o(.text)
    Map191_Set_PPU_Banks                     0x30039c78   ARM Code     536  infones_mapper.o(.text)
    Map191_Set_CPU_Banks                     0x30039e90   ARM Code     216  infones_mapper.o(.text)
    Map191_Apu                               0x30039f68   ARM Code     308  infones_mapper.o(.text)
    Map191_Init                              0x3003a09c   ARM Code     236  infones_mapper.o(.text)
    Map193_Sram                              0x3003a188   ARM Code     600  infones_mapper.o(.text)
    Map193_Init                              0x3003a3e0   ARM Code     424  infones_mapper.o(.text)
    Map194_Write                             0x3003a588   ARM Code      56  infones_mapper.o(.text)
    Map194_Init                              0x3003a5c0   ARM Code     284  infones_mapper.o(.text)
    Map200_Write                             0x3003a6dc   ARM Code     620  infones_mapper.o(.text)
    Map200_Init                              0x3003a948   ARM Code     268  infones_mapper.o(.text)
    Map201_Write                             0x3003aa54   ARM Code     560  infones_mapper.o(.text)
    Map201_Init                              0x3003ac84   ARM Code     268  infones_mapper.o(.text)
    Map202_WriteSub                          0x3003ad90   ARM Code     692  infones_mapper.o(.text)
    Map202_Apu                               0x3003b044   ARM Code      28  infones_mapper.o(.text)
    Map202_Write                             0x3003b060   ARM Code      28  infones_mapper.o(.text)
    Map202_Init                              0x3003b07c   ARM Code     276  infones_mapper.o(.text)
    Map222_Write                             0x3003b190   ARM Code     632  infones_mapper.o(.text)
    Map222_Init                              0x3003b408   ARM Code     396  infones_mapper.o(.text)
    Map225_Write                             0x3003b594   ARM Code     960  infones_mapper.o(.text)
    Map225_Init                              0x3003b954   ARM Code     272  infones_mapper.o(.text)
    Map226_Write                             0x3003ba64   ARM Code     696  infones_mapper.o(.text)
    Map226_Init                              0x3003bd1c   ARM Code     232  infones_mapper.o(.text)
    Map227_Write                             0x3003be04   ARM Code     824  infones_mapper.o(.text)
    Map227_Init                              0x3003c13c   ARM Code     212  infones_mapper.o(.text)
    Map228_Write                             0x3003c210   ARM Code     896  infones_mapper.o(.text)
    Map228_Init                              0x3003c590   ARM Code     272  infones_mapper.o(.text)
    Map229_Write                             0x3003c6a0   ARM Code     796  infones_mapper.o(.text)
    Map229_Init                              0x3003c9bc   ARM Code     272  infones_mapper.o(.text)
    Map230_Write                             0x3003cacc   ARM Code     556  infones_mapper.o(.text)
    Map230_Init                              0x3003ccf8   ARM Code     392  infones_mapper.o(.text)
    Map231_Write                             0x3003ce80   ARM Code     412  infones_mapper.o(.text)
    Map231_Init                              0x3003d01c   ARM Code     272  infones_mapper.o(.text)
    Map232_Write                             0x3003d12c   ARM Code     304  infones_mapper.o(.text)
    Map232_Init                              0x3003d25c   ARM Code     268  infones_mapper.o(.text)
    Map233_Write                             0x3003d368   ARM Code     572  infones_mapper.o(.text)
    Map233_Init                              0x3003d5a4   ARM Code     216  infones_mapper.o(.text)
    Map234_Set_Banks                         0x3003d67c   ARM Code     696  infones_mapper.o(.text)
    Map234_Write                             0x3003d934   ARM Code     104  infones_mapper.o(.text)
    Map234_Init                              0x3003d99c   ARM Code     232  infones_mapper.o(.text)
    Map236_Write                             0x3003da84   ARM Code    1156  infones_mapper.o(.text)
    Map236_Init                              0x3003df08   ARM Code     268  infones_mapper.o(.text)
    Map240_Apu                               0x3003e014   ARM Code     612  infones_mapper.o(.text)
    Map240_Init                              0x3003e278   ARM Code     304  infones_mapper.o(.text)
    Map241_Write                             0x3003e3a8   ARM Code     260  infones_mapper.o(.text)
    Map241_Init                              0x3003e4ac   ARM Code     272  infones_mapper.o(.text)
    Map242_Write                             0x3003e5bc   ARM Code     216  infones_mapper.o(.text)
    Map242_Init                              0x3003e694   ARM Code     216  infones_mapper.o(.text)
    Map243_Apu                               0x3003e76c   ARM Code    1160  infones_mapper.o(.text)
    Map243_Init                              0x3003ebf4   ARM Code     296  infones_mapper.o(.text)
    Map244_Write                             0x3003ed1c   ARM Code     480  infones_mapper.o(.text)
    Map244_Init                              0x3003eefc   ARM Code     216  infones_mapper.o(.text)
    Map245_HSync                             0x3003efd4   ARM Code     228  infones_mapper.o(.text)
    Map245_Write                             0x3003f0b8   ARM Code     660  infones_mapper.o(.text)
    Map245_Init                              0x3003f34c   ARM Code     560  infones_mapper.o(.text)
    Map246_Sram                              0x3003f57c   ARM Code     700  infones_mapper.o(.text)
    Map246_Init                              0x3003f838   ARM Code     248  infones_mapper.o(.text)
    Map248_Set_PPU_Banks                     0x3003f930   ARM Code     764  infones_mapper.o(.text)
    Map248_Set_CPU_Banks                     0x3003fc2c   ARM Code     348  infones_mapper.o(.text)
    Map248_HSync                             0x3003fd88   ARM Code     132  infones_mapper.o(.text)
    Map248_Sram                              0x3003fe0c   ARM Code     176  infones_mapper.o(.text)
    Map248_Apu                               0x3003febc   ARM Code      28  infones_mapper.o(.text)
    Map248_Write                             0x3003fed8   ARM Code     492  infones_mapper.o(.text)
    Map248_Init                              0x300400c4   ARM Code     320  infones_mapper.o(.text)
    Map249_HSync                             0x30040204   ARM Code     228  infones_mapper.o(.text)
    Map249_Apu                               0x300402e8   ARM Code      76  infones_mapper.o(.text)
    Map249_Write                             0x30040334   ARM Code    2264  infones_mapper.o(.text)
    Map249_Init                              0x30040c0c   ARM Code     380  infones_mapper.o(.text)
    Map251_Set_Banks                         0x30040d88   ARM Code    1252  infones_mapper.o(.text)
    Map251_Sram                              0x3004126c   ARM Code     116  infones_mapper.o(.text)
    Map251_Write                             0x300412e0   ARM Code     164  infones_mapper.o(.text)
    Map251_Init                              0x30041384   ARM Code     424  infones_mapper.o(.text)
    Map252_HSync                             0x3004152c   ARM Code     140  infones_mapper.o(.text)
    Map252_Write                             0x300415b8   ARM Code    1852  infones_mapper.o(.text)
    Map252_Init                              0x30041cf4   ARM Code     376  infones_mapper.o(.text)
    Map255_ReadApu                           0x30041e6c   ARM Code      40  infones_mapper.o(.text)
    Map255_Apu                               0x30041e94   ARM Code      28  infones_mapper.o(.text)
    Map255_Write                             0x30041eb0   ARM Code    1032  infones_mapper.o(.text)
    Map255_Init                              0x300422b8   ARM Code     392  infones_mapper.o(.text)
    menu                                     0x30042488   Data          20  menu.o(.constdata)
    __CHS                                    0x300426ae   Data       261696  font_libs.o(.constdata)
    __VGA                                    0x300824ee   Data        4096  font_libs.o(.constdata)
    __ctype                                  0x300ae4a9   Data           0  lc_ctype_c.o(locale$$data)
    Image$$ER_ROM1$$RO$$Limit                0x300ae5c8   Number         0  lc_numeric_c.o(locale$$data)
    Image$$RW_RAM1$$RW$$Base                 0x30800000   Number         0  main.o(.data)
    restart                                  0x30800000   Data           4  main.o(.data)
    err                                      0x30800004   Data           4  main.o(.data)
    path                                     0x30800008   Data         512  main.o(.data)
    download_run                             0x30800208   Data           4  main.o(.data)
    menuUsed                                 0x3080020c   Data           4  main.o(.data)
    pMagicNum                                0x30800210   Data           4  main.o(.data)
    FCLK                                     0x30800214   Data           4  main.o(.data)
    HCLK                                     0x30800218   Data           4  main.o(.data)
    PCLK                                     0x3080021c   Data           4  main.o(.data)
    UCLK                                     0x30800220   Data           4  main.o(.data)
    downloadAddress                          0x30800224   Data           4  main.o(.data)
    downPt                                   0x30800228   Data           4  main.o(.data)
    downloadFileSize                         0x3080022c   Data           4  main.o(.data)
    checkSum                                 0x30800230   Data           2  main.o(.data)
    totalDmaCount                            0x30800234   Data           4  main.o(.data)
    isUsbdSetConfiguration                   0x30800238   Data           4  main.o(.data)
    column                                   0x3080023c   Data           2  main.o(.data)
    tempDownloadAddress                      0x30800240   Data           4  main.o(.data)
    consoleNum                               0x30800244   Data           4  main.o(.data)
    keynum                                   0x30800248   Data           4  main.o(.data)
    cursor_mode                              0x30800254   Data           1  lcd_tft.o(.data)
    cursor_x                                 0x30800255   Data           1  lcd_tft.o(.data)
    cursor_y                                 0x30800256   Data           1  lcd_tft.o(.data)
    mallocPt                                 0x30800258   Data           4  2440lib.o(.data)
    len                                      0x3080025c   Data           4  2440lib.o(.data)
    secondCount                              0x30800264   Data           4  infones_system.o(.data)
    NesPalette                               0x30800268   Data         128  infones_system.o(.data)
    FrameCount                               0x308002e8   Data           1  infones_system.o(.data)
    afps                                     0x308002e9   Data           1  infones_system.o(.data)
    joy2                                     0x308002ec   Data           4  infones_system.o(.data)
    mm                                       0x308002f0   Data           4  infones_system.o(.data)
    S65                                      0x308002f4   Data        8450  picture.o(.data)
    A65                                      0x308023f6   Data        8450  picture.o(.data)
    q65                                      0x308044f8   Data        8450  picture.o(.data)
    B65                                      0x308065fa   Data        8450  picture.o(.data)
    slect                                    0x308086fc   Data       28600  picture.o(.data)
    logo                                     0x3080f6b4   Data       261120  picture.o(.data)
    logo2                                    0x3084f2b4   Data       261120  picture.o(.data)
    slect2                                   0x3088eeb4   Data       28600  picture.o(.data)
    logo3                                    0x30895e6c   Data       261120  picture.o(.data)
    hundouluo                                0x308d5a6c   Data       114240  picture.o(.data)
    mali                                     0x308f18ac   Data       114240  picture.o(.data)
    chiyingzhanshi                           0x3090d6ec   Data       114240  picture.o(.data)
    gongfu                                   0x3092952c   Data       114240  picture.o(.data)
    kuailemao                                0x3094536c   Data       114240  picture.o(.data)
    luokeren                                 0x309611ac   Data       114240  picture.o(.data)
    shamantuo                                0x3097cfec   Data       114240  picture.o(.data)
    weilaizhanshi                            0x30998e2c   Data       114240  picture.o(.data)
    xiaomeiren                               0x309b4c6c   Data       114240  picture.o(.data)
    gonglusaiche                             0x309d0aac   Data       114240  picture.o(.data)
    bingfeng                                 0x309ec8ec   Data       114240  picture.o(.data)
    chaiwugong                               0x30a0872c   Data       114240  picture.o(.data)
    chenglongtiguan                          0x30a2456c   Data       114240  picture.o(.data)
    chenglongzhi                             0x30a403ac   Data       114240  picture.o(.data)
    chidou                                   0x30a5c1ec   Data       114240  picture.o(.data)
    chongqigou                               0x30a7802c   Data       114240  picture.o(.data)
    huojianche                               0x30a93e6c   Data       114240  picture.o(.data)
    kelami                                   0x30aafcac   Data       114240  picture.o(.data)
    lvsebing                                 0x30acbaec   Data       114240  picture.o(.data)
    maoxiandao                               0x30ae792c   Data       114240  picture.o(.data)
    maoxiandao4                              0x30b0376c   Data       114240  picture.o(.data)
    zhonghuadaxian                           0x30b1f5ac   Data       114240  picture.o(.data)
    maxituan                                 0x30b3b3ec   Data       114240  picture.o(.data)
    qie                                      0x30b5722c   Data       114240  picture.o(.data)
    ranshao                                  0x30b7306c   Data       114240  picture.o(.data)
    threepig                                 0x30b8eeac   Data       114240  picture.o(.data)
    count                                    0x30baacec   Data           4  touchpanel.o(.data)
    joy                                      0x30baacf0   Data           4  touchpanel.o(.data)
    xdata                                    0x30baacf4   Data           4  touchpanel.o(.data)
    ydata                                    0x30baacf8   Data           4  touchpanel.o(.data)
    board_input                              0x30baacfc   Data           1  menu.o(.data)
    num                                      0x30baacfd   Data           1  menu.o(.data)
    last_disp_ptr                            0x30baacfe   Data           1  menu.o(.data)
    func_ptr                                 0x30baacff   Data           1  menu.o(.data)
    func1_ptr                                0x30baad00   Data           1  menu.o(.data)
    disp_ptr                                 0x30baad01   Data           1  menu.o(.data)
    sel_ptr                                  0x30baad02   Data           1  menu.o(.data)
    para_val                                 0x30baad04   Data           2  menu.o(.data)
    edit_val                                 0x30baad06   Data           2  menu.o(.data)
    Menu_times_count                         0x30baad08   Data           1  menu.o(.data)
    state_ptr                                0x30baad09   Data           1  menu.o(.data)
    bit_ptr                                  0x30baad0a   Data           1  menu.o(.data)
    bitedit                                  0x30baad0b   Data           1  menu.o(.data)
    menu_ptr                                 0x30baad0c   Data           1  menu.o(.data)
    para_ptr                                 0x30baad0d   Data           1  menu.o(.data)
    last_sel_ptr                             0x30baad0e   Data           1  menu.o(.data)
    time                                     0x30baad10   Data           4  menu.o(.data)
    PPU_MirrorTable                          0x30baad14   Data          24  infones.o(.data)
    ROM                                      0x30baad2c   Data           4  infones.o(.data)
    SRAMBANK                                 0x30baad30   Data           4  infones.o(.data)
    ROMBANK0                                 0x30baad34   Data           4  infones.o(.data)
    ROMBANK1                                 0x30baad38   Data           4  infones.o(.data)
    ROMBANK2                                 0x30baad3c   Data           4  infones.o(.data)
    ROMBANK3                                 0x30baad40   Data           4  infones.o(.data)
    VROM                                     0x30baad44   Data           4  infones.o(.data)
    PPU_R0                                   0x30baad48   Data           1  infones.o(.data)
    PPU_R1                                   0x30baad49   Data           1  infones.o(.data)
    PPU_R2                                   0x30baad4a   Data           1  infones.o(.data)
    PPU_R3                                   0x30baad4b   Data           1  infones.o(.data)
    PPU_R7                                   0x30baad4c   Data           1  infones.o(.data)
    loopy_v                                  0x30baad4e   Data           2  infones.o(.data)
    loopy_t                                  0x30baad50   Data           2  infones.o(.data)
    loopy_x                                  0x30baad52   Data           2  infones.o(.data)
    loopy_y                                  0x30baad54   Data           2  infones.o(.data)
    loopy_shift                              0x30baad56   Data           2  infones.o(.data)
    PPU_Increment                            0x30baad58   Data           2  infones.o(.data)
    PPU_Scanline                             0x30baad5a   Data           2  infones.o(.data)
    PPU_NameTableBank                        0x30baad5c   Data           1  infones.o(.data)
    PPU_BG_Base                              0x30baad60   Data           4  infones.o(.data)
    PPU_SP_Base                              0x30baad64   Data           4  infones.o(.data)
    PPU_SP_Height                            0x30baad68   Data           2  infones.o(.data)
    SpriteJustHit                            0x30baad6c   Data           4  infones.o(.data)
    byVramWriteEnable                        0x30baad70   Data           1  infones.o(.data)
    PPU_Latch_Flag                           0x30baad71   Data           1  infones.o(.data)
    PPU_UpDown_Clip                          0x30baad72   Data           1  infones.o(.data)
    FrameIRQ_Enable                          0x30baad73   Data           1  infones.o(.data)
    FrameStep                                0x30baad74   Data           2  infones.o(.data)
    FrameSkip                                0x30baad76   Data           2  infones.o(.data)
    FrameCnt                                 0x30baad78   Data           2  infones.o(.data)
    FrameScanLine                            0x30baad7a   Data           2  infones.o(.data)
    PAD1_Latch                               0x30baad7c   Data           4  infones.o(.data)
    PAD2_Latch                               0x30baad80   Data           4  infones.o(.data)
    PAD_System                               0x30baad84   Data           4  infones.o(.data)
    PAD1_Bit                                 0x30baad88   Data           4  infones.o(.data)
    PAD2_Bit                                 0x30baad8c   Data           4  infones.o(.data)
    MapperNo                                 0x30baad90   Data           1  infones.o(.data)
    ROM_Mirroring                            0x30baad91   Data           1  infones.o(.data)
    ROM_SRAM                                 0x30baad92   Data           1  infones.o(.data)
    ROM_Trainer                              0x30baad93   Data           1  infones.o(.data)
    ROM_FourScr                              0x30baad94   Data           1  infones.o(.data)
    MapperTable                              0x30baad98   Data        1064  infones_mapper.o(.data)
    DRAM                                     0x30bab1c0   Data           1  infones_mapper.o(.data)
    MapperInit                               0x30bab1c4   Data           4  infones_mapper.o(.data)
    MapperWrite                              0x30bab1c8   Data           4  infones_mapper.o(.data)
    MapperSram                               0x30bab1cc   Data           4  infones_mapper.o(.data)
    MapperApu                                0x30bab1d0   Data           4  infones_mapper.o(.data)
    MapperReadApu                            0x30bab1d4   Data           4  infones_mapper.o(.data)
    MapperVSync                              0x30bab1d8   Data           4  infones_mapper.o(.data)
    MapperHSync                              0x30bab1dc   Data           4  infones_mapper.o(.data)
    MapperPPU                                0x30bab1e0   Data           4  infones_mapper.o(.data)
    MapperRenderScreen                       0x30bab1e4   Data           4  infones_mapper.o(.data)
    Map1_Regs                                0x30bab1e8   Data           4  infones_mapper.o(.data)
    Map1_Cnt                                 0x30bab1ec   Data           4  infones_mapper.o(.data)
    Map1_Latch                               0x30bab1f0   Data           1  infones_mapper.o(.data)
    Map1_Last_Write_Addr                     0x30bab1f2   Data           2  infones_mapper.o(.data)
    Map1_Size                                0x30bab1f4   Data           1  infones_mapper.o(.data)
    Map1_256K_base                           0x30bab1f8   Data           4  infones_mapper.o(.data)
    Map1_swap                                0x30bab1fc   Data           4  infones_mapper.o(.data)
    Map1_bank1                               0x30bab200   Data           4  infones_mapper.o(.data)
    Map1_bank2                               0x30bab204   Data           4  infones_mapper.o(.data)
    Map1_bank3                               0x30bab208   Data           4  infones_mapper.o(.data)
    Map1_bank4                               0x30bab20c   Data           4  infones_mapper.o(.data)
    Map1_HI1                                 0x30bab210   Data           4  infones_mapper.o(.data)
    Map1_HI2                                 0x30bab214   Data           4  infones_mapper.o(.data)
    Map4_Regs                                0x30bab218   Data           8  infones_mapper.o(.data)
    Map4_Rom_Bank                            0x30bab220   Data           4  infones_mapper.o(.data)
    Map4_Prg0                                0x30bab224   Data           4  infones_mapper.o(.data)
    Map4_Prg1                                0x30bab228   Data           4  infones_mapper.o(.data)
    Map4_Chr01                               0x30bab22c   Data           4  infones_mapper.o(.data)
    Map4_Chr23                               0x30bab230   Data           4  infones_mapper.o(.data)
    Map4_Chr4                                0x30bab234   Data           4  infones_mapper.o(.data)
    Map4_Chr5                                0x30bab238   Data           4  infones_mapper.o(.data)
    Map4_Chr6                                0x30bab23c   Data           4  infones_mapper.o(.data)
    Map4_Chr7                                0x30bab240   Data           4  infones_mapper.o(.data)
    Map4_IRQ_Enable                          0x30bab244   Data           1  infones_mapper.o(.data)
    Map4_IRQ_Cnt                             0x30bab245   Data           1  infones_mapper.o(.data)
    Map4_IRQ_Latch                           0x30bab246   Data           1  infones_mapper.o(.data)
    Map4_IRQ_Request                         0x30bab247   Data           1  infones_mapper.o(.data)
    Map4_IRQ_Present                         0x30bab248   Data           1  infones_mapper.o(.data)
    Map4_IRQ_Present_Vbl                     0x30bab249   Data           1  infones_mapper.o(.data)
    latch1                                   0x30bab24a   Data           3  infones_mapper.o(.data)
    latch2                                   0x30bab24d   Data           3  infones_mapper.o(.data)
    latch3                                   0x30bab250   Data           3  infones_mapper.o(.data)
    latch4                                   0x30bab253   Data           3  infones_mapper.o(.data)
    Map16_Regs                               0x30bab256   Data           3  infones_mapper.o(.data)
    Map16_IRQ_Enable                         0x30bab259   Data           1  infones_mapper.o(.data)
    Map16_IRQ_Cnt                            0x30bab25c   Data           4  infones_mapper.o(.data)
    Map16_IRQ_Latch                          0x30bab260   Data           4  infones_mapper.o(.data)
    Map17_IRQ_Enable                         0x30bab264   Data           1  infones_mapper.o(.data)
    Map17_IRQ_Cnt                            0x30bab268   Data           4  infones_mapper.o(.data)
    Map17_IRQ_Latch                          0x30bab26c   Data           4  infones_mapper.o(.data)
    Map18_IRQ_Enable                         0x30bab270   Data           1  infones_mapper.o(.data)
    Map18_IRQ_Latch                          0x30bab272   Data           2  infones_mapper.o(.data)
    Map18_IRQ_Cnt                            0x30bab274   Data           2  infones_mapper.o(.data)
    Map21_IRQ_Enable                         0x30bab276   Data           1  infones_mapper.o(.data)
    Map21_IRQ_Cnt                            0x30bab277   Data           1  infones_mapper.o(.data)
    Map21_IRQ_Latch                          0x30bab278   Data           1  infones_mapper.o(.data)
    Map23_IRQ_Enable                         0x30bab279   Data           1  infones_mapper.o(.data)
    Map23_IRQ_Cnt                            0x30bab27a   Data           1  infones_mapper.o(.data)
    Map23_IRQ_Latch                          0x30bab27b   Data           1  infones_mapper.o(.data)
    Map24_IRQ_Count                          0x30bab27c   Data           1  infones_mapper.o(.data)
    Map24_IRQ_State                          0x30bab27d   Data           1  infones_mapper.o(.data)
    Map24_IRQ_Latch                          0x30bab27e   Data           1  infones_mapper.o(.data)
    Map25_Bank_Selector                      0x30bab27f   Data           1  infones_mapper.o(.data)
    Map25_IRQ_Count                          0x30bab280   Data           1  infones_mapper.o(.data)
    Map25_IRQ_State                          0x30bab281   Data           1  infones_mapper.o(.data)
    Map25_IRQ_Latch                          0x30bab282   Data           1  infones_mapper.o(.data)
    Map26_IRQ_Enable                         0x30bab283   Data           1  infones_mapper.o(.data)
    Map26_IRQ_Cnt                            0x30bab284   Data           1  infones_mapper.o(.data)
    Map26_IRQ_Latch                          0x30bab285   Data           1  infones_mapper.o(.data)
    Map32_Saved                              0x30bab286   Data           1  infones_mapper.o(.data)
    Map33_Regs                               0x30bab287   Data           8  infones_mapper.o(.data)
    Map33_Switch                             0x30bab28f   Data           1  infones_mapper.o(.data)
    Map33_IRQ_Enable                         0x30bab290   Data           1  infones_mapper.o(.data)
    Map33_IRQ_Cnt                            0x30bab291   Data           1  infones_mapper.o(.data)
    Map40_IRQ_Enable                         0x30bab292   Data           1  infones_mapper.o(.data)
    Map40_Line_To_IRQ                        0x30bab294   Data           4  infones_mapper.o(.data)
    Map41_Regs                               0x30bab298   Data           2  infones_mapper.o(.data)
    Map42_IRQ_Cnt                            0x30bab29a   Data           1  infones_mapper.o(.data)
    Map42_IRQ_Enable                         0x30bab29b   Data           1  infones_mapper.o(.data)
    Map43_IRQ_Cnt                            0x30bab29c   Data           4  infones_mapper.o(.data)
    Map43_IRQ_Enable                         0x30bab2a0   Data           1  infones_mapper.o(.data)
    Map44_Regs                               0x30bab2a1   Data           8  infones_mapper.o(.data)
    Map44_Rom_Bank                           0x30bab2ac   Data           4  infones_mapper.o(.data)
    Map44_Prg0                               0x30bab2b0   Data           4  infones_mapper.o(.data)
    Map44_Prg1                               0x30bab2b4   Data           4  infones_mapper.o(.data)
    Map44_Chr01                              0x30bab2b8   Data           4  infones_mapper.o(.data)
    Map44_Chr23                              0x30bab2bc   Data           4  infones_mapper.o(.data)
    Map44_Chr4                               0x30bab2c0   Data           4  infones_mapper.o(.data)
    Map44_Chr5                               0x30bab2c4   Data           4  infones_mapper.o(.data)
    Map44_Chr6                               0x30bab2c8   Data           4  infones_mapper.o(.data)
    Map44_Chr7                               0x30bab2cc   Data           4  infones_mapper.o(.data)
    Map44_IRQ_Enable                         0x30bab2d0   Data           1  infones_mapper.o(.data)
    Map44_IRQ_Cnt                            0x30bab2d1   Data           1  infones_mapper.o(.data)
    Map44_IRQ_Latch                          0x30bab2d2   Data           1  infones_mapper.o(.data)
    Map45_Regs                               0x30bab2d3   Data           7  infones_mapper.o(.data)
    Map45_Prg0                               0x30bab2dc   Data           4  infones_mapper.o(.data)
    Map45_Prg1                               0x30bab2e0   Data           4  infones_mapper.o(.data)
    Map45_Prg2                               0x30bab2e4   Data           4  infones_mapper.o(.data)
    Map45_Prg3                               0x30bab2e8   Data           4  infones_mapper.o(.data)
    Map45_Chr0                               0x30bab2ec   Data           4  infones_mapper.o(.data)
    Map45_Chr1                               0x30bab2f0   Data           4  infones_mapper.o(.data)
    Map45_Chr2                               0x30bab2f4   Data           4  infones_mapper.o(.data)
    Map45_Chr3                               0x30bab2f8   Data           4  infones_mapper.o(.data)
    Map45_Chr4                               0x30bab2fc   Data           4  infones_mapper.o(.data)
    Map45_Chr5                               0x30bab300   Data           4  infones_mapper.o(.data)
    Map45_Chr6                               0x30bab304   Data           4  infones_mapper.o(.data)
    Map45_Chr7                               0x30bab308   Data           4  infones_mapper.o(.data)
    Map45_IRQ_Enable                         0x30bab30c   Data           1  infones_mapper.o(.data)
    Map45_IRQ_Cnt                            0x30bab30d   Data           1  infones_mapper.o(.data)
    Map45_IRQ_Latch                          0x30bab30e   Data           1  infones_mapper.o(.data)
    Map46_Regs                               0x30bab30f   Data           4  infones_mapper.o(.data)
    Map47_Regs                               0x30bab313   Data           8  infones_mapper.o(.data)
    Map47_Rom_Bank                           0x30bab31c   Data           4  infones_mapper.o(.data)
    Map47_Prg0                               0x30bab320   Data           4  infones_mapper.o(.data)
    Map47_Prg1                               0x30bab324   Data           4  infones_mapper.o(.data)
    Map47_Chr01                              0x30bab328   Data           4  infones_mapper.o(.data)
    Map47_Chr23                              0x30bab32c   Data           4  infones_mapper.o(.data)
    Map47_Chr4                               0x30bab330   Data           4  infones_mapper.o(.data)
    Map47_Chr5                               0x30bab334   Data           4  infones_mapper.o(.data)
    Map47_Chr6                               0x30bab338   Data           4  infones_mapper.o(.data)
    Map47_Chr7                               0x30bab33c   Data           4  infones_mapper.o(.data)
    Map47_IRQ_Enable                         0x30bab340   Data           1  infones_mapper.o(.data)
    Map47_IRQ_Cnt                            0x30bab341   Data           1  infones_mapper.o(.data)
    Map47_IRQ_Latch                          0x30bab342   Data           1  infones_mapper.o(.data)
    Map48_Regs                               0x30bab343   Data           1  infones_mapper.o(.data)
    Map48_IRQ_Enable                         0x30bab344   Data           1  infones_mapper.o(.data)
    Map48_IRQ_Cnt                            0x30bab345   Data           1  infones_mapper.o(.data)
    Map49_Regs                               0x30bab346   Data           3  infones_mapper.o(.data)
    Map49_Prg0                               0x30bab34c   Data           4  infones_mapper.o(.data)
    Map49_Prg1                               0x30bab350   Data           4  infones_mapper.o(.data)
    Map49_Chr01                              0x30bab354   Data           4  infones_mapper.o(.data)
    Map49_Chr23                              0x30bab358   Data           4  infones_mapper.o(.data)
    Map49_Chr4                               0x30bab35c   Data           4  infones_mapper.o(.data)
    Map49_Chr5                               0x30bab360   Data           4  infones_mapper.o(.data)
    Map49_Chr6                               0x30bab364   Data           4  infones_mapper.o(.data)
    Map49_Chr7                               0x30bab368   Data           4  infones_mapper.o(.data)
    Map49_IRQ_Enable                         0x30bab36c   Data           1  infones_mapper.o(.data)
    Map49_IRQ_Cnt                            0x30bab36d   Data           1  infones_mapper.o(.data)
    Map49_IRQ_Latch                          0x30bab36e   Data           1  infones_mapper.o(.data)
    Map50_IRQ_Enable                         0x30bab36f   Data           1  infones_mapper.o(.data)
    Map51_Mode                               0x30bab370   Data           4  infones_mapper.o(.data)
    Map51_Bank                               0x30bab374   Data           4  infones_mapper.o(.data)
    Map57_Reg                                0x30bab378   Data           1  infones_mapper.o(.data)
    Map64_Cmd                                0x30bab379   Data           1  infones_mapper.o(.data)
    Map64_Prg                                0x30bab37a   Data           1  infones_mapper.o(.data)
    Map64_Chr                                0x30bab37b   Data           1  infones_mapper.o(.data)
    Map65_IRQ_Enable                         0x30bab37c   Data           1  infones_mapper.o(.data)
    Map65_IRQ_Cnt                            0x30bab380   Data           4  infones_mapper.o(.data)
    Map65_IRQ_Latch                          0x30bab384   Data           4  infones_mapper.o(.data)
    Map67_IRQ_Enable                         0x30bab388   Data           1  infones_mapper.o(.data)
    Map67_IRQ_Cnt                            0x30bab389   Data           1  infones_mapper.o(.data)
    Map67_IRQ_Latch                          0x30bab38a   Data           1  infones_mapper.o(.data)
    Map68_Regs                               0x30bab38b   Data           4  infones_mapper.o(.data)
    Map69_IRQ_Enable                         0x30bab38f   Data           1  infones_mapper.o(.data)
    Map69_IRQ_Cnt                            0x30bab390   Data           4  infones_mapper.o(.data)
    Map69_Regs                               0x30bab394   Data           1  infones_mapper.o(.data)
    Map73_IRQ_Enable                         0x30bab395   Data           1  infones_mapper.o(.data)
    Map73_IRQ_Cnt                            0x30bab398   Data           4  infones_mapper.o(.data)
    Map74_Regs                               0x30bab39c   Data           8  infones_mapper.o(.data)
    Map74_Rom_Bank                           0x30bab3a4   Data           4  infones_mapper.o(.data)
    Map74_Prg0                               0x30bab3a8   Data           4  infones_mapper.o(.data)
    Map74_Prg1                               0x30bab3ac   Data           4  infones_mapper.o(.data)
    Map74_Chr01                              0x30bab3b0   Data           4  infones_mapper.o(.data)
    Map74_Chr23                              0x30bab3b4   Data           4  infones_mapper.o(.data)
    Map74_Chr4                               0x30bab3b8   Data           4  infones_mapper.o(.data)
    Map74_Chr5                               0x30bab3bc   Data           4  infones_mapper.o(.data)
    Map74_Chr6                               0x30bab3c0   Data           4  infones_mapper.o(.data)
    Map74_Chr7                               0x30bab3c4   Data           4  infones_mapper.o(.data)
    Map74_IRQ_Enable                         0x30bab3c8   Data           1  infones_mapper.o(.data)
    Map74_IRQ_Cnt                            0x30bab3c9   Data           1  infones_mapper.o(.data)
    Map74_IRQ_Latch                          0x30bab3ca   Data           1  infones_mapper.o(.data)
    Map74_IRQ_Request                        0x30bab3cb   Data           1  infones_mapper.o(.data)
    Map74_IRQ_Present                        0x30bab3cc   Data           1  infones_mapper.o(.data)
    Map74_IRQ_Present_Vbl                    0x30bab3cd   Data           1  infones_mapper.o(.data)
    Map75_Regs                               0x30bab3ce   Data           2  infones_mapper.o(.data)
    Map76_Reg                                0x30bab3d0   Data           1  infones_mapper.o(.data)
    Map82_Regs                               0x30bab3d1   Data           1  infones_mapper.o(.data)
    Map83_Regs                               0x30bab3d2   Data           3  infones_mapper.o(.data)
    Map83_Chr_Bank                           0x30bab3d8   Data           4  infones_mapper.o(.data)
    Map83_IRQ_Cnt                            0x30bab3dc   Data           4  infones_mapper.o(.data)
    Map83_IRQ_Enabled                        0x30bab3e0   Data           1  infones_mapper.o(.data)
    Map88_Regs                               0x30bab3e1   Data           1  infones_mapper.o(.data)
    Map90_Prg_Reg                            0x30bab3e2   Data           4  infones_mapper.o(.data)
    Map90_Chr_Low_Reg                        0x30bab3e6   Data           8  infones_mapper.o(.data)
    Map90_Chr_High_Reg                       0x30bab3ee   Data           8  infones_mapper.o(.data)
    Map90_Nam_Low_Reg                        0x30bab3f6   Data           4  infones_mapper.o(.data)
    Map90_Nam_High_Reg                       0x30bab3fa   Data           4  infones_mapper.o(.data)
    Map90_Prg_Bank_Size                      0x30bab3fe   Data           1  infones_mapper.o(.data)
    Map90_Prg_Bank_6000                      0x30bab3ff   Data           1  infones_mapper.o(.data)
    Map90_Prg_Bank_E000                      0x30bab400   Data           1  infones_mapper.o(.data)
    Map90_Chr_Bank_Size                      0x30bab401   Data           1  infones_mapper.o(.data)
    Map90_Mirror_Mode                        0x30bab402   Data           1  infones_mapper.o(.data)
    Map90_Mirror_Type                        0x30bab403   Data           1  infones_mapper.o(.data)
    Map90_Value1                             0x30bab404   Data           4  infones_mapper.o(.data)
    Map90_Value2                             0x30bab408   Data           4  infones_mapper.o(.data)
    Map90_IRQ_Enable                         0x30bab40c   Data           1  infones_mapper.o(.data)
    Map90_IRQ_Cnt                            0x30bab40d   Data           1  infones_mapper.o(.data)
    Map90_IRQ_Latch                          0x30bab40e   Data           1  infones_mapper.o(.data)
    Map95_Regs                               0x30bab40f   Data           1  infones_mapper.o(.data)
    Map95_Prg0                               0x30bab410   Data           4  infones_mapper.o(.data)
    Map95_Prg1                               0x30bab414   Data           4  infones_mapper.o(.data)
    Map95_Chr01                              0x30bab418   Data           4  infones_mapper.o(.data)
    Map95_Chr23                              0x30bab41c   Data           4  infones_mapper.o(.data)
    Map95_Chr4                               0x30bab420   Data           4  infones_mapper.o(.data)
    Map95_Chr5                               0x30bab424   Data           4  infones_mapper.o(.data)
    Map95_Chr6                               0x30bab428   Data           4  infones_mapper.o(.data)
    Map95_Chr7                               0x30bab42c   Data           4  infones_mapper.o(.data)
    Map96_Reg                                0x30bab430   Data           2  infones_mapper.o(.data)
    Map99_Coin                               0x30bab432   Data           1  infones_mapper.o(.data)
    Map100_Reg                               0x30bab433   Data           8  infones_mapper.o(.data)
    Map100_Prg0                              0x30bab43b   Data           1  infones_mapper.o(.data)
    Map100_Prg1                              0x30bab43c   Data           1  infones_mapper.o(.data)
    Map100_Prg2                              0x30bab43d   Data           1  infones_mapper.o(.data)
    Map100_Prg3                              0x30bab43e   Data           1  infones_mapper.o(.data)
    Map100_Chr0                              0x30bab43f   Data           1  infones_mapper.o(.data)
    Map100_Chr1                              0x30bab440   Data           1  infones_mapper.o(.data)
    Map100_Chr2                              0x30bab441   Data           1  infones_mapper.o(.data)
    Map100_Chr3                              0x30bab442   Data           1  infones_mapper.o(.data)
    Map100_Chr4                              0x30bab443   Data           1  infones_mapper.o(.data)
    Map100_Chr5                              0x30bab444   Data           1  infones_mapper.o(.data)
    Map100_Chr6                              0x30bab445   Data           1  infones_mapper.o(.data)
    Map100_Chr7                              0x30bab446   Data           1  infones_mapper.o(.data)
    Map100_IRQ_Enable                        0x30bab447   Data           1  infones_mapper.o(.data)
    Map100_IRQ_Cnt                           0x30bab448   Data           1  infones_mapper.o(.data)
    Map100_IRQ_Latch                         0x30bab449   Data           1  infones_mapper.o(.data)
    Map105_Init_State                        0x30bab44a   Data           1  infones_mapper.o(.data)
    Map105_Write_Count                       0x30bab44b   Data           1  infones_mapper.o(.data)
    Map105_Bits                              0x30bab44c   Data           1  infones_mapper.o(.data)
    Map105_Reg                               0x30bab44d   Data           4  infones_mapper.o(.data)
    Map105_IRQ_Enable                        0x30bab451   Data           1  infones_mapper.o(.data)
    Map105_IRQ_Counter                       0x30bab454   Data           4  infones_mapper.o(.data)
    Map109_Reg                               0x30bab458   Data           1  infones_mapper.o(.data)
    Map109_Chr0                              0x30bab459   Data           1  infones_mapper.o(.data)
    Map109_Chr1                              0x30bab45a   Data           1  infones_mapper.o(.data)
    Map109_Chr2                              0x30bab45b   Data           1  infones_mapper.o(.data)
    Map109_Chr3                              0x30bab45c   Data           1  infones_mapper.o(.data)
    Map109_Chrmode0                          0x30bab45d   Data           1  infones_mapper.o(.data)
    Map109_Chrmode1                          0x30bab45e   Data           1  infones_mapper.o(.data)
    Map110_Reg0                              0x30bab45f   Data           1  infones_mapper.o(.data)
    Map110_Reg1                              0x30bab460   Data           1  infones_mapper.o(.data)
    Map112_Regs                              0x30bab461   Data           8  infones_mapper.o(.data)
    Map112_Prg0                              0x30bab46c   Data           4  infones_mapper.o(.data)
    Map112_Prg1                              0x30bab470   Data           4  infones_mapper.o(.data)
    Map112_Chr01                             0x30bab474   Data           4  infones_mapper.o(.data)
    Map112_Chr23                             0x30bab478   Data           4  infones_mapper.o(.data)
    Map112_Chr4                              0x30bab47c   Data           4  infones_mapper.o(.data)
    Map112_Chr5                              0x30bab480   Data           4  infones_mapper.o(.data)
    Map112_Chr6                              0x30bab484   Data           4  infones_mapper.o(.data)
    Map112_Chr7                              0x30bab488   Data           4  infones_mapper.o(.data)
    Map112_IRQ_Enable                        0x30bab48c   Data           1  infones_mapper.o(.data)
    Map112_IRQ_Cnt                           0x30bab48d   Data           1  infones_mapper.o(.data)
    Map112_IRQ_Latch                         0x30bab48e   Data           1  infones_mapper.o(.data)
    Map114_Regs                              0x30bab48f   Data           8  infones_mapper.o(.data)
    Map114_Prg0                              0x30bab498   Data           4  infones_mapper.o(.data)
    Map114_Prg1                              0x30bab49c   Data           4  infones_mapper.o(.data)
    Map114_Chr01                             0x30bab4a0   Data           4  infones_mapper.o(.data)
    Map114_Chr23                             0x30bab4a4   Data           4  infones_mapper.o(.data)
    Map114_Chr4                              0x30bab4a8   Data           4  infones_mapper.o(.data)
    Map114_Chr5                              0x30bab4ac   Data           4  infones_mapper.o(.data)
    Map114_Chr6                              0x30bab4b0   Data           4  infones_mapper.o(.data)
    Map114_Chr7                              0x30bab4b4   Data           4  infones_mapper.o(.data)
    Map114_IRQ_Enable                        0x30bab4b8   Data           1  infones_mapper.o(.data)
    Map114_IRQ_Cnt                           0x30bab4b9   Data           1  infones_mapper.o(.data)
    Map114_IRQ_Latch                         0x30bab4ba   Data           1  infones_mapper.o(.data)
    Map115_Reg                               0x30bab4bb   Data           8  infones_mapper.o(.data)
    Map115_Prg0                              0x30bab4c3   Data           1  infones_mapper.o(.data)
    Map115_Prg1                              0x30bab4c4   Data           1  infones_mapper.o(.data)
    Map115_Prg2                              0x30bab4c5   Data           1  infones_mapper.o(.data)
    Map115_Prg3                              0x30bab4c6   Data           1  infones_mapper.o(.data)
    Map115_Prg0L                             0x30bab4c7   Data           1  infones_mapper.o(.data)
    Map115_Prg1L                             0x30bab4c8   Data           1  infones_mapper.o(.data)
    Map115_Chr0                              0x30bab4c9   Data           1  infones_mapper.o(.data)
    Map115_Chr1                              0x30bab4ca   Data           1  infones_mapper.o(.data)
    Map115_Chr2                              0x30bab4cb   Data           1  infones_mapper.o(.data)
    Map115_Chr3                              0x30bab4cc   Data           1  infones_mapper.o(.data)
    Map115_Chr4                              0x30bab4cd   Data           1  infones_mapper.o(.data)
    Map115_Chr5                              0x30bab4ce   Data           1  infones_mapper.o(.data)
    Map115_Chr6                              0x30bab4cf   Data           1  infones_mapper.o(.data)
    Map115_Chr7                              0x30bab4d0   Data           1  infones_mapper.o(.data)
    Map115_IRQ_Enable                        0x30bab4d1   Data           1  infones_mapper.o(.data)
    Map115_IRQ_Counter                       0x30bab4d2   Data           1  infones_mapper.o(.data)
    Map115_IRQ_Latch                         0x30bab4d3   Data           1  infones_mapper.o(.data)
    Map115_ExPrgSwitch                       0x30bab4d4   Data           1  infones_mapper.o(.data)
    Map115_ExChrSwitch                       0x30bab4d5   Data           1  infones_mapper.o(.data)
    Map116_Reg                               0x30bab4d6   Data           8  infones_mapper.o(.data)
    Map116_Prg0                              0x30bab4de   Data           1  infones_mapper.o(.data)
    Map116_Prg1                              0x30bab4df   Data           1  infones_mapper.o(.data)
    Map116_Prg2                              0x30bab4e0   Data           1  infones_mapper.o(.data)
    Map116_Prg3                              0x30bab4e1   Data           1  infones_mapper.o(.data)
    Map116_Prg0L                             0x30bab4e2   Data           1  infones_mapper.o(.data)
    Map116_Prg1L                             0x30bab4e3   Data           1  infones_mapper.o(.data)
    Map116_Chr0                              0x30bab4e4   Data           1  infones_mapper.o(.data)
    Map116_Chr1                              0x30bab4e5   Data           1  infones_mapper.o(.data)
    Map116_Chr2                              0x30bab4e6   Data           1  infones_mapper.o(.data)
    Map116_Chr3                              0x30bab4e7   Data           1  infones_mapper.o(.data)
    Map116_Chr4                              0x30bab4e8   Data           1  infones_mapper.o(.data)
    Map116_Chr5                              0x30bab4e9   Data           1  infones_mapper.o(.data)
    Map116_Chr6                              0x30bab4ea   Data           1  infones_mapper.o(.data)
    Map116_Chr7                              0x30bab4eb   Data           1  infones_mapper.o(.data)
    Map116_IRQ_Enable                        0x30bab4ec   Data           1  infones_mapper.o(.data)
    Map116_IRQ_Counter                       0x30bab4ed   Data           1  infones_mapper.o(.data)
    Map116_IRQ_Latch                         0x30bab4ee   Data           1  infones_mapper.o(.data)
    Map116_ExPrgSwitch                       0x30bab4ef   Data           1  infones_mapper.o(.data)
    Map116_ExChrSwitch                       0x30bab4f0   Data           1  infones_mapper.o(.data)
    Map117_IRQ_Line                          0x30bab4f1   Data           1  infones_mapper.o(.data)
    Map117_IRQ_Enable1                       0x30bab4f2   Data           1  infones_mapper.o(.data)
    Map117_IRQ_Enable2                       0x30bab4f3   Data           1  infones_mapper.o(.data)
    Map118_Regs                              0x30bab4f4   Data           8  infones_mapper.o(.data)
    Map118_Prg0                              0x30bab4fc   Data           4  infones_mapper.o(.data)
    Map118_Prg1                              0x30bab500   Data           4  infones_mapper.o(.data)
    Map118_Chr0                              0x30bab504   Data           4  infones_mapper.o(.data)
    Map118_Chr1                              0x30bab508   Data           4  infones_mapper.o(.data)
    Map118_Chr2                              0x30bab50c   Data           4  infones_mapper.o(.data)
    Map118_Chr3                              0x30bab510   Data           4  infones_mapper.o(.data)
    Map118_Chr4                              0x30bab514   Data           4  infones_mapper.o(.data)
    Map118_Chr5                              0x30bab518   Data           4  infones_mapper.o(.data)
    Map118_Chr6                              0x30bab51c   Data           4  infones_mapper.o(.data)
    Map118_Chr7                              0x30bab520   Data           4  infones_mapper.o(.data)
    Map118_IRQ_Enable                        0x30bab524   Data           1  infones_mapper.o(.data)
    Map118_IRQ_Cnt                           0x30bab525   Data           1  infones_mapper.o(.data)
    Map118_IRQ_Latch                         0x30bab526   Data           1  infones_mapper.o(.data)
    Map119_Reg                               0x30bab527   Data           8  infones_mapper.o(.data)
    Map119_Prg0                              0x30bab52f   Data           1  infones_mapper.o(.data)
    Map119_Prg1                              0x30bab530   Data           1  infones_mapper.o(.data)
    Map119_Chr01                             0x30bab531   Data           1  infones_mapper.o(.data)
    Map119_Chr23                             0x30bab532   Data           1  infones_mapper.o(.data)
    Map119_Chr4                              0x30bab533   Data           1  infones_mapper.o(.data)
    Map119_Chr5                              0x30bab534   Data           1  infones_mapper.o(.data)
    Map119_Chr6                              0x30bab535   Data           1  infones_mapper.o(.data)
    Map119_Chr7                              0x30bab536   Data           1  infones_mapper.o(.data)
    Map119_WeSram                            0x30bab537   Data           1  infones_mapper.o(.data)
    Map119_IRQ_Enable                        0x30bab538   Data           1  infones_mapper.o(.data)
    Map119_IRQ_Counter                       0x30bab539   Data           1  infones_mapper.o(.data)
    Map119_IRQ_Latch                         0x30bab53a   Data           1  infones_mapper.o(.data)
    Map134_Cmd                               0x30bab53b   Data           1  infones_mapper.o(.data)
    Map134_Prg                               0x30bab53c   Data           1  infones_mapper.o(.data)
    Map134_Chr                               0x30bab53d   Data           1  infones_mapper.o(.data)
    Map135_Cmd                               0x30bab53e   Data           1  infones_mapper.o(.data)
    Map135_Chr0l                             0x30bab53f   Data           1  infones_mapper.o(.data)
    Map135_Chr1l                             0x30bab540   Data           1  infones_mapper.o(.data)
    Map135_Chr0h                             0x30bab541   Data           1  infones_mapper.o(.data)
    Map135_Chr1h                             0x30bab542   Data           1  infones_mapper.o(.data)
    Map135_Chrch                             0x30bab543   Data           1  infones_mapper.o(.data)
    Map160_IRQ_Enable                        0x30bab544   Data           1  infones_mapper.o(.data)
    Map160_IRQ_Cnt                           0x30bab545   Data           1  infones_mapper.o(.data)
    Map160_IRQ_Latch                         0x30bab546   Data           1  infones_mapper.o(.data)
    Map160_Refresh_Type                      0x30bab547   Data           1  infones_mapper.o(.data)
    Map182_Regs                              0x30bab548   Data           1  infones_mapper.o(.data)
    Map182_IRQ_Enable                        0x30bab549   Data           1  infones_mapper.o(.data)
    Map182_IRQ_Cnt                           0x30bab54a   Data           1  infones_mapper.o(.data)
    Map183_Reg                               0x30bab54b   Data           8  infones_mapper.o(.data)
    Map183_IRQ_Enable                        0x30bab553   Data           1  infones_mapper.o(.data)
    Map183_IRQ_Counter                       0x30bab554   Data           4  infones_mapper.o(.data)
    Map187_Prg                               0x30bab558   Data           4  infones_mapper.o(.data)
    Map187_Bank                              0x30bab55c   Data           8  infones_mapper.o(.data)
    Map187_ExtMode                           0x30bab564   Data           1  infones_mapper.o(.data)
    Map187_ChrMode                           0x30bab565   Data           1  infones_mapper.o(.data)
    Map187_ExtEnable                         0x30bab566   Data           1  infones_mapper.o(.data)
    Map187_IRQ_Enable                        0x30bab567   Data           1  infones_mapper.o(.data)
    Map187_IRQ_Counter                       0x30bab568   Data           1  infones_mapper.o(.data)
    Map187_IRQ_Latch                         0x30bab569   Data           1  infones_mapper.o(.data)
    Map187_IRQ_Occur                         0x30bab56a   Data           1  infones_mapper.o(.data)
    Map187_LastWrite                         0x30bab56b   Data           1  infones_mapper.o(.data)
    Map189_Regs                              0x30bab56c   Data           1  infones_mapper.o(.data)
    Map189_IRQ_Cnt                           0x30bab56d   Data           1  infones_mapper.o(.data)
    Map189_IRQ_Latch                         0x30bab56e   Data           1  infones_mapper.o(.data)
    Map189_IRQ_Enable                        0x30bab56f   Data           1  infones_mapper.o(.data)
    Map191_Reg                               0x30bab570   Data           8  infones_mapper.o(.data)
    Map191_Prg0                              0x30bab578   Data           1  infones_mapper.o(.data)
    Map191_Prg1                              0x30bab579   Data           1  infones_mapper.o(.data)
    Map191_Chr0                              0x30bab57a   Data           1  infones_mapper.o(.data)
    Map191_Chr1                              0x30bab57b   Data           1  infones_mapper.o(.data)
    Map191_Chr2                              0x30bab57c   Data           1  infones_mapper.o(.data)
    Map191_Chr3                              0x30bab57d   Data           1  infones_mapper.o(.data)
    Map191_Highbank                          0x30bab57e   Data           1  infones_mapper.o(.data)
    Map226_Reg                               0x30bab57f   Data           2  infones_mapper.o(.data)
    Map230_RomSw                             0x30bab581   Data           1  infones_mapper.o(.data)
    Map232_Regs                              0x30bab582   Data           2  infones_mapper.o(.data)
    Map234_Reg                               0x30bab584   Data           2  infones_mapper.o(.data)
    Map236_Bank                              0x30bab586   Data           1  infones_mapper.o(.data)
    Map236_Mode                              0x30bab587   Data           1  infones_mapper.o(.data)
    Map243_Regs                              0x30bab588   Data           4  infones_mapper.o(.data)
    Map245_Reg                               0x30bab58c   Data           8  infones_mapper.o(.data)
    Map245_Prg0                              0x30bab594   Data           1  infones_mapper.o(.data)
    Map245_Prg1                              0x30bab595   Data           1  infones_mapper.o(.data)
    Map245_Chr01                             0x30bab596   Data           1  infones_mapper.o(.data)
    Map245_Chr23                             0x30bab597   Data           1  infones_mapper.o(.data)
    Map245_Chr4                              0x30bab598   Data           1  infones_mapper.o(.data)
    Map245_Chr5                              0x30bab599   Data           1  infones_mapper.o(.data)
    Map245_Chr6                              0x30bab59a   Data           1  infones_mapper.o(.data)
    Map245_Chr7                              0x30bab59b   Data           1  infones_mapper.o(.data)
    Map245_WeSram                            0x30bab59c   Data           1  infones_mapper.o(.data)
    Map245_IRQ_Enable                        0x30bab59d   Data           1  infones_mapper.o(.data)
    Map245_IRQ_Counter                       0x30bab59e   Data           1  infones_mapper.o(.data)
    Map245_IRQ_Latch                         0x30bab59f   Data           1  infones_mapper.o(.data)
    Map245_IRQ_Request                       0x30bab5a0   Data           1  infones_mapper.o(.data)
    Map248_Reg                               0x30bab5a1   Data           8  infones_mapper.o(.data)
    Map248_Prg0                              0x30bab5a9   Data           1  infones_mapper.o(.data)
    Map248_Prg1                              0x30bab5aa   Data           1  infones_mapper.o(.data)
    Map248_Chr01                             0x30bab5ab   Data           1  infones_mapper.o(.data)
    Map248_Chr23                             0x30bab5ac   Data           1  infones_mapper.o(.data)
    Map248_Chr4                              0x30bab5ad   Data           1  infones_mapper.o(.data)
    Map248_Chr5                              0x30bab5ae   Data           1  infones_mapper.o(.data)
    Map248_Chr6                              0x30bab5af   Data           1  infones_mapper.o(.data)
    Map248_Chr7                              0x30bab5b0   Data           1  infones_mapper.o(.data)
    Map248_WeSram                            0x30bab5b1   Data           1  infones_mapper.o(.data)
    Map248_IRQ_Enable                        0x30bab5b2   Data           1  infones_mapper.o(.data)
    Map248_IRQ_Counter                       0x30bab5b3   Data           1  infones_mapper.o(.data)
    Map248_IRQ_Latch                         0x30bab5b4   Data           1  infones_mapper.o(.data)
    Map248_IRQ_Request                       0x30bab5b5   Data           1  infones_mapper.o(.data)
    Map249_Spdata                            0x30bab5b6   Data           1  infones_mapper.o(.data)
    Map249_Reg                               0x30bab5b7   Data           8  infones_mapper.o(.data)
    Map249_IRQ_Enable                        0x30bab5bf   Data           1  infones_mapper.o(.data)
    Map249_IRQ_Counter                       0x30bab5c0   Data           1  infones_mapper.o(.data)
    Map249_IRQ_Latch                         0x30bab5c1   Data           1  infones_mapper.o(.data)
    Map249_IRQ_Request                       0x30bab5c2   Data           1  infones_mapper.o(.data)
    Map251_Breg                              0x30bab5c3   Data           4  infones_mapper.o(.data)
    Map252_IRQ_Enable                        0x30bab5c7   Data           1  infones_mapper.o(.data)
    Map252_IRQ_Counter                       0x30bab5c8   Data           1  infones_mapper.o(.data)
    Map252_IRQ_Latch                         0x30bab5c9   Data           1  infones_mapper.o(.data)
    Map252_IRQ_Occur                         0x30bab5ca   Data           1  infones_mapper.o(.data)
    Map252_IRQ_Clock                         0x30bab5cc   Data           4  infones_mapper.o(.data)
    Map255_Reg                               0x30bab5d0   Data           4  infones_mapper.o(.data)
    PC                                       0x30bab5d4   Data           2  k6502.o(.data)
    SP                                       0x30bab5d6   Data           1  k6502.o(.data)
    F                                        0x30bab5d7   Data           1  k6502.o(.data)
    A                                        0x30bab5d8   Data           1  k6502.o(.data)
    X                                        0x30bab5d9   Data           1  k6502.o(.data)
    Y                                        0x30bab5da   Data           1  k6502.o(.data)
    IRQ_State                                0x30bab5db   Data           1  k6502.o(.data)
    IRQ_Wiring                               0x30bab5dc   Data           1  k6502.o(.data)
    NMI_State                                0x30bab5dd   Data           1  k6502.o(.data)
    NMI_Wiring                               0x30bab5de   Data           1  k6502.o(.data)
    g_wPassedClocks                          0x30bab5e0   Data           2  k6502.o(.data)
    Image$$RW_RAM1$$RW$$Limit                0x30bab5ee   Number         0  ff.o(.data)
    Image$$RW_RAM1$$ZI$$Base                 0x30bab5f0   Number         0  sd_mmc.o(.bss)
    SDCard                                   0x30bab5f0   Data          64  sd_mmc.o(.bss)
    cTxBuffer                                0x30bab630   Data         512  sd_mmc.o(.bss)
    cRxBuffer                                0x30bab830   Data         512  sd_mmc.o(.bss)
    LCD_BUFFER                               0x30babc7a   Data       261120  lcd_tft.o(.bss)
    buf                                      0x30beb87a   Data          10  2440lib.o(.bss)
    NesHeader                                0x30beb884   Data          16  infones_system.o(.bss)
    buffer                                   0x30beb894   Data       524288  infones_system.o(.bss)
    FS                                       0x30c6b894   Data         564  infones_system.o(.bss)
    menu0                                    0x30c6bac8   Data        5120  menu.o(.bss)
    RAM                                      0x30c6cec8   Data        2048  infones.o(.bss)
    SRAM                                     0x30c6d6c8   Data        8192  infones.o(.bss)
    VRAM                                     0x30c6f6c8   Data        2048  infones.o(.bss)
    PPUBANK                                  0x30c6fec8   Data          64  infones.o(.bss)
    SPRRAM                                   0x30c6ff08   Data         256  infones.o(.bss)
    PPU_ScanTable                            0x30c70008   Data         263  infones.o(.bss)
    WorkLine                                 0x30c70110   Data         512  infones.o(.bss)
    PalTable                                 0x30c70310   Data          64  infones.o(.bss)
    CRAM                                     0x30c70350   Data        8192  infones_mapper.o(.bss)
    Map18_Regs                               0x30c72350   Data          11  infones_mapper.o(.bss)
    Map21_Regs                               0x30c7235b   Data          10  infones_mapper.o(.bss)
    Map23_Regs                               0x30c72365   Data           9  infones_mapper.o(.bss)
    Map25_VBank                              0x30c7236e   Data          16  infones_mapper.o(.bss)
    Map45_P                                  0x30c72380   Data          16  infones_mapper.o(.bss)
    Map45_C                                  0x30c72390   Data          32  infones_mapper.o(.bss)
    Map185_Dummy_Chr_Rom                     0x30c723b0   Data        1024  infones_mapper.o(.bss)
    Map187_Chr                               0x30c727b0   Data          32  infones_mapper.o(.bss)
    Map251_Reg                               0x30c727d0   Data          11  infones_mapper.o(.bss)
    Map252_Reg                               0x30c727db   Data           9  infones_mapper.o(.bss)
    g_byTestTable                            0x30c727e4   Data         256  k6502.o(.bss)
    g_ASLTable                               0x30c728e4   Data         512  k6502.o(.bss)
    g_LSRTable                               0x30c72ae4   Data         512  k6502.o(.bss)
    g_ROLTable                               0x30c72ce4   Data        1024  k6502.o(.bss)
    g_RORTable                               0x30c730e4   Data        1024  k6502.o(.bss)
    Image$$RW_RAM1$$ZI$$Limit                0x30c736fc   Number         0  rt_errno_addr.o(.bss)



==============================================================================

Memory Map of the image

  Image Entry point : 0x30000000

  Load Region LR_ROM1 (Base: 0x30000000, Size: 0x00459bb8, Max: 0x00800000, ABSOLUTE)

    Execution Region ER_ROM1 (Base: 0x30000000, Size: 0x000ae5c8, Max: 0x00800000, ABSOLUTE)

    Base Addr    Size         Type   Attr      Idx    E Section Name        Object

    0x30000000   0x0000054c   Code   RO          329  * RESET               2440init.o
    0x3000054c   0x00000000   Code   RO          731    .ARM.Collect$$_printf_percent$$00000000  c_4.l(_printf_percent.o)
    0x3000054c   0x00000008   Code   RO          863    .ARM.Collect$$_printf_percent$$00000001  c_4.l(_printf_n.o)
    0x30000554   0x00000008   Code   RO          865    .ARM.Collect$$_printf_percent$$00000002  c_4.l(_printf_p.o)
    0x3000055c   0x00000008   Code   RO          870    .ARM.Collect$$_printf_percent$$00000003  c_4.l(_printf_f.o)
    0x30000564   0x00000008   Code   RO          871    .ARM.Collect$$_printf_percent$$00000004  c_4.l(_printf_e.o)
    0x3000056c   0x00000008   Code   RO          872    .ARM.Collect$$_printf_percent$$00000005  c_4.l(_printf_g.o)
    0x30000574   0x00000008   Code   RO          873    .ARM.Collect$$_printf_percent$$00000006  c_4.l(_printf_a.o)
    0x3000057c   0x0000000c   Code   RO          878    .ARM.Collect$$_printf_percent$$00000007  c_4.l(_printf_ll.o)
    0x30000588   0x00000008   Code   RO          867    .ARM.Collect$$_printf_percent$$00000008  c_4.l(_printf_i.o)
    0x30000590   0x00000008   Code   RO          868    .ARM.Collect$$_printf_percent$$00000009  c_4.l(_printf_d.o)
    0x30000598   0x00000008   Code   RO          869    .ARM.Collect$$_printf_percent$$0000000A  c_4.l(_printf_u.o)
    0x300005a0   0x00000008   Code   RO          866    .ARM.Collect$$_printf_percent$$0000000B  c_4.l(_printf_o.o)
    0x300005a8   0x00000008   Code   RO          864    .ARM.Collect$$_printf_percent$$0000000C  c_4.l(_printf_x.o)
    0x300005b0   0x00000008   Code   RO          875    .ARM.Collect$$_printf_percent$$0000000D  c_4.l(_printf_lli.o)
    0x300005b8   0x00000008   Code   RO          876    .ARM.Collect$$_printf_percent$$0000000E  c_4.l(_printf_lld.o)
    0x300005c0   0x00000008   Code   RO          877    .ARM.Collect$$_printf_percent$$0000000F  c_4.l(_printf_llu.o)
    0x300005c8   0x00000008   Code   RO          882    .ARM.Collect$$_printf_percent$$00000010  c_4.l(_printf_llo.o)
    0x300005d0   0x00000008   Code   RO          883    .ARM.Collect$$_printf_percent$$00000011  c_4.l(_printf_llx.o)
    0x300005d8   0x0000000c   Code   RO          879    .ARM.Collect$$_printf_percent$$00000012  c_4.l(_printf_l.o)
    0x300005e4   0x00000008   Code   RO          862    .ARM.Collect$$_printf_percent$$00000013  c_4.l(_printf_c.o)
    0x300005ec   0x00000008   Code   RO          730    .ARM.Collect$$_printf_percent$$00000014  c_4.l(_printf_s.o)
    0x300005f4   0x00000008   Code   RO          880    .ARM.Collect$$_printf_percent$$00000015  c_4.l(_printf_lc.o)
    0x300005fc   0x00000008   Code   RO          881    .ARM.Collect$$_printf_percent$$00000016  c_4.l(_printf_ls.o)
    0x30000604   0x00000008   Code   RO          874    .ARM.Collect$$_printf_percent$$00000017  c_4.l(_printf_percent_end.o)
    0x3000060c   0x00000000   Code   RO          932    .ARM.Collect$$libinit$$0000000F  c_4.l(libinit2.o)
    0x3000060c   0x00000000   Code   RO          936    .ARM.Collect$$libinit$$00000013  c_4.l(libinit2.o)
    0x3000060c   0x00000318   Code   RO          105    .text               nand.o
    0x30000924   0x00000a34   Code   RO          148    .text               main.o
    0x30001358   0x0000004c   Code   RO          828    .text               c_4.l(_printf_char.o)
    0x300013a4   0x00000090   Code   RO          710    .text               c_4.l(_printf_str.o)
    0x30001434   0x0000009c   Code   RO          816    .text               c_4.l(_printf_pad.o)
    0x300014d0   0x00000024   Code   RO          759    .text_udiv          c_4.l(aeabi_sdiv.o)
    0x300014f4   0x0000017c   Code   RO          758    .text               c_4.l(aeabi_sdiv.o)
    0x30001670   0x00003e48   Code   RO          656    .text               ff.o
    0x300054b8   0x000001b0   Code   RO          638    .text               diskio.o
    0x30005668   0x000015b0   Code   RO           38    .text               sd_mmc.o
    0x30006c18   0x00001368   Code   RO          294    .text               2440lib.o
    0x30007f80   0x00000058   Code   RO          791    x$fpl$dflt          fz_4s.l(dflt_noclz.o)
    0x30007fd8   0x00000000   Code   RO          899    x$fpl$usenofp       fz_4s.l(usenofp.o)
    0x30007fd8   0x000002d0   Code   RO          783    x$fpl$ddiv          fz_4s.l(ddiv.o)
    0x300082a8   0x00000010   Code   RO          891    x$fpl$dretinf       fz_4s.l(dretinf.o)
    0x300082b8   0x000000b8   Code   RO          889    x$fpl$dnaninf       fz_4s.l(dnaninf.o)
    0x30008370   0x00000154   Code   RO          776    x$fpl$dadd          fz_4s.l(daddsub_noclz.o)
    0x300084c4   0x0000023c   Code   RO          778    x$fpl$dsub          fz_4s.l(daddsub_noclz.o)
    0x30008700   0x00000070   Code   RO          786    x$fpl$dfix          fz_4s.l(dfix.o)
    0x30008770   0x0000003c   Code   RO          702    .text               c_4.l(c89vsprintf.o)
    0x300087ac   0x00000044   Code   RO          822    .text               c_4.l(_printf_charcount.o)
    0x300087f0   0x000000b4   Code   RO          820    .text               c_4.l(_printf_dec.o)
    0x300088a4   0x00000044   Code   RO          818    .text               c_4.l(_printf_truncate.o)
    0x300088e8   0x0000002c   Code   RO          919    .text               c_4.l(rtudiv10.o)
    0x30008914   0x00000128   Code   RO          907    .text               c_4.l(_printf_intcommon.o)
    0x30008a3c   0x00000004   Code   RO          897    x$fpl$printf1       fz_4s.l(printf1.o)
    0x30008a40   0x00000638   Code   RO          909    .text               c_4.l(_printf_fp_dec.o)
    0x30009078   0x00000044   Code   RO          992    locale$$code        c_4.l(lc_numeric_c.o)
    0x300090bc   0x000000a0   Code   RO          756    .text               c_4.l(strcmp.o)
    0x3000915c   0x00000140   Code   RO          966    .text               c_4.l(bigflt0.o)
    0x3000929c   0x00000030   Code   RO          972    CL$$btod_emul       c_4.l(btod.o)
    0x300092cc   0x00000264   Code   RO          978    CL$$btod_mult_common  c_4.l(btod.o)
    0x30009530   0x000000dc   Code   RO          976    CL$$btod_e2e        c_4.l(btod.o)
    0x3000960c   0x00000030   Code   RO          973    CL$$btod_ediv       c_4.l(btod.o)
    0x3000963c   0x00000348   Code   RO          979    CL$$btod_div_common  c_4.l(btod.o)
    0x30009984   0x00000038   Code   RO          969    CL$$btod_d2e        c_4.l(btod.o)
    0x300099bc   0x00000068   Code   RO          970    CL$$btod_d2e_norm_op1  c_4.l(btod.o)
    0x30009a24   0x00000054   Code   RO          971    CL$$btod_d2e_denorm_low  c_4.l(btod.o)
    0x30009a78   0x00000098   Code   RO          905    .text               c_4.l(lludiv10.o)
    0x30009b10   0x00000030   Code   RO         1002    i.__ARM_fpclassify  m_4s.l(fpclassify.o)
    0x30009b40   0x000000dc   Code   RO          962    .text               c_4.l(_printf_fp_infnan.o)
    0x30009c1c   0x0000000c   Code   RO          806    .text               c_4.l(rt_locale.o)
    0x30009c28   0x0000004c   Code   RO          913    .text               c_4.l(_printf_wchar.o)
    0x30009c74   0x00000140   Code   RO          830    .text               c_4.l(_printf_wctomb.o)
    0x30009db4   0x0000006c   Code   RO          917    .text               c_4.l(_wcrtomb.o)
    0x30009e20   0x00000014   Code   RO          700    .text               c_4.l(rt_ctype_table.o)
    0x30009e34   0x00000044   Code   RO          887    locale$$code        c_4.l(lc_ctype_c.o)
    0x30009e78   0x000000b4   Code   RO          833    .text               c_4.l(_printf_longlong_dec.o)
    0x30009f2c   0x000000b0   Code   RO          839    .text               c_4.l(_printf_oct_int_ll.o)
    0x30009fdc   0x000000f0   Code   RO          859    .text               c_4.l(_printf_hex_int_ll_ptr.o)
    0x3000a0cc   0x00000054   Code   RO          824    .text               c_4.l(_printf_char_common.o)
    0x3000a120   0x00000288   Code   RO          727    .text               c_4.l(__printf_flags_ss_wp.o)
    0x3000a3a8   0x00000010   Code   RO          826    .text               c_4.l(_sputc.o)
    0x3000a3b8   0x00000020   Code   RO          307    i.ClearSubPending   2440lib.o
    0x3000a3d8   0x00000030   Code   RO          233    i.ClearPending      keyscan.o
    0x3000a408   0x00000064   Code   RO          738    .text               c_4.l(strlen.o)
    0x3000a46c   0x0000002c   Code   RO          732    .text               c_4.l(atoi.o)
    0x3000a498   0x0000000c   Code   RO          811    .text               c_4.l(rt_errno_addr.o)
    0x3000a4a4   0x000000b8   Code   RO          884    .text               c_4.l(strtol.o)
    0x3000a55c   0x000000ec   Code   RO          915    .text               c_4.l(_strtoul.o)
    0x3000a648   0x00000020   Code   RO          964    .text               c_4.l(_chval.o)
    0x3000a668   0x000001b4   Code   RO          290    C$$code             2440slib.o
    0x3000a81c   0x0000013c   Code   RO          678    .text               cc936.o
    0x3000a958   0x00000044   Code   RO          704    .text               c_4.l(__2sprintf.o)
    0x3000a99c   0x00000044   Code   RO          734    .text               c_4.l(strstr.o)
    0x3000a9e0   0x00000010   Code   RO          748    .text               c_4.l(aeabi_memset.o)
    0x3000a9f0   0x00000040   Code   RO          750    .text               c_4.l(rt_memclr.o)
    0x3000aa30   0x00000054   Code   RO          752    .text               c_4.l(rt_memclr_w.o)
    0x3000aa84   0x0000006c   Code   RO          754    .text               c_4.l(strncpy.o)
    0x3000aaf0   0x0000067c   Code   RO          380    .text               touchpanel.o
    0x3000b16c   0x00000178   Code   RO          794    x$fpl$dmul          fz_4s.l(dmul.o)
    0x3000b2e4   0x0000029c   Code   RO          120    .text               mmu.o
    0x3000b580   0x00001004   Code   RO          200    .text               lcd_tft.o
    0x3000c584   0x00000bcc   Code   RO          395    .text               menu.o
    0x3000d150   0x00000064   Code   RO          744    .text               c_4.l(rt_memcpy_w.o)
    0x3000d1b4   0x00000588   Code   RO          333    .text               infones_system.o
    0x3000d73c   0x000000d4   Code   RO          742    .text               c_4.l(rt_memcpy.o)
    0x3000d810   0x000000b0   Code   RO          736    .text               c_4.l(memcmp.o)
    0x3000d8c0   0x000013dc   Code   RO          438    .text               infones.o
    0x3000ec9c   0x00008038   Code   RO          600    .text               k6502.o
    0x30016cd4   0x0000000c   Code   RO          740    .text               c_4.l(memcpy.o)
    0x30016ce0   0x0000001c   Code   RO          746    .text               c_4.l(memset.o)
    0x30016cfc   0x0002b744   Code   RO          480    .text               infones_mapper.o
    0x30042440   0x00000048   Data   RO          335    .constdata          infones_system.o
    0x30042488   0x00000226   Data   RO          397    .constdata          menu.o
    0x300426ae   0x00040e40   Data   RO          416    .constdata          font_libs.o
    0x300834ee   0x00000200   Data   RO          441    .constdata          infones.o
    0x300836ee   0x0000000d   Data   RO          658    .constdata          ff.o
    0x300836fb   0x00000001   PAD
    0x300836fc   0x0002acc8   Data   RO          679    .constdata          cc936.o
    0x300ae3c4   0x00000011   Data   RO          728    .constdata          c_4.l(__printf_flags_ss_wp.o)
    0x300ae3d5   0x00000003   PAD
    0x300ae3d8   0x00000008   Data   RO          831    .constdata          c_4.l(_printf_wctomb.o)
    0x300ae3e0   0x00000028   Data   RO          860    .constdata          c_4.l(_printf_hex_int_ll_ptr.o)
    0x300ae408   0x00000094   Data   RO          967    .constdata          c_4.l(bigflt0.o)
    0x300ae49c   0x00000110   Data   RO          886    locale$$data        c_4.l(lc_ctype_c.o)
    0x300ae5ac   0x0000001c   Data   RO          991    locale$$data        c_4.l(lc_numeric_c.o)


    Execution Region RW_RAM1 (Base: 0x30800000, Size: 0x004736fc, Max: 0x01000000, ABSOLUTE)

    Base Addr    Size         Type   Attr      Idx    E Section Name        Object

    0x30800000   0x00000254   Data   RW          150    .data               main.o
    0x30800254   0x00000003   Data   RW          202    .data               lcd_tft.o
    0x30800257   0x00000001   PAD
    0x30800258   0x0000000c   Data   RW          296    .data               2440lib.o
    0x30800264   0x00000090   Data   RW          336    .data               infones_system.o
    0x308002f4   0x003aa9f8   Data   RW          368    .data               picture.o
    0x30baacec   0x00000010   Data   RW          381    .data               touchpanel.o
    0x30baacfc   0x00000018   Data   RW          398    .data               menu.o
    0x30baad14   0x00000081   Data   RW          442    .data               infones.o
    0x30baad95   0x00000003   PAD
    0x30baad98   0x0000083c   Data   RW          483    .data               infones_mapper.o
    0x30bab5d4   0x0000000e   Data   RW          603    .data               k6502.o
    0x30bab5e2   0x00000002   PAD
    0x30bab5e4   0x00000004   Data   RW          639    .data               diskio.o
    0x30bab5e8   0x00000006   Data   RW          659    .data               ff.o
    0x30bab5ee   0x00000002   PAD
    0x30bab5f0   0x00000440   Zero   RW           39    .bss                sd_mmc.o
    0x30baba30   0x00000100   Zero   RW          149    .bss                main.o
    0x30babb30   0x0003fd4a   Zero   RW          201    .bss                lcd_tft.o
    0x30beb87a   0x0000000a   Zero   RW          295    .bss                2440lib.o
    0x30beb884   0x00080244   Zero   RW          334    .bss                infones_system.o
    0x30c6bac8   0x00001400   Zero   RW          396    .bss                menu.o
    0x30c6cec8   0x00003488   Zero   RW          440    .bss                infones.o
    0x30c70350   0x00002494   Zero   RW          482    .bss                infones_mapper.o
    0x30c727e4   0x00000d00   Zero   RW          602    .bss                k6502.o
    0x30c734e4   0x00000200   Zero   RW          657    .bss                ff.o
    0x30c736e4   0x00000014   Zero   RW          807    .bss                c_4.l(rt_locale.o)
    0x30c736f8   0x00000004   Zero   RW          812    .bss                c_4.l(rt_errno_addr.o)


==============================================================================

Image component sizes


      Code (inc. data)   RO Data    RW Data    ZI Data      Debug   Object Name

      1356        252          0          0          0        480   2440init.o
      5000        292          0         12         10       9523   2440lib.o
       436          0          0          0          0        356   2440slib.o
       316         20     175304          0          0       1497   cc936.o
       432          4          0          4          0       2710   diskio.o
     15944         68         13          6        512      27340   ff.o
         0          0     265792          0          0        318   font_libs.o
      5084        292        512        129      13448      12990   infones.o
    177988       4792          0       2108       9364     152370   infones_mapper.o
      1416        256         72        144     524868      13108   infones_system.o
     32824        412          0         14       3328      15121   k6502.o
        48          0          0          0          0        395   keyscan.o
      4100        232          0          3     261450       9899   lcd_tft.o
      2612        380          0        596        256       8119   main.o
      3020        268        550         24       5120       3780   menu.o
       668         48          0          0          0       1111   mmu.o
       792          0          0          0          0       1493   nand.o
         0          0          0    3844600          0       1894   picture.o
      5552        736          0          0       1088       9988   sd_mmc.o
      1660        116          0         16          0       1509   touchpanel.o
         0          0          0          0          0       2716   uda1341.o

    ----------------------------------------------------------------------
    259248       8168     442244    3847664     819444     276717   Object Totals
         0          0          0          0          0          0   (incl. Generated)
         0          0          1          8          0          0   (incl. Padding)

    ----------------------------------------------------------------------

      Code (inc. data)   RO Data    RW Data    ZI Data      Debug   Library Member Name

        68          4          0          0          0         84   __2sprintf.o
       648          4         17          0          0        108   __printf_flags_ss_wp.o
        32          0          0          0          0         68   _chval.o
         8          0          0          0          0          0   _printf_a.o
         8          0          0          0          0          0   _printf_c.o
        76          0          0          0          0        108   _printf_char.o
        84          4          0          0          0         96   _printf_char_common.o
        68          0          0          0          0         68   _printf_charcount.o
         8          0          0          0          0          0   _printf_d.o
       180         16          0          0          0        100   _printf_dec.o
         8          0          0          0          0          0   _printf_e.o
         8          0          0          0          0          0   _printf_f.o
      1592          4          0          0          0        240   _printf_fp_dec.o
       220         16          0          0          0         96   _printf_fp_infnan.o
         8          0          0          0          0          0   _printf_g.o
       240          8         40          0          0        156   _printf_hex_int_ll_ptr.o
         8          0          0          0          0          0   _printf_i.o
       296          0          0          0          0        100   _printf_intcommon.o
        12          0          0          0          0          0   _printf_l.o
         8          0          0          0          0          0   _printf_lc.o
        12          0          0          0          0          0   _printf_ll.o
         8          0          0          0          0          0   _printf_lld.o
         8          0          0          0          0          0   _printf_lli.o
         8          0          0          0          0          0   _printf_llo.o
         8          0          0          0          0          0   _printf_llu.o
         8          0          0          0          0          0   _printf_llx.o
       180         16          0          0          0        100   _printf_longlong_dec.o
         8          0          0          0          0          0   _printf_ls.o
         8          0          0          0          0          0   _printf_n.o
         8          0          0          0          0          0   _printf_o.o
       176          8          0          0          0        124   _printf_oct_int_ll.o
         8          0          0          0          0          0   _printf_p.o
       156          0          0          0          0        108   _printf_pad.o
         0          0          0          0          0          0   _printf_percent.o
         8          0          0          0          0          0   _printf_percent_end.o
         8          0          0          0          0          0   _printf_s.o
       144          0          0          0          0         80   _printf_str.o
        68          0          0          0          0         84   _printf_truncate.o
         8          0          0          0          0          0   _printf_u.o
        76          0          0          0          0        108   _printf_wchar.o
       320          4          8          0          0        108   _printf_wctomb.o
         8          0          0          0          0          0   _printf_x.o
        16          0          0          0          0         68   _sputc.o
       236          0          0          0          0        108   _strtoul.o
       108          0          0          0          0         88   _wcrtomb.o
        16          0          0          0          0         68   aeabi_memset.o
       416          0          0          0          0        144   aeabi_sdiv.o
        44          0          0          0          0         80   atoi.o
       320         12        148          0          0        108   bigflt0.o
      2012        128          0          0          0        672   btod.o
        60          4          0          0          0         76   c89vsprintf.o
        68          8        272          0          0         76   lc_ctype_c.o
        68          8         28          0          0         76   lc_numeric_c.o
         0          0          0          0          0          0   libinit2.o
       152          0          0          0          0         80   lludiv10.o
       176          0          0          0          0         68   memcmp.o
        12          0          0          0          0         76   memcpy.o
        28          0          0          0          0         76   memset.o
        20          4          0          0          0         76   rt_ctype_table.o
        12          4          0          0          4         68   rt_errno_addr.o
        12          4          0          0         20         68   rt_locale.o
        64          0          0          0          0         68   rt_memclr.o
        84          0          0          0          0         80   rt_memclr_w.o
       212          0          0          0          0         68   rt_memcpy.o
       100          0          0          0          0         80   rt_memcpy_w.o
        44          0          0          0          0         68   rtudiv10.o
       160          4          0          0          0         80   strcmp.o
       100          4          0          0          0         68   strlen.o
       108          4          0          0          0         76   strncpy.o
        68          0          0          0          0         76   strstr.o
       184          0          0          0          0        104   strtol.o
       912         16          0          0          0        280   daddsub_noclz.o
       720        140          0          0          0        212   ddiv.o
       112          4          0          0          0         92   dfix.o
        88          0          0          0          0         68   dflt_noclz.o
       376         16          0          0          0        104   dmul.o
       184          0          0          0          0         92   dnaninf.o
        16          0          0          0          0         68   dretinf.o
         4          0          0          0          0         68   printf1.o
         0          0          0          0          0          0   usenofp.o
        48          0          0          0          0         68   fpclassify.o

    ----------------------------------------------------------------------
     12176        444        516          0         24       5832   Library Totals
         0          0          3          0          0          0   (incl. Padding)

    ----------------------------------------------------------------------

      Code (inc. data)   RO Data    RW Data    ZI Data      Debug   Library Name

      9716        268        513          0         24       4780   c_4.l
      2412        176          0          0          0        984   fz_4s.l
        48          0          0          0          0         68   m_4s.l

    ----------------------------------------------------------------------
     12176        444        516          0         24       5832   Library Totals

    ----------------------------------------------------------------------

==============================================================================


      Code (inc. data)   RO Data    RW Data    ZI Data      Debug   

    271424       8612     442760    3847664     819468     277505   Grand Totals
    271424       8612     442760    3847664     819468     277505   ELF Image Totals
    271424       8612     442760    3847664          0          0   ROM Totals

==============================================================================

    Total RO  Size (Code + RO Data)               714184 ( 697.45kB)
    Total RW  Size (RW Data + ZI Data)           4667132 (4557.75kB)
    Total ROM Size (Code + RO Data + RW Data)    4561848 (4454.93kB)

==============================================================================

